Archive member included to satisfy reference by file (symbol)

../Middlewares/Third_Party/ARM_CMSIS/CMSIS/DSP/Lib/GCC\libarm_cortexM4lf_math.a(arm_mat_trans_f32.o)
                              ./Core/Src/main.o (arm_mat_trans_f32)
../Middlewares/Third_Party/ARM_CMSIS/CMSIS/DSP/Lib/GCC\libarm_cortexM4lf_math.a(arm_mat_sub_f32.o)
                              ./Core/Src/main.o (arm_mat_sub_f32)
../Middlewares/Third_Party/ARM_CMSIS/CMSIS/DSP/Lib/GCC\libarm_cortexM4lf_math.a(arm_mat_mult_f32.o)
                              ./Core/Src/main.o (arm_mat_mult_f32)
../Middlewares/Third_Party/ARM_CMSIS/CMSIS/DSP/Lib/GCC\libarm_cortexM4lf_math.a(arm_mat_init_f32.o)
                              ./Core/Src/main.o (arm_mat_init_f32)
../Middlewares/Third_Party/ARM_CMSIS/CMSIS/DSP/Lib/GCC\libarm_cortexM4lf_math.a(arm_mat_add_f32.o)
                              ./Core/Src/main.o (arm_mat_add_f32)
c:/st/stm32cubeide_1.9.0/stm32cubeide/plugins/com.st.stm32cube.ide.mcu.externaltools.gnu-tools-for-stm32.10.3-2021.10.win32_1.0.0.202111181127/tools/bin/../lib/gcc/arm-none-eabi/10.3.1/../../../../arm-none-eabi/lib/thumb/v7e-m+fp/hard\libc_nano.a(lib_a-errno.o)
                              ./Core/Src/syscalls.o (__errno)
c:/st/stm32cubeide_1.9.0/stm32cubeide/plugins/com.st.stm32cube.ide.mcu.externaltools.gnu-tools-for-stm32.10.3-2021.10.win32_1.0.0.202111181127/tools/bin/../lib/gcc/arm-none-eabi/10.3.1/../../../../arm-none-eabi/lib/thumb/v7e-m+fp/hard\libc_nano.a(lib_a-exit.o)
                              c:/st/stm32cubeide_1.9.0/stm32cubeide/plugins/com.st.stm32cube.ide.mcu.externaltools.gnu-tools-for-stm32.10.3-2021.10.win32_1.0.0.202111181127/tools/bin/../lib/gcc/arm-none-eabi/10.3.1/../../../../arm-none-eabi/lib/thumb/v7e-m+fp/hard/crt0.o (exit)
c:/st/stm32cubeide_1.9.0/stm32cubeide/plugins/com.st.stm32cube.ide.mcu.externaltools.gnu-tools-for-stm32.10.3-2021.10.win32_1.0.0.202111181127/tools/bin/../lib/gcc/arm-none-eabi/10.3.1/../../../../arm-none-eabi/lib/thumb/v7e-m+fp/hard\libc_nano.a(lib_a-impure.o)
                              c:/st/stm32cubeide_1.9.0/stm32cubeide/plugins/com.st.stm32cube.ide.mcu.externaltools.gnu-tools-for-stm32.10.3-2021.10.win32_1.0.0.202111181127/tools/bin/../lib/gcc/arm-none-eabi/10.3.1/../../../../arm-none-eabi/lib/thumb/v7e-m+fp/hard\libc_nano.a(lib_a-exit.o) (_global_impure_ptr)
c:/st/stm32cubeide_1.9.0/stm32cubeide/plugins/com.st.stm32cube.ide.mcu.externaltools.gnu-tools-for-stm32.10.3-2021.10.win32_1.0.0.202111181127/tools/bin/../lib/gcc/arm-none-eabi/10.3.1/../../../../arm-none-eabi/lib/thumb/v7e-m+fp/hard\libc_nano.a(lib_a-init.o)
                              c:/st/stm32cubeide_1.9.0/stm32cubeide/plugins/com.st.stm32cube.ide.mcu.externaltools.gnu-tools-for-stm32.10.3-2021.10.win32_1.0.0.202111181127/tools/bin/../lib/gcc/arm-none-eabi/10.3.1/../../../../arm-none-eabi/lib/thumb/v7e-m+fp/hard/crt0.o (__libc_init_array)
c:/st/stm32cubeide_1.9.0/stm32cubeide/plugins/com.st.stm32cube.ide.mcu.externaltools.gnu-tools-for-stm32.10.3-2021.10.win32_1.0.0.202111181127/tools/bin/../lib/gcc/arm-none-eabi/10.3.1/../../../../arm-none-eabi/lib/thumb/v7e-m+fp/hard\libc_nano.a(lib_a-memset.o)
                              c:/st/stm32cubeide_1.9.0/stm32cubeide/plugins/com.st.stm32cube.ide.mcu.externaltools.gnu-tools-for-stm32.10.3-2021.10.win32_1.0.0.202111181127/tools/bin/../lib/gcc/arm-none-eabi/10.3.1/../../../../arm-none-eabi/lib/thumb/v7e-m+fp/hard/crt0.o (memset)
c:/st/stm32cubeide_1.9.0/stm32cubeide/plugins/com.st.stm32cube.ide.mcu.externaltools.gnu-tools-for-stm32.10.3-2021.10.win32_1.0.0.202111181127/tools/bin/../lib/gcc/arm-none-eabi/10.3.1/../../../../arm-none-eabi/lib/thumb/v7e-m+fp/hard\libm.a(lib_a-s_ceil.o)
                              ./Core/Src/main.o (ceil)
c:/st/stm32cubeide_1.9.0/stm32cubeide/plugins/com.st.stm32cube.ide.mcu.externaltools.gnu-tools-for-stm32.10.3-2021.10.win32_1.0.0.202111181127/tools/bin/../lib/gcc/arm-none-eabi/10.3.1/../../../../arm-none-eabi/lib/thumb/v7e-m+fp/hard\libm.a(lib_a-w_pow.o)
                              ./Core/Src/main.o (pow)
c:/st/stm32cubeide_1.9.0/stm32cubeide/plugins/com.st.stm32cube.ide.mcu.externaltools.gnu-tools-for-stm32.10.3-2021.10.win32_1.0.0.202111181127/tools/bin/../lib/gcc/arm-none-eabi/10.3.1/../../../../arm-none-eabi/lib/thumb/v7e-m+fp/hard\libm.a(lib_a-w_sqrt.o)
                              ./Core/Src/main.o (sqrt)
c:/st/stm32cubeide_1.9.0/stm32cubeide/plugins/com.st.stm32cube.ide.mcu.externaltools.gnu-tools-for-stm32.10.3-2021.10.win32_1.0.0.202111181127/tools/bin/../lib/gcc/arm-none-eabi/10.3.1/../../../../arm-none-eabi/lib/thumb/v7e-m+fp/hard\libm.a(lib_a-e_pow.o)
                              c:/st/stm32cubeide_1.9.0/stm32cubeide/plugins/com.st.stm32cube.ide.mcu.externaltools.gnu-tools-for-stm32.10.3-2021.10.win32_1.0.0.202111181127/tools/bin/../lib/gcc/arm-none-eabi/10.3.1/../../../../arm-none-eabi/lib/thumb/v7e-m+fp/hard\libm.a(lib_a-w_pow.o) (__ieee754_pow)
[...]
Memory Configuration

Name             Origin             Length             Attributes
RAM              0x0000000020000000 0x0000000000020000 xrw
FLASH            0x0000000008000000 0x0000000000080000 xr
*default*        0x0000000000000000 0xffffffffffffffff

Linker script and memory map

LOAD c:/st/stm32cubeide_1.9.0/stm32cubeide/plugins/com.st.stm32cube.ide.mcu.externaltools.gnu-tools-for-stm32.10.3-2021.10.win32_1.0.0.202111181127/tools/bin/../lib/gcc/arm-none-eabi/10.3.1/thumb/v7e-m+fp/hard/crti.o
LOAD c:/st/stm32cubeide_1.9.0/stm32cubeide/plugins/com.st.stm32cube.ide.mcu.externaltools.gnu-tools-for-stm32.10.3-2021.10.win32_1.0.0.202111181127/tools/bin/../lib/gcc/arm-none-eabi/10.3.1/thumb/v7e-m+fp/hard/crtbegin.o
LOAD c:/st/stm32cubeide_1.9.0/stm32cubeide/plugins/com.st.stm32cube.ide.mcu.externaltools.gnu-tools-for-stm32.10.3-2021.10.win32_1.0.0.202111181127/tools/bin/../lib/gcc/arm-none-eabi/10.3.1/../../../../arm-none-eabi/lib/thumb/v7e-m+fp/hard/crt0.o
LOAD ./Core/Src/main.o
LOAD ./Core/Src/stm32f4xx_hal_msp.o
LOAD ./Core/Src/stm32f4xx_it.o
LOAD ./Core/Src/syscalls.o
LOAD ./Core/Src/sysmem.o
LOAD ./Core/Src/system_stm32f4xx.o
LOAD ./Core/Startup/startup_stm32f411retx.o
LOAD ./Drivers/STM32F4xx_HAL_Driver/Src/stm32f4xx_hal.o
LOAD ./Drivers/STM32F4xx_HAL_Driver/Src/stm32f4xx_hal_cortex.o
LOAD ./Drivers/STM32F4xx_HAL_Driver/Src/stm32f4xx_hal_dma.o
LOAD ./Drivers/STM32F4xx_HAL_Driver/Src/stm32f4xx_hal_dma_ex.o
LOAD ./Drivers/STM32F4xx_HAL_Driver/Src/stm32f4xx_hal_exti.o
LOAD ./Drivers/STM32F4xx_HAL_Driver/Src/stm32f4xx_hal_flash.o
LOAD ./Drivers/STM32F4xx_HAL_Driver/Src/stm32f4xx_hal_flash_ex.o
LOAD ./Drivers/STM32F4xx_HAL_Driver/Src/stm32f4xx_hal_flash_ramfunc.o
LOAD ./Drivers/STM32F4xx_HAL_Driver/Src/stm32f4xx_hal_gpio.o
LOAD ./Drivers/STM32F4xx_HAL_Driver/Src/stm32f4xx_hal_i2c.o
LOAD ./Drivers/STM32F4xx_HAL_Driver/Src/stm32f4xx_hal_i2c_ex.o
LOAD ./Drivers/STM32F4xx_HAL_Driver/Src/stm32f4xx_hal_pwr.o
LOAD ./Drivers/STM32F4xx_HAL_Driver/Src/stm32f4xx_hal_pwr_ex.o
LOAD ./Drivers/STM32F4xx_HAL_Driver/Src/stm32f4xx_hal_rcc.o
LOAD ./Drivers/STM32F4xx_HAL_Driver/Src/stm32f4xx_hal_rcc_ex.o
LOAD ./Drivers/STM32F4xx_HAL_Driver/Src/stm32f4xx_hal_tim.o
LOAD ./Drivers/STM32F4xx_HAL_Driver/Src/stm32f4xx_hal_tim_ex.o
LOAD ./Drivers/STM32F4xx_HAL_Driver/Src/stm32f4xx_hal_uart.o
LOAD ../Middlewares/Third_Party/ARM_CMSIS/CMSIS/DSP/Lib/GCC\libarm_cortexM4lf_math.a
START GROUP
LOAD c:/st/stm32cubeide_1.9.0/stm32cubeide/plugins/com.st.stm32cube.ide.mcu.externaltools.gnu-tools-for-stm32.10.3-2021.10.win32_1.0.0.202111181127/tools/bin/../lib/gcc/arm-none-eabi/10.3.1/../../../../arm-none-eabi/lib/thumb/v7e-m+fp/hard\libc_nano.a
LOAD c:/st/stm32cubeide_1.9.0/stm32cubeide/plugins/com.st.stm32cube.ide.mcu.externaltools.gnu-tools-for-stm32.10.3-2021.10.win32_1.0.0.202111181127/tools/bin/../lib/gcc/arm-none-eabi/10.3.1/../../../../arm-none-eabi/lib/thumb/v7e-m+fp/hard\libm.a
END GROUP
START GROUP
LOAD c:/st/stm32cubeide_1.9.0/stm32cubeide/plugins/com.st.stm32cube.ide.mcu.externaltools.gnu-tools-for-stm32.10.3-2021.10.win32_1.0.0.202111181127/tools/bin/../lib/gcc/arm-none-eabi/10.3.1/thumb/v7e-m+fp/hard\libgcc.a
LOAD c:/st/stm32cubeide_1.9.0/stm32cubeide/plugins/com.st.stm32cube.ide.mcu.externaltools.gnu-tools-for-stm32.10.3-2021.10.win32_1.0.0.202111181127/tools/bin/../lib/gcc/arm-none-eabi/10.3.1/../../../../arm-none-eabi/lib/thumb/v7e-m+fp/hard\libc_nano.a
END GROUP
START GROUP
LOAD c:/st/stm32cubeide_1.9.0/stm32cubeide/plugins/com.st.stm32cube.ide.mcu.externaltools.gnu-tools-for-stm32.10.3-2021.10.win32_1.0.0.202111181127/tools/bin/../lib/gcc/arm-none-eabi/10.3.1/thumb/v7e-m+fp/hard\libgcc.a
LOAD c:/st/stm32cubeide_1.9.0/stm32cubeide/plugins/com.st.stm32cube.ide.mcu.externaltools.gnu-tools-for-stm32.10.3-2021.10.win32_1.0.0.202111181127/tools/bin/../lib/gcc/arm-none-eabi/10.3.1/../../../../arm-none-eabi/lib/thumb/v7e-m+fp/hard\libc_nano.a
LOAD c:/st/stm32cubeide_1.9.0/stm32cubeide/plugins/com.st.stm32cube.ide.mcu.externaltools.gnu-tools-for-stm32.10.3-2021.10.win32_1.0.0.202111181127/tools/bin/../lib/gcc/arm-none-eabi/10.3.1/../../../../arm-none-eabi/lib/thumb/v7e-m+fp/hard\libnosys.a
END GROUP
START GROUP
LOAD c:/st/stm32cubeide_1.9.0/stm32cubeide/plugins/com.st.stm32cube.ide.mcu.externaltools.gnu-tools-for-stm32.10.3-2021.10.win32_1.0.0.202111181127/tools/bin/../lib/gcc/arm-none-eabi/10.3.1/thumb/v7e-m+fp/hard\libgcc.a
LOAD c:/st/stm32cubeide_1.9.0/stm32cubeide/plugins/com.st.stm32cube.ide.mcu.externaltools.gnu-tools-for-stm32.10.3-2021.10.win32_1.0.0.202111181127/tools/bin/../lib/gcc/arm-none-eabi/10.3.1/../../../../arm-none-eabi/lib/thumb/v7e-m+fp/hard\libc_nano.a
LOAD c:/st/stm32cubeide_1.9.0/stm32cubeide/plugins/com.st.stm32cube.ide.mcu.externaltools.gnu-tools-for-stm32.10.3-2021.10.win32_1.0.0.202111181127/tools/bin/../lib/gcc/arm-none-eabi/10.3.1/../../../../arm-none-eabi/lib/thumb/v7e-m+fp/hard\libnosys.a
END GROUP
LOAD c:/st/stm32cubeide_1.9.0/stm32cubeide/plugins/com.st.stm32cube.ide.mcu.externaltools.gnu-tools-for-stm32.10.3-2021.10.win32_1.0.0.202111181127/tools/bin/../lib/gcc/arm-none-eabi/10.3.1/thumb/v7e-m+fp/hard/crtend.o
LOAD c:/st/stm32cubeide_1.9.0/stm32cubeide/plugins/com.st.stm32cube.ide.mcu.externaltools.gnu-tools-for-stm32.10.3-2021.10.win32_1.0.0.202111181127/tools/bin/../lib/gcc/arm-none-eabi/10.3.1/thumb/v7e-m+fp/hard/crtn.o
                0x0000000020020000                _estack = (ORIGIN (RAM) + LENGTH (RAM))
                0x0000000000000200                _Min_Heap_Size = 0x200
                0x0000000000000400                _Min_Stack_Size = 0x400

.isr_vector     0x0000000008000000      0x198
                0x0000000008000000                . = ALIGN (0x4)
 *(.isr_vector)
 .isr_vector    0x0000000008000000      0x198 ./Core/Startup/startup_stm32f411retx.o
                0x0000000008000000                g_pfnVectors
                0x0000000008000198                . = ALIGN (0x4)

.text           0x0000000008000198     0xd05c
                0x0000000008000198                . = ALIGN (0x4)
 *(.text)
 .text          0x0000000008000198       0x40 c:/st/stm32cubeide_1.9.0/stm32cubeide/plugins/com.st.stm32cube.ide.mcu.externaltools.gnu-tools-for-stm32.10.3-2021.10.win32_1.0.0.202111181127/tools/bin/../lib/gcc/arm-none-eabi/10.3.1/thumb/v7e-m+fp/hard/crtbegin.o
 .text          0x00000000080001d8      0x378 c:/st/stm32cubeide_1.9.0/stm32cubeide/plugins/com.st.stm32cube.ide.mcu.externaltools.gnu-tools-for-stm32.10.3-2021.10.win32_1.0.0.202111181127/tools/bin/../lib/gcc/arm-none-eabi/10.3.1/thumb/v7e-m+fp/hard\libgcc.a(_arm_addsubdf3.o)
                0x00000000080001d8                __aeabi_drsub
                0x00000000080001e0                __aeabi_dsub
                0x00000000080001e0                __subdf3
                0x00000000080001e4                __aeabi_dadd
                0x00000000080001e4                __adddf3
                0x000000000800045c                __floatunsidf
                0x000000000800045c                __aeabi_ui2d
                0x000000000800047c                __floatsidf
                0x000000000800047c                __aeabi_i2d
                0x00000000080004a0                __aeabi_f2d
                0x00000000080004a0                __extendsfdf2
                0x00000000080004e4                __floatundidf
                0x00000000080004e4                __aeabi_ul2d
                0x00000000080004f4                __floatdidf
                0x00000000080004f4                __aeabi_l2d
 .text          0x0000000008000550      0x424 c:/st/stm32cubeide_1.9.0/stm32cubeide/plugins/com.st.stm32cube.ide.mcu.externaltools.gnu-tools-for-stm32.10.3-2021.10.win32_1.0.0.202111181127/tools/bin/../lib/gcc/arm-none-eabi/10.3.1/thumb/v7e-m+fp/hard\libgcc.a(_arm_muldivdf3.o)
                0x0000000008000550                __aeabi_dmul
                0x0000000008000550                __muldf3
                0x00000000080007a4                __divdf3
                0x00000000080007a4                __aeabi_ddiv
 .text          0x0000000008000974      0x110 c:/st/stm32cubeide_1.9.0/stm32cubeide/plugins/com.st.stm32cube.ide.mcu.externaltools.gnu-tools-for-stm32.10.3-2021.10.win32_1.0.0.202111181127/tools/bin/../lib/gcc/arm-none-eabi/10.3.1/thumb/v7e-m+fp/hard\libgcc.a(_arm_cmpdf2.o)
                0x0000000008000974                __gtdf2
                0x0000000008000974                __gedf2
                0x000000000800097c                __ltdf2
                0x000000000800097c                __ledf2
                0x0000000008000984                __nedf2
                0x0000000008000984                __eqdf2
                0x0000000008000984                __cmpdf2
                0x0000000008000a00                __aeabi_cdrcmple
                0x0000000008000a10                __aeabi_cdcmpeq
                0x0000000008000a10                __aeabi_cdcmple
                0x0000000008000a20                __aeabi_dcmpeq
                0x0000000008000a34                __aeabi_dcmplt
                0x0000000008000a48                __aeabi_dcmple
                0x0000000008000a5c                __aeabi_dcmpge
                0x0000000008000a70                __aeabi_dcmpgt
 .text          0x0000000008000a84       0x2c c:/st/stm32cubeide_1.9.0/stm32cubeide/plugins/com.st.stm32cube.ide.mcu.externaltools.gnu-tools-for-stm32.10.3-2021.10.win32_1.0.0.202111181127/tools/bin/../lib/gcc/arm-none-eabi/10.3.1/thumb/v7e-m+fp/hard\libgcc.a(_arm_unorddf2.o)
                0x0000000008000a84                __unorddf2
                0x0000000008000a84                __aeabi_dcmpun
 .text          0x0000000008000ab0       0x40 c:/st/stm32cubeide_1.9.0/stm32cubeide/plugins/com.st.stm32cube.ide.mcu.externaltools.gnu-tools-for-stm32.10.3-2021.10.win32_1.0.0.202111181127/tools/bin/../lib/gcc/arm-none-eabi/10.3.1/thumb/v7e-m+fp/hard\libgcc.a(_arm_fixunsdfsi.o)
                0x0000000008000ab0                __aeabi_d2uiz
                0x0000000008000ab0                __fixunsdfsi
 .text          0x0000000008000af0       0xa0 c:/st/stm32cubeide_1.9.0/stm32cubeide/plugins/com.st.stm32cube.ide.mcu.externaltools.gnu-tools-for-stm32.10.3-2021.10.win32_1.0.0.202111181127/tools/bin/../lib/gcc/arm-none-eabi/10.3.1/thumb/v7e-m+fp/hard\libgcc.a(_arm_truncdfsf2.o)
                0x0000000008000af0                __truncdfsf2
                0x0000000008000af0                __aeabi_d2f
 .text          0x0000000008000b90       0x30 c:/st/stm32cubeide_1.9.0/stm32cubeide/plugins/com.st.stm32cube.ide.mcu.externaltools.gnu-tools-for-stm32.10.3-2021.10.win32_1.0.0.202111181127/tools/bin/../lib/gcc/arm-none-eabi/10.3.1/thumb/v7e-m+fp/hard\libgcc.a(_aeabi_uldivmod.o)
                0x0000000008000b90                __aeabi_uldivmod
 .text          0x0000000008000bc0      0x2d0 c:/st/stm32cubeide_1.9.0/stm32cubeide/plugins/com.st.stm32cube.ide.mcu.externaltools.gnu-tools-for-stm32.10.3-2021.10.win32_1.0.0.202111181127/tools/bin/../lib/gcc/arm-none-eabi/10.3.1/thumb/v7e-m+fp/hard\libgcc.a(_udivmoddi4.o)
                0x0000000008000bc0                __udivmoddi4
 .text          0x0000000008000e90        0x4 c:/st/stm32cubeide_1.9.0/stm32cubeide/plugins/com.st.stm32cube.ide.mcu.externaltools.gnu-tools-for-stm32.10.3-2021.10.win32_1.0.0.202111181127/tools/bin/../lib/gcc/arm-none-eabi/10.3.1/thumb/v7e-m+fp/hard\libgcc.a(_dvmd_tls.o)
                0x0000000008000e90                __aeabi_idiv0
                0x0000000008000e90                __aeabi_ldiv0
 *(.text*)
 *fill*         0x0000000008000e94        0x4 
 .text.main     0x0000000008000e98      0x2a8 ./Core/Src/main.o
                0x0000000008000e98                main
 .text.SystemClock_Config
                0x0000000008001140       0xd0 ./Core/Src/main.o
                0x0000000008001140                SystemClock_Config
 .text.MX_I2C1_Init
                0x0000000008001210       0x5c ./Core/Src/main.o
 .text.MX_TIM1_Init
                0x000000000800126c      0x140 ./Core/Src/main.o
 .text.MX_TIM3_Init
                0x00000000080013ac       0xa8 ./Core/Src/main.o
 .text.MX_TIM4_Init
                0x0000000008001454       0x9c ./Core/Src/main.o
 .text.MX_TIM11_Init
                0x00000000080014f0       0x48 ./Core/Src/main.o
 .text.MX_USART2_UART_Init
                0x0000000008001538       0x58 ./Core/Src/main.o
 .text.MX_DMA_Init
                0x0000000008001590       0x50 ./Core/Src/main.o
 .text.MX_GPIO_Init
                0x00000000080015e0      0x18c ./Core/Src/main.o
 *fill*         0x000000000800176c        0x4 
 .text.RunMotor
                0x0000000008001770       0x88 ./Core/Src/main.o
                0x0000000008001770                RunMotor
 .text.ReadEncoder
                0x00000000080017f8      0x124 ./Core/Src/main.o
                0x00000000080017f8                ReadEncoder
 .text.BackwardDifference
                0x000000000800191c       0x40 ./Core/Src/main.o
                0x000000000800191c                BackwardDifference
 .text.SetHome  0x000000000800195c       0x94 ./Core/Src/main.o
                0x000000000800195c                SetHome
 .text.HAL_GPIO_EXTI_Callback
                0x00000000080019f0      0x114 ./Core/Src/main.o
                0x00000000080019f0                HAL_GPIO_EXTI_Callback
 .text.micros   0x0000000008001b04       0x34 ./Core/Src/main.o
                0x0000000008001b04                micros
 .text.HAL_TIM_PeriodElapsedCallback
                0x0000000008001b38      0x144 ./Core/Src/main.o
                0x0000000008001b38                HAL_TIM_PeriodElapsedCallback
 .text.setmatrix
                0x0000000008001c7c      0x248 ./Core/Src/main.o
                0x0000000008001c7c                setmatrix
 .text.prediction
                0x0000000008001ec4       0xe8 ./Core/Src/main.o
                0x0000000008001ec4                prediction
 .text.update   0x0000000008001fac      0x180 ./Core/Src/main.o
                0x0000000008001fac                update
 .text.kalmanfilter
                0x000000000800212c       0x44 ./Core/Src/main.o
                0x000000000800212c                kalmanfilter
 .text.TrajectoryGenerator
                0x0000000008002170     0x1204 ./Core/Src/main.o
                0x0000000008002170                TrajectoryGenerator
 *fill*         0x0000000008003374        0x4 
 .text.TrajectoryEvaluation
                0x0000000008003378      0xc7c ./Core/Src/main.o
                0x0000000008003378                TrajectoryEvaluation
 .text.PositionController
                0x0000000008003ff4       0xb8 ./Core/Src/main.o
                0x0000000008003ff4                PositionController
 .text.VelocityController
                0x00000000080040ac      0x144 ./Core/Src/main.o
                0x00000000080040ac                VelocityController
 .text.Cascade  0x00000000080041f0       0xac ./Core/Src/main.o
                0x00000000080041f0                Cascade
 .text.negative
                0x000000000800429c       0x38 ./Core/Src/main.o
                0x000000000800429c                negative
 .text.positive
                0x00000000080042d4       0x38 ./Core/Src/main.o
                0x00000000080042d4                positive
 .text.limit    0x000000000800430c       0x60 ./Core/Src/main.o
                0x000000000800430c                limit
 *fill*         0x000000000800436c        0x4 
 .text.UART     0x0000000008004370      0xbdc ./Core/Src/main.o
                0x0000000008004370                UART
 .text.OpenEndEffector
                0x0000000008004f4c      0x10c ./Core/Src/main.o
                0x0000000008004f4c                OpenEndEffector
 .text.CheckEndEffector
                0x0000000008005058       0x44 ./Core/Src/main.o
                0x0000000008005058                CheckEndEffector
 *fill*         0x000000000800509c        0x4 
 .text.TransferFunction
                0x00000000080050a0      0x160 ./Core/Src/main.o
                0x00000000080050a0                TransferFunction
 .text.Error_Handler
                0x0000000008005200        0xa ./Core/Src/main.o
                0x0000000008005200                Error_Handler
 *fill*         0x000000000800520a        0x2 
 .text.HAL_MspInit
                0x000000000800520c       0x50 ./Core/Src/stm32f4xx_hal_msp.o
                0x000000000800520c                HAL_MspInit
 .text.HAL_I2C_MspInit
                0x000000000800525c       0xb0 ./Core/Src/stm32f4xx_hal_msp.o
                0x000000000800525c                HAL_I2C_MspInit
 .text.HAL_TIM_Base_MspInit
                0x000000000800530c       0xc8 ./Core/Src/stm32f4xx_hal_msp.o
                0x000000000800530c                HAL_TIM_Base_MspInit
 .text.HAL_TIM_Encoder_MspInit
                0x00000000080053d4       0x90 ./Core/Src/stm32f4xx_hal_msp.o
                0x00000000080053d4                HAL_TIM_Encoder_MspInit
 .text.HAL_TIM_MspPostInit
                0x0000000008005464       0x74 ./Core/Src/stm32f4xx_hal_msp.o
                0x0000000008005464                HAL_TIM_MspPostInit
 .text.HAL_UART_MspInit
                0x00000000080054d8      0x16c ./Core/Src/stm32f4xx_hal_msp.o
                0x00000000080054d8                HAL_UART_MspInit
 .text.NMI_Handler
                0x0000000008005644        0x6 ./Core/Src/stm32f4xx_it.o
                0x0000000008005644                NMI_Handler
 .text.HardFault_Handler
                0x000000000800564a        0x6 ./Core/Src/stm32f4xx_it.o
                0x000000000800564a                HardFault_Handler
 .text.MemManage_Handler
                0x0000000008005650        0x6 ./Core/Src/stm32f4xx_it.o
                0x0000000008005650                MemManage_Handler
 .text.BusFault_Handler
                0x0000000008005656        0x6 ./Core/Src/stm32f4xx_it.o
                0x0000000008005656                BusFault_Handler
 .text.UsageFault_Handler
                0x000000000800565c        0x6 ./Core/Src/stm32f4xx_it.o
                0x000000000800565c                UsageFault_Handler
 .text.SVC_Handler
                0x0000000008005662        0xe ./Core/Src/stm32f4xx_it.o
                0x0000000008005662                SVC_Handler
 .text.DebugMon_Handler
                0x0000000008005670        0xe ./Core/Src/stm32f4xx_it.o
                0x0000000008005670                DebugMon_Handler
 .text.PendSV_Handler
                0x000000000800567e        0xe ./Core/Src/stm32f4xx_it.o
                0x000000000800567e                PendSV_Handler
 .text.SysTick_Handler
                0x000000000800568c        0xc ./Core/Src/stm32f4xx_it.o
                0x000000000800568c                SysTick_Handler
 .text.EXTI2_IRQHandler
                0x0000000008005698        0xe ./Core/Src/stm32f4xx_it.o
                0x0000000008005698                EXTI2_IRQHandler
 .text.EXTI4_IRQHandler
                0x00000000080056a6        0xe ./Core/Src/stm32f4xx_it.o
                0x00000000080056a6                EXTI4_IRQHandler
 .text.DMA1_Stream5_IRQHandler
                0x00000000080056b4       0x14 ./Core/Src/stm32f4xx_it.o
                0x00000000080056b4                DMA1_Stream5_IRQHandler
 .text.DMA1_Stream6_IRQHandler
                0x00000000080056c8       0x14 ./Core/Src/stm32f4xx_it.o
                0x00000000080056c8                DMA1_Stream6_IRQHandler
 .text.TIM1_TRG_COM_TIM11_IRQHandler
                0x00000000080056dc       0x1c ./Core/Src/stm32f4xx_it.o
                0x00000000080056dc                TIM1_TRG_COM_TIM11_IRQHandler
 .text.TIM4_IRQHandler
                0x00000000080056f8       0x14 ./Core/Src/stm32f4xx_it.o
                0x00000000080056f8                TIM4_IRQHandler
 .text.I2C1_EV_IRQHandler
                0x000000000800570c       0x14 ./Core/Src/stm32f4xx_it.o
                0x000000000800570c                I2C1_EV_IRQHandler
 .text.I2C1_ER_IRQHandler
                0x0000000008005720       0x14 ./Core/Src/stm32f4xx_it.o
                0x0000000008005720                I2C1_ER_IRQHandler
 .text.USART2_IRQHandler
                0x0000000008005734       0x14 ./Core/Src/stm32f4xx_it.o
                0x0000000008005734                USART2_IRQHandler
 .text.EXTI15_10_IRQHandler
                0x0000000008005748       0x10 ./Core/Src/stm32f4xx_it.o
                0x0000000008005748                EXTI15_10_IRQHandler
 .text.SystemInit
                0x0000000008005758       0x24 ./Core/Src/system_stm32f4xx.o
                0x0000000008005758                SystemInit
 .text.Reset_Handler
                0x000000000800577c       0x50 ./Core/Startup/startup_stm32f411retx.o
                0x000000000800577c                Reset_Handler
 .text.Default_Handler
                0x00000000080057cc        0x2 ./Core/Startup/startup_stm32f411retx.o
                0x00000000080057cc                RTC_Alarm_IRQHandler
                0x00000000080057cc                SPI4_IRQHandler
                0x00000000080057cc                TIM1_CC_IRQHandler
                0x00000000080057cc                DMA2_Stream5_IRQHandler
                0x00000000080057cc                PVD_IRQHandler
                0x00000000080057cc                SDIO_IRQHandler
                0x00000000080057cc                TAMP_STAMP_IRQHandler
                0x00000000080057cc                EXTI3_IRQHandler
                0x00000000080057cc                TIM1_UP_TIM10_IRQHandler
                0x00000000080057cc                I2C3_ER_IRQHandler
                0x00000000080057cc                EXTI0_IRQHandler
                0x00000000080057cc                I2C2_EV_IRQHandler
                0x00000000080057cc                DMA1_Stream2_IRQHandler
                0x00000000080057cc                FPU_IRQHandler
                0x00000000080057cc                DMA2_Stream2_IRQHandler
                0x00000000080057cc                SPI1_IRQHandler
                0x00000000080057cc                TIM1_BRK_TIM9_IRQHandler
                0x00000000080057cc                DMA2_Stream3_IRQHandler
                0x00000000080057cc                USART6_IRQHandler
                0x00000000080057cc                DMA2_Stream0_IRQHandler
                0x00000000080057cc                DMA1_Stream1_IRQHandler
                0x00000000080057cc                TIM3_IRQHandler
                0x00000000080057cc                RCC_IRQHandler
                0x00000000080057cc                Default_Handler
                0x00000000080057cc                ADC_IRQHandler
                0x00000000080057cc                DMA1_Stream7_IRQHandler
                0x00000000080057cc                SPI5_IRQHandler
                0x00000000080057cc                TIM5_IRQHandler
                0x00000000080057cc                DMA2_Stream7_IRQHandler
                0x00000000080057cc                I2C3_EV_IRQHandler
                0x00000000080057cc                EXTI9_5_IRQHandler
                0x00000000080057cc                RTC_WKUP_IRQHandler
                0x00000000080057cc                SPI2_IRQHandler
                0x00000000080057cc                DMA1_Stream0_IRQHandler
                0x00000000080057cc                WWDG_IRQHandler
                0x00000000080057cc                TIM2_IRQHandler
                0x00000000080057cc                OTG_FS_WKUP_IRQHandler
                0x00000000080057cc                EXTI1_IRQHandler
                0x00000000080057cc                I2C2_ER_IRQHandler
                0x00000000080057cc                DMA2_Stream1_IRQHandler
                0x00000000080057cc                FLASH_IRQHandler
                0x00000000080057cc                DMA2_Stream4_IRQHandler
                0x00000000080057cc                USART1_IRQHandler
                0x00000000080057cc                OTG_FS_IRQHandler
                0x00000000080057cc                SPI3_IRQHandler
                0x00000000080057cc                DMA1_Stream4_IRQHandler
                0x00000000080057cc                DMA2_Stream6_IRQHandler
                0x00000000080057cc                DMA1_Stream3_IRQHandler
 *fill*         0x00000000080057ce        0x2 
 .text.HAL_Init
                0x00000000080057d0       0x44 ./Drivers/STM32F4xx_HAL_Driver/Src/stm32f4xx_hal.o
                0x00000000080057d0                HAL_Init
 .text.HAL_InitTick
                0x0000000008005814       0x60 ./Drivers/STM32F4xx_HAL_Driver/Src/stm32f4xx_hal.o
                0x0000000008005814                HAL_InitTick
 .text.HAL_IncTick
                0x0000000008005874       0x28 ./Drivers/STM32F4xx_HAL_Driver/Src/stm32f4xx_hal.o
                0x0000000008005874                HAL_IncTick
 .text.HAL_GetTick
                0x000000000800589c       0x18 ./Drivers/STM32F4xx_HAL_Driver/Src/stm32f4xx_hal.o
                0x000000000800589c                HAL_GetTick
 .text.HAL_Delay
                0x00000000080058b4       0x48 ./Drivers/STM32F4xx_HAL_Driver/Src/stm32f4xx_hal.o
                0x00000000080058b4                HAL_Delay
 .text.__NVIC_SetPriorityGrouping
                0x00000000080058fc       0x48 ./Drivers/STM32F4xx_HAL_Driver/Src/stm32f4xx_hal_cortex.o
 .text.__NVIC_GetPriorityGrouping
                0x0000000008005944       0x1c ./Drivers/STM32F4xx_HAL_Driver/Src/stm32f4xx_hal_cortex.o
 .text.__NVIC_EnableIRQ
                0x0000000008005960       0x3c ./Drivers/STM32F4xx_HAL_Driver/Src/stm32f4xx_hal_cortex.o
 .text.__NVIC_SetPriority
                0x000000000800599c       0x54 ./Drivers/STM32F4xx_HAL_Driver/Src/stm32f4xx_hal_cortex.o
 .text.NVIC_EncodePriority
                0x00000000080059f0       0x66 ./Drivers/STM32F4xx_HAL_Driver/Src/stm32f4xx_hal_cortex.o
 *fill*         0x0000000008005a56        0x2 
 .text.SysTick_Config
                0x0000000008005a58       0x44 ./Drivers/STM32F4xx_HAL_Driver/Src/stm32f4xx_hal_cortex.o
 .text.HAL_NVIC_SetPriorityGrouping
                0x0000000008005a9c       0x16 ./Drivers/STM32F4xx_HAL_Driver/Src/stm32f4xx_hal_cortex.o
                0x0000000008005a9c                HAL_NVIC_SetPriorityGrouping
 .text.HAL_NVIC_SetPriority
                0x0000000008005ab2       0x38 ./Drivers/STM32F4xx_HAL_Driver/Src/stm32f4xx_hal_cortex.o
                0x0000000008005ab2                HAL_NVIC_SetPriority
 .text.HAL_NVIC_EnableIRQ
                0x0000000008005aea       0x1c ./Drivers/STM32F4xx_HAL_Driver/Src/stm32f4xx_hal_cortex.o
                0x0000000008005aea                HAL_NVIC_EnableIRQ
 .text.HAL_SYSTICK_Config
                0x0000000008005b06       0x18 ./Drivers/STM32F4xx_HAL_Driver/Src/stm32f4xx_hal_cortex.o
                0x0000000008005b06                HAL_SYSTICK_Config
 *fill*         0x0000000008005b1e        0x2 
 .text.HAL_DMA_Init
                0x0000000008005b20      0x15c ./Drivers/STM32F4xx_HAL_Driver/Src/stm32f4xx_hal_dma.o
                0x0000000008005b20                HAL_DMA_Init
 .text.HAL_DMA_Start_IT
                0x0000000008005c7c       0xb0 ./Drivers/STM32F4xx_HAL_Driver/Src/stm32f4xx_hal_dma.o
                0x0000000008005c7c                HAL_DMA_Start_IT
 .text.HAL_DMA_Abort
                0x0000000008005d2c       0xe0 ./Drivers/STM32F4xx_HAL_Driver/Src/stm32f4xx_hal_dma.o
                0x0000000008005d2c                HAL_DMA_Abort
 .text.HAL_DMA_Abort_IT
                0x0000000008005e0c       0x44 ./Drivers/STM32F4xx_HAL_Driver/Src/stm32f4xx_hal_dma.o
                0x0000000008005e0c                HAL_DMA_Abort_IT
 .text.HAL_DMA_IRQHandler
                0x0000000008005e50      0x314 ./Drivers/STM32F4xx_HAL_Driver/Src/stm32f4xx_hal_dma.o
                0x0000000008005e50                HAL_DMA_IRQHandler
 .text.HAL_DMA_GetState
                0x0000000008006164       0x1c ./Drivers/STM32F4xx_HAL_Driver/Src/stm32f4xx_hal_dma.o
                0x0000000008006164                HAL_DMA_GetState
 .text.DMA_SetConfig
                0x0000000008006180       0x5c ./Drivers/STM32F4xx_HAL_Driver/Src/stm32f4xx_hal_dma.o
 .text.DMA_CalcBaseAndBitshift
                0x00000000080061dc       0x6c ./Drivers/STM32F4xx_HAL_Driver/Src/stm32f4xx_hal_dma.o
 .text.DMA_CheckFifoParam
                0x0000000008006248       0xf8 ./Drivers/STM32F4xx_HAL_Driver/Src/stm32f4xx_hal_dma.o
 .text.HAL_GPIO_Init
                0x0000000008006340      0x308 ./Drivers/STM32F4xx_HAL_Driver/Src/stm32f4xx_hal_gpio.o
                0x0000000008006340                HAL_GPIO_Init
 .text.HAL_GPIO_ReadPin
                0x0000000008006648       0x30 ./Drivers/STM32F4xx_HAL_Driver/Src/stm32f4xx_hal_gpio.o
                0x0000000008006648                HAL_GPIO_ReadPin
 .text.HAL_GPIO_WritePin
                0x0000000008006678       0x32 ./Drivers/STM32F4xx_HAL_Driver/Src/stm32f4xx_hal_gpio.o
                0x0000000008006678                HAL_GPIO_WritePin
 .text.HAL_GPIO_TogglePin
                0x00000000080066aa       0x34 ./Drivers/STM32F4xx_HAL_Driver/Src/stm32f4xx_hal_gpio.o
                0x00000000080066aa                HAL_GPIO_TogglePin
 *fill*         0x00000000080066de        0x2 
 .text.HAL_GPIO_EXTI_IRQHandler
                0x00000000080066e0       0x30 ./Drivers/STM32F4xx_HAL_Driver/Src/stm32f4xx_hal_gpio.o
                0x00000000080066e0                HAL_GPIO_EXTI_IRQHandler
 .text.HAL_I2C_Init
                0x0000000008006710      0x288 ./Drivers/STM32F4xx_HAL_Driver/Src/stm32f4xx_hal_i2c.o
                0x0000000008006710                HAL_I2C_Init
 .text.HAL_I2C_Master_Transmit
                0x0000000008006998      0x1fc ./Drivers/STM32F4xx_HAL_Driver/Src/stm32f4xx_hal_i2c.o
                0x0000000008006998                HAL_I2C_Master_Transmit
 .text.HAL_I2C_Master_Seq_Transmit_IT
                0x0000000008006b94      0x18c ./Drivers/STM32F4xx_HAL_Driver/Src/stm32f4xx_hal_i2c.o
                0x0000000008006b94                HAL_I2C_Master_Seq_Transmit_IT
 .text.HAL_I2C_Master_Seq_Receive_IT
                0x0000000008006d20      0x1fc ./Drivers/STM32F4xx_HAL_Driver/Src/stm32f4xx_hal_i2c.o
                0x0000000008006d20                HAL_I2C_Master_Seq_Receive_IT
 .text.HAL_I2C_EV_IRQHandler
                0x0000000008006f1c      0x2e2 ./Drivers/STM32F4xx_HAL_Driver/Src/stm32f4xx_hal_i2c.o
                0x0000000008006f1c                HAL_I2C_EV_IRQHandler
 .text.HAL_I2C_ER_IRQHandler
                0x00000000080071fe      0x14e ./Drivers/STM32F4xx_HAL_Driver/Src/stm32f4xx_hal_i2c.o
                0x00000000080071fe                HAL_I2C_ER_IRQHandler
 .text.HAL_I2C_MasterTxCpltCallback
                0x000000000800734c       0x14 ./Drivers/STM32F4xx_HAL_Driver/Src/stm32f4xx_hal_i2c.o
                0x000000000800734c                HAL_I2C_MasterTxCpltCallback
 .text.HAL_I2C_MasterRxCpltCallback
                0x0000000008007360       0x14 ./Drivers/STM32F4xx_HAL_Driver/Src/stm32f4xx_hal_i2c.o
                0x0000000008007360                HAL_I2C_MasterRxCpltCallback
 .text.HAL_I2C_SlaveTxCpltCallback
                0x0000000008007374       0x14 ./Drivers/STM32F4xx_HAL_Driver/Src/stm32f4xx_hal_i2c.o
                0x0000000008007374                HAL_I2C_SlaveTxCpltCallback
 .text.HAL_I2C_SlaveRxCpltCallback
                0x0000000008007388       0x14 ./Drivers/STM32F4xx_HAL_Driver/Src/stm32f4xx_hal_i2c.o
                0x0000000008007388                HAL_I2C_SlaveRxCpltCallback
 .text.HAL_I2C_AddrCallback
                0x000000000800739c       0x1c ./Drivers/STM32F4xx_HAL_Driver/Src/stm32f4xx_hal_i2c.o
                0x000000000800739c                HAL_I2C_AddrCallback
 .text.HAL_I2C_ListenCpltCallback
                0x00000000080073b8       0x14 ./Drivers/STM32F4xx_HAL_Driver/Src/stm32f4xx_hal_i2c.o
                0x00000000080073b8                HAL_I2C_ListenCpltCallback
 .text.HAL_I2C_MemTxCpltCallback
                0x00000000080073cc       0x14 ./Drivers/STM32F4xx_HAL_Driver/Src/stm32f4xx_hal_i2c.o
                0x00000000080073cc                HAL_I2C_MemTxCpltCallback
 .text.HAL_I2C_MemRxCpltCallback
                0x00000000080073e0       0x14 ./Drivers/STM32F4xx_HAL_Driver/Src/stm32f4xx_hal_i2c.o
                0x00000000080073e0                HAL_I2C_MemRxCpltCallback
 .text.HAL_I2C_ErrorCallback
                0x00000000080073f4       0x14 ./Drivers/STM32F4xx_HAL_Driver/Src/stm32f4xx_hal_i2c.o
                0x00000000080073f4                HAL_I2C_ErrorCallback
 .text.HAL_I2C_AbortCpltCallback
                0x0000000008007408       0x14 ./Drivers/STM32F4xx_HAL_Driver/Src/stm32f4xx_hal_i2c.o
                0x0000000008007408                HAL_I2C_AbortCpltCallback
 .text.I2C_MasterTransmit_TXE
                0x000000000800741c      0x138 ./Drivers/STM32F4xx_HAL_Driver/Src/stm32f4xx_hal_i2c.o
 .text.I2C_MasterTransmit_BTF
                0x0000000008007554       0xec ./Drivers/STM32F4xx_HAL_Driver/Src/stm32f4xx_hal_i2c.o
 .text.I2C_MemoryTransmit_TXE_BTF
                0x0000000008007640      0x128 ./Drivers/STM32F4xx_HAL_Driver/Src/stm32f4xx_hal_i2c.o
 .text.I2C_MasterReceive_RXNE
                0x0000000008007768      0x176 ./Drivers/STM32F4xx_HAL_Driver/Src/stm32f4xx_hal_i2c.o
 .text.I2C_MasterReceive_BTF
                0x00000000080078de      0x1d4 ./Drivers/STM32F4xx_HAL_Driver/Src/stm32f4xx_hal_i2c.o
 .text.I2C_Master_SB
                0x0000000008007ab2      0x10c ./Drivers/STM32F4xx_HAL_Driver/Src/stm32f4xx_hal_i2c.o
 .text.I2C_Master_ADD10
                0x0000000008007bbe       0x54 ./Drivers/STM32F4xx_HAL_Driver/Src/stm32f4xx_hal_i2c.o
 .text.I2C_Master_ADDR
                0x0000000008007c12      0x322 ./Drivers/STM32F4xx_HAL_Driver/Src/stm32f4xx_hal_i2c.o
 .text.I2C_SlaveTransmit_TXE
                0x0000000008007f34       0x7a ./Drivers/STM32F4xx_HAL_Driver/Src/stm32f4xx_hal_i2c.o
 .text.I2C_SlaveTransmit_BTF
                0x0000000008007fae       0x42 ./Drivers/STM32F4xx_HAL_Driver/Src/stm32f4xx_hal_i2c.o
 .text.I2C_SlaveReceive_RXNE
                0x0000000008007ff0       0x7c ./Drivers/STM32F4xx_HAL_Driver/Src/stm32f4xx_hal_i2c.o
 .text.I2C_SlaveReceive_BTF
                0x000000000800806c       0x44 ./Drivers/STM32F4xx_HAL_Driver/Src/stm32f4xx_hal_i2c.o
 .text.I2C_Slave_ADDR
                0x00000000080080b0       0x94 ./Drivers/STM32F4xx_HAL_Driver/Src/stm32f4xx_hal_i2c.o
 .text.I2C_Slave_STOPF
                0x0000000008008144      0x260 ./Drivers/STM32F4xx_HAL_Driver/Src/stm32f4xx_hal_i2c.o
 .text.I2C_Slave_AF
                0x00000000080083a4       0xe0 ./Drivers/STM32F4xx_HAL_Driver/Src/stm32f4xx_hal_i2c.o
 .text.I2C_ITError
                0x0000000008008484      0x264 ./Drivers/STM32F4xx_HAL_Driver/Src/stm32f4xx_hal_i2c.o
 .text.I2C_MasterRequestWrite
                0x00000000080086e8      0x104 ./Drivers/STM32F4xx_HAL_Driver/Src/stm32f4xx_hal_i2c.o
 .text.I2C_DMAAbort
                0x00000000080087ec      0x150 ./Drivers/STM32F4xx_HAL_Driver/Src/stm32f4xx_hal_i2c.o
 .text.I2C_WaitOnFlagUntilTimeout
                0x000000000800893c       0xae ./Drivers/STM32F4xx_HAL_Driver/Src/stm32f4xx_hal_i2c.o
 .text.I2C_WaitOnMasterAddressFlagUntilTimeout
                0x00000000080089ea       0xfe ./Drivers/STM32F4xx_HAL_Driver/Src/stm32f4xx_hal_i2c.o
 .text.I2C_WaitOnTXEFlagUntilTimeout
                0x0000000008008ae8       0x82 ./Drivers/STM32F4xx_HAL_Driver/Src/stm32f4xx_hal_i2c.o
 .text.I2C_WaitOnBTFFlagUntilTimeout
                0x0000000008008b6a       0x82 ./Drivers/STM32F4xx_HAL_Driver/Src/stm32f4xx_hal_i2c.o
 .text.I2C_WaitOnSTOPRequestThroughIT
                0x0000000008008bec       0x64 ./Drivers/STM32F4xx_HAL_Driver/Src/stm32f4xx_hal_i2c.o
 .text.I2C_IsAcknowledgeFailed
                0x0000000008008c50       0x5e ./Drivers/STM32F4xx_HAL_Driver/Src/stm32f4xx_hal_i2c.o
 .text.I2C_ConvertOtherXferOptions
                0x0000000008008cae       0x36 ./Drivers/STM32F4xx_HAL_Driver/Src/stm32f4xx_hal_i2c.o
 .text.HAL_RCC_OscConfig
                0x0000000008008ce4      0x4f0 ./Drivers/STM32F4xx_HAL_Driver/Src/stm32f4xx_hal_rcc.o
                0x0000000008008ce4                HAL_RCC_OscConfig
 .text.HAL_RCC_ClockConfig
                0x00000000080091d4      0x1cc ./Drivers/STM32F4xx_HAL_Driver/Src/stm32f4xx_hal_rcc.o
                0x00000000080091d4                HAL_RCC_ClockConfig
 .text.HAL_RCC_GetSysClockFreq
                0x00000000080093a0      0x20c ./Drivers/STM32F4xx_HAL_Driver/Src/stm32f4xx_hal_rcc.o
                0x00000000080093a0                HAL_RCC_GetSysClockFreq
 .text.HAL_RCC_GetHCLKFreq
                0x00000000080095ac       0x18 ./Drivers/STM32F4xx_HAL_Driver/Src/stm32f4xx_hal_rcc.o
                0x00000000080095ac                HAL_RCC_GetHCLKFreq
 .text.HAL_RCC_GetPCLK1Freq
                0x00000000080095c4       0x28 ./Drivers/STM32F4xx_HAL_Driver/Src/stm32f4xx_hal_rcc.o
                0x00000000080095c4                HAL_RCC_GetPCLK1Freq
 .text.HAL_RCC_GetPCLK2Freq
                0x00000000080095ec       0x28 ./Drivers/STM32F4xx_HAL_Driver/Src/stm32f4xx_hal_rcc.o
                0x00000000080095ec                HAL_RCC_GetPCLK2Freq
 .text.HAL_TIM_Base_Init
                0x0000000008009614       0x9e ./Drivers/STM32F4xx_HAL_Driver/Src/stm32f4xx_hal_tim.o
                0x0000000008009614                HAL_TIM_Base_Init
 *fill*         0x00000000080096b2        0x2 
 .text.HAL_TIM_Base_Start
                0x00000000080096b4       0xb4 ./Drivers/STM32F4xx_HAL_Driver/Src/stm32f4xx_hal_tim.o
                0x00000000080096b4                HAL_TIM_Base_Start
 .text.HAL_TIM_Base_Start_IT
                0x0000000008009768       0xc4 ./Drivers/STM32F4xx_HAL_Driver/Src/stm32f4xx_hal_tim.o
                0x0000000008009768                HAL_TIM_Base_Start_IT
 .text.HAL_TIM_PWM_Init
                0x000000000800982c       0x9e ./Drivers/STM32F4xx_HAL_Driver/Src/stm32f4xx_hal_tim.o
                0x000000000800982c                HAL_TIM_PWM_Init
 .text.HAL_TIM_PWM_MspInit
                0x00000000080098ca       0x14 ./Drivers/STM32F4xx_HAL_Driver/Src/stm32f4xx_hal_tim.o
                0x00000000080098ca                HAL_TIM_PWM_MspInit
 *fill*         0x00000000080098de        0x2 
 .text.HAL_TIM_PWM_Start
                0x00000000080098e0      0x160 ./Drivers/STM32F4xx_HAL_Driver/Src/stm32f4xx_hal_tim.o
                0x00000000080098e0                HAL_TIM_PWM_Start
 .text.HAL_TIM_Encoder_Init
                0x0000000008009a40      0x14c ./Drivers/STM32F4xx_HAL_Driver/Src/stm32f4xx_hal_tim.o
                0x0000000008009a40                HAL_TIM_Encoder_Init
 .text.HAL_TIM_Encoder_Start
                0x0000000008009b8c      0x11c ./Drivers/STM32F4xx_HAL_Driver/Src/stm32f4xx_hal_tim.o
                0x0000000008009b8c                HAL_TIM_Encoder_Start
 .text.HAL_TIM_IRQHandler
                0x0000000008009ca8      0x210 ./Drivers/STM32F4xx_HAL_Driver/Src/stm32f4xx_hal_tim.o
                0x0000000008009ca8                HAL_TIM_IRQHandler
 .text.HAL_TIM_PWM_ConfigChannel
                0x0000000008009eb8      0x184 ./Drivers/STM32F4xx_HAL_Driver/Src/stm32f4xx_hal_tim.o
                0x0000000008009eb8                HAL_TIM_PWM_ConfigChannel
 .text.HAL_TIM_ConfigClockSource
                0x000000000800a03c      0x18e ./Drivers/STM32F4xx_HAL_Driver/Src/stm32f4xx_hal_tim.o
                0x000000000800a03c                HAL_TIM_ConfigClockSource
 .text.HAL_TIM_OC_DelayElapsedCallback
                0x000000000800a1ca       0x14 ./Drivers/STM32F4xx_HAL_Driver/Src/stm32f4xx_hal_tim.o
                0x000000000800a1ca                HAL_TIM_OC_DelayElapsedCallback
 .text.HAL_TIM_IC_CaptureCallback
                0x000000000800a1de       0x14 ./Drivers/STM32F4xx_HAL_Driver/Src/stm32f4xx_hal_tim.o
                0x000000000800a1de                HAL_TIM_IC_CaptureCallback
 .text.HAL_TIM_PWM_PulseFinishedCallback
                0x000000000800a1f2       0x14 ./Drivers/STM32F4xx_HAL_Driver/Src/stm32f4xx_hal_tim.o
                0x000000000800a1f2                HAL_TIM_PWM_PulseFinishedCallback
 .text.HAL_TIM_TriggerCallback
                0x000000000800a206       0x14 ./Drivers/STM32F4xx_HAL_Driver/Src/stm32f4xx_hal_tim.o
                0x000000000800a206                HAL_TIM_TriggerCallback
 *fill*         0x000000000800a21a        0x2 
 .text.TIM_Base_SetConfig
                0x000000000800a21c      0x100 ./Drivers/STM32F4xx_HAL_Driver/Src/stm32f4xx_hal_tim.o
                0x000000000800a21c                TIM_Base_SetConfig
 .text.TIM_OC1_SetConfig
                0x000000000800a31c       0xcc ./Drivers/STM32F4xx_HAL_Driver/Src/stm32f4xx_hal_tim.o
 .text.TIM_OC2_SetConfig
                0x000000000800a3e8       0xd8 ./Drivers/STM32F4xx_HAL_Driver/Src/stm32f4xx_hal_tim.o
                0x000000000800a3e8                TIM_OC2_SetConfig
 .text.TIM_OC3_SetConfig
                0x000000000800a4c0       0xd4 ./Drivers/STM32F4xx_HAL_Driver/Src/stm32f4xx_hal_tim.o
 .text.TIM_OC4_SetConfig
                0x000000000800a594       0xa0 ./Drivers/STM32F4xx_HAL_Driver/Src/stm32f4xx_hal_tim.o
 .text.TIM_TI1_ConfigInputStage
                0x000000000800a634       0x5e ./Drivers/STM32F4xx_HAL_Driver/Src/stm32f4xx_hal_tim.o
 .text.TIM_TI2_ConfigInputStage
                0x000000000800a692       0x60 ./Drivers/STM32F4xx_HAL_Driver/Src/stm32f4xx_hal_tim.o
 .text.TIM_ITRx_SetConfig
                0x000000000800a6f2       0x36 ./Drivers/STM32F4xx_HAL_Driver/Src/stm32f4xx_hal_tim.o
 .text.TIM_ETR_SetConfig
                0x000000000800a728       0x40 ./Drivers/STM32F4xx_HAL_Driver/Src/stm32f4xx_hal_tim.o
                0x000000000800a728                TIM_ETR_SetConfig
 .text.TIM_CCxChannelCmd
                0x000000000800a768       0x4a ./Drivers/STM32F4xx_HAL_Driver/Src/stm32f4xx_hal_tim.o
                0x000000000800a768                TIM_CCxChannelCmd
 *fill*         0x000000000800a7b2        0x2 
 .text.HAL_TIMEx_MasterConfigSynchronization
                0x000000000800a7b4       0xdc ./Drivers/STM32F4xx_HAL_Driver/Src/stm32f4xx_hal_tim_ex.o
                0x000000000800a7b4                HAL_TIMEx_MasterConfigSynchronization
 .text.HAL_TIMEx_ConfigBreakDeadTime
                0x000000000800a890       0xa4 ./Drivers/STM32F4xx_HAL_Driver/Src/stm32f4xx_hal_tim_ex.o
                0x000000000800a890                HAL_TIMEx_ConfigBreakDeadTime
 .text.HAL_TIMEx_CommutCallback
                0x000000000800a934       0x14 ./Drivers/STM32F4xx_HAL_Driver/Src/stm32f4xx_hal_tim_ex.o
                0x000000000800a934                HAL_TIMEx_CommutCallback
 .text.HAL_TIMEx_BreakCallback
                0x000000000800a948       0x14 ./Drivers/STM32F4xx_HAL_Driver/Src/stm32f4xx_hal_tim_ex.o
                0x000000000800a948                HAL_TIMEx_BreakCallback
 .text.HAL_UART_Init
                0x000000000800a95c       0x9a ./Drivers/STM32F4xx_HAL_Driver/Src/stm32f4xx_hal_uart.o
                0x000000000800a95c                HAL_UART_Init
 *fill*         0x000000000800a9f6        0x2 
 .text.HAL_UART_Transmit_DMA
                0x000000000800a9f8       0xfc ./Drivers/STM32F4xx_HAL_Driver/Src/stm32f4xx_hal_uart.o
                0x000000000800a9f8                HAL_UART_Transmit_DMA
 .text.HAL_UART_Receive_DMA
                0x000000000800aaf4       0x60 ./Drivers/STM32F4xx_HAL_Driver/Src/stm32f4xx_hal_uart.o
                0x000000000800aaf4                HAL_UART_Receive_DMA
 .text.HAL_UART_DMAStop
                0x000000000800ab54       0xfe ./Drivers/STM32F4xx_HAL_Driver/Src/stm32f4xx_hal_uart.o
                0x000000000800ab54                HAL_UART_DMAStop
 *fill*         0x000000000800ac52        0x2 
 .text.HAL_UART_IRQHandler
                0x000000000800ac54      0x51c ./Drivers/STM32F4xx_HAL_Driver/Src/stm32f4xx_hal_uart.o
                0x000000000800ac54                HAL_UART_IRQHandler
 .text.HAL_UART_TxCpltCallback
                0x000000000800b170       0x14 ./Drivers/STM32F4xx_HAL_Driver/Src/stm32f4xx_hal_uart.o
                0x000000000800b170                HAL_UART_TxCpltCallback
 .text.HAL_UART_TxHalfCpltCallback
                0x000000000800b184       0x14 ./Drivers/STM32F4xx_HAL_Driver/Src/stm32f4xx_hal_uart.o
                0x000000000800b184                HAL_UART_TxHalfCpltCallback
 .text.HAL_UART_RxCpltCallback
                0x000000000800b198       0x14 ./Drivers/STM32F4xx_HAL_Driver/Src/stm32f4xx_hal_uart.o
                0x000000000800b198                HAL_UART_RxCpltCallback
 .text.HAL_UART_RxHalfCpltCallback
                0x000000000800b1ac       0x14 ./Drivers/STM32F4xx_HAL_Driver/Src/stm32f4xx_hal_uart.o
                0x000000000800b1ac                HAL_UART_RxHalfCpltCallback
 .text.HAL_UART_ErrorCallback
                0x000000000800b1c0       0x14 ./Drivers/STM32F4xx_HAL_Driver/Src/stm32f4xx_hal_uart.o
                0x000000000800b1c0                HAL_UART_ErrorCallback
 .text.HAL_UARTEx_RxEventCallback
                0x000000000800b1d4       0x18 ./Drivers/STM32F4xx_HAL_Driver/Src/stm32f4xx_hal_uart.o
                0x000000000800b1d4                HAL_UARTEx_RxEventCallback
 .text.UART_DMATransmitCplt
                0x000000000800b1ec       0x9a ./Drivers/STM32F4xx_HAL_Driver/Src/stm32f4xx_hal_uart.o
 .text.UART_DMATxHalfCplt
                0x000000000800b286       0x1c ./Drivers/STM32F4xx_HAL_Driver/Src/stm32f4xx_hal_uart.o
 .text.UART_DMAReceiveCplt
                0x000000000800b2a2      0x126 ./Drivers/STM32F4xx_HAL_Driver/Src/stm32f4xx_hal_uart.o
 .text.UART_DMARxHalfCplt
                0x000000000800b3c8       0x36 ./Drivers/STM32F4xx_HAL_Driver/Src/stm32f4xx_hal_uart.o
 .text.UART_DMAError
                0x000000000800b3fe       0x94 ./Drivers/STM32F4xx_HAL_Driver/Src/stm32f4xx_hal_uart.o
 *fill*         0x000000000800b492        0x2 
 .text.UART_Start_Receive_DMA
                0x000000000800b494      0x13c ./Drivers/STM32F4xx_HAL_Driver/Src/stm32f4xx_hal_uart.o
                0x000000000800b494                UART_Start_Receive_DMA
 .text.UART_EndTxTransfer
                0x000000000800b5d0       0x50 ./Drivers/STM32F4xx_HAL_Driver/Src/stm32f4xx_hal_uart.o
 .text.UART_EndRxTransfer
                0x000000000800b620       0xc6 ./Drivers/STM32F4xx_HAL_Driver/Src/stm32f4xx_hal_uart.o
 .text.UART_DMAAbortOnError
                0x000000000800b6e6       0x28 ./Drivers/STM32F4xx_HAL_Driver/Src/stm32f4xx_hal_uart.o
 .text.UART_Transmit_IT
                0x000000000800b70e       0xa0 ./Drivers/STM32F4xx_HAL_Driver/Src/stm32f4xx_hal_uart.o
 .text.UART_EndTransmit_IT
                0x000000000800b7ae       0x30 ./Drivers/STM32F4xx_HAL_Driver/Src/stm32f4xx_hal_uart.o
 .text.UART_Receive_IT
                0x000000000800b7de      0x176 ./Drivers/STM32F4xx_HAL_Driver/Src/stm32f4xx_hal_uart.o
 .text.UART_SetConfig
                0x000000000800b954      0x4e8 ./Drivers/STM32F4xx_HAL_Driver/Src/stm32f4xx_hal_uart.o
 .text.arm_mat_trans_f32
                0x000000000800be3c       0xb8 ../Middlewares/Third_Party/ARM_CMSIS/CMSIS/DSP/Lib/GCC\libarm_cortexM4lf_math.a(arm_mat_trans_f32.o)
                0x000000000800be3c                arm_mat_trans_f32
 .text.arm_mat_sub_f32
                0x000000000800bef4       0xd4 ../Middlewares/Third_Party/ARM_CMSIS/CMSIS/DSP/Lib/GCC\libarm_cortexM4lf_math.a(arm_mat_sub_f32.o)
                0x000000000800bef4                arm_mat_sub_f32
 .text.arm_mat_mult_f32
                0x000000000800bfc8      0x140 ../Middlewares/Third_Party/ARM_CMSIS/CMSIS/DSP/Lib/GCC\libarm_cortexM4lf_math.a(arm_mat_mult_f32.o)
                0x000000000800bfc8                arm_mat_mult_f32
 .text.arm_mat_init_f32
                0x000000000800c108        0x8 ../Middlewares/Third_Party/ARM_CMSIS/CMSIS/DSP/Lib/GCC\libarm_cortexM4lf_math.a(arm_mat_init_f32.o)
                0x000000000800c108                arm_mat_init_f32
 .text.arm_mat_add_f32
                0x000000000800c110       0xd4 ../Middlewares/Third_Party/ARM_CMSIS/CMSIS/DSP/Lib/GCC\libarm_cortexM4lf_math.a(arm_mat_add_f32.o)
                0x000000000800c110                arm_mat_add_f32
 .text.__errno  0x000000000800c1e4        0xc c:/st/stm32cubeide_1.9.0/stm32cubeide/plugins/com.st.stm32cube.ide.mcu.externaltools.gnu-tools-for-stm32.10.3-2021.10.win32_1.0.0.202111181127/tools/bin/../lib/gcc/arm-none-eabi/10.3.1/../../../../arm-none-eabi/lib/thumb/v7e-m+fp/hard\libc_nano.a(lib_a-errno.o)
                0x000000000800c1e4                __errno
 .text.__libc_init_array
                0x000000000800c1f0       0x48 c:/st/stm32cubeide_1.9.0/stm32cubeide/plugins/com.st.stm32cube.ide.mcu.externaltools.gnu-tools-for-stm32.10.3-2021.10.win32_1.0.0.202111181127/tools/bin/../lib/gcc/arm-none-eabi/10.3.1/../../../../arm-none-eabi/lib/thumb/v7e-m+fp/hard\libc_nano.a(lib_a-init.o)
                0x000000000800c1f0                __libc_init_array
 .text.memset   0x000000000800c238       0x10 c:/st/stm32cubeide_1.9.0/stm32cubeide/plugins/com.st.stm32cube.ide.mcu.externaltools.gnu-tools-for-stm32.10.3-2021.10.win32_1.0.0.202111181127/tools/bin/../lib/gcc/arm-none-eabi/10.3.1/../../../../arm-none-eabi/lib/thumb/v7e-m+fp/hard\libc_nano.a(lib_a-memset.o)
                0x000000000800c238                memset
 .text.ceil     0x000000000800c248      0x108 c:/st/stm32cubeide_1.9.0/stm32cubeide/plugins/com.st.stm32cube.ide.mcu.externaltools.gnu-tools-for-stm32.10.3-2021.10.win32_1.0.0.202111181127/tools/bin/../lib/gcc/arm-none-eabi/10.3.1/../../../../arm-none-eabi/lib/thumb/v7e-m+fp/hard\libm.a(lib_a-s_ceil.o)
                0x000000000800c248                ceil
 .text.pow      0x000000000800c350       0xe0 c:/st/stm32cubeide_1.9.0/stm32cubeide/plugins/com.st.stm32cube.ide.mcu.externaltools.gnu-tools-for-stm32.10.3-2021.10.win32_1.0.0.202111181127/tools/bin/../lib/gcc/arm-none-eabi/10.3.1/../../../../arm-none-eabi/lib/thumb/v7e-m+fp/hard\libm.a(lib_a-w_pow.o)
                0x000000000800c350                pow
 .text.sqrt     0x000000000800c430       0x58 c:/st/stm32cubeide_1.9.0/stm32cubeide/plugins/com.st.stm32cube.ide.mcu.externaltools.gnu-tools-for-stm32.10.3-2021.10.win32_1.0.0.202111181127/tools/bin/../lib/gcc/arm-none-eabi/10.3.1/../../../../arm-none-eabi/lib/thumb/v7e-m+fp/hard\libm.a(lib_a-w_sqrt.o)
                0x000000000800c430                sqrt
 .text.__ieee754_pow
                0x000000000800c488      0xa5c c:/st/stm32cubeide_1.9.0/stm32cubeide/plugins/com.st.stm32cube.ide.mcu.externaltools.gnu-tools-for-stm32.10.3-2021.10.win32_1.0.0.202111181127/tools/bin/../lib/gcc/arm-none-eabi/10.3.1/../../../../arm-none-eabi/lib/thumb/v7e-m+fp/hard\libm.a(lib_a-e_pow.o)
                0x000000000800c488                __ieee754_pow
 .text.__ieee754_sqrt
                0x000000000800cee4      0x164 c:/st/stm32cubeide_1.9.0/stm32cubeide/plugins/com.st.stm32cube.ide.mcu.externaltools.gnu-tools-for-stm32.10.3-2021.10.win32_1.0.0.202111181127/tools/bin/../lib/gcc/arm-none-eabi/10.3.1/../../../../arm-none-eabi/lib/thumb/v7e-m+fp/hard\libm.a(lib_a-e_sqrt.o)
                0x000000000800cee4                __ieee754_sqrt
 .text.with_errno
                0x000000000800d048       0x14 c:/st/stm32cubeide_1.9.0/stm32cubeide/plugins/com.st.stm32cube.ide.mcu.externaltools.gnu-tools-for-stm32.10.3-2021.10.win32_1.0.0.202111181127/tools/bin/../lib/gcc/arm-none-eabi/10.3.1/../../../../arm-none-eabi/lib/thumb/v7e-m+fp/hard\libm.a(lib_a-math_err.o)
 .text.xflow    0x000000000800d05c       0x28 c:/st/stm32cubeide_1.9.0/stm32cubeide/plugins/com.st.stm32cube.ide.mcu.externaltools.gnu-tools-for-stm32.10.3-2021.10.win32_1.0.0.202111181127/tools/bin/../lib/gcc/arm-none-eabi/10.3.1/../../../../arm-none-eabi/lib/thumb/v7e-m+fp/hard\libm.a(lib_a-math_err.o)
 .text.__math_uflow
                0x000000000800d084       0x12 c:/st/stm32cubeide_1.9.0/stm32cubeide/plugins/com.st.stm32cube.ide.mcu.externaltools.gnu-tools-for-stm32.10.3-2021.10.win32_1.0.0.202111181127/tools/bin/../lib/gcc/arm-none-eabi/10.3.1/../../../../arm-none-eabi/lib/thumb/v7e-m+fp/hard\libm.a(lib_a-math_err.o)
                0x000000000800d084                __math_uflow
 .text.__math_oflow
                0x000000000800d096       0x12 c:/st/stm32cubeide_1.9.0/stm32cubeide/plugins/com.st.stm32cube.ide.mcu.externaltools.gnu-tools-for-stm32.10.3-2021.10.win32_1.0.0.202111181127/tools/bin/../lib/gcc/arm-none-eabi/10.3.1/../../../../arm-none-eabi/lib/thumb/v7e-m+fp/hard\libm.a(lib_a-math_err.o)
                0x000000000800d096                __math_oflow
 .text.fabs     0x000000000800d0a8       0x12 c:/st/stm32cubeide_1.9.0/stm32cubeide/plugins/com.st.stm32cube.ide.mcu.externaltools.gnu-tools-for-stm32.10.3-2021.10.win32_1.0.0.202111181127/tools/bin/../lib/gcc/arm-none-eabi/10.3.1/../../../../arm-none-eabi/lib/thumb/v7e-m+fp/hard\libm.a(lib_a-s_fabs.o)
                0x000000000800d0a8                fabs
 .text.finite   0x000000000800d0ba       0x16 c:/st/stm32cubeide_1.9.0/stm32cubeide/plugins/com.st.stm32cube.ide.mcu.externaltools.gnu-tools-for-stm32.10.3-2021.10.win32_1.0.0.202111181127/tools/bin/../lib/gcc/arm-none-eabi/10.3.1/../../../../arm-none-eabi/lib/thumb/v7e-m+fp/hard\libm.a(lib_a-s_finite.o)
                0x000000000800d0ba                finite
 .text.scalbn   0x000000000800d0d0      0x10c c:/st/stm32cubeide_1.9.0/stm32cubeide/plugins/com.st.stm32cube.ide.mcu.externaltools.gnu-tools-for-stm32.10.3-2021.10.win32_1.0.0.202111181127/tools/bin/../lib/gcc/arm-none-eabi/10.3.1/../../../../arm-none-eabi/lib/thumb/v7e-m+fp/hard\libm.a(lib_a-s_scalbn.o)
                0x000000000800d0d0                scalbn
 *(.glue_7)
 .glue_7        0x000000000800d1dc        0x0 linker stubs
 *(.glue_7t)
 .glue_7t       0x000000000800d1dc        0x0 linker stubs
 *(.eh_frame)
 .eh_frame      0x000000000800d1dc        0x0 c:/st/stm32cubeide_1.9.0/stm32cubeide/plugins/com.st.stm32cube.ide.mcu.externaltools.gnu-tools-for-stm32.10.3-2021.10.win32_1.0.0.202111181127/tools/bin/../lib/gcc/arm-none-eabi/10.3.1/thumb/v7e-m+fp/hard/crtbegin.o
 *(.init)
 .init          0x000000000800d1dc        0x4 c:/st/stm32cubeide_1.9.0/stm32cubeide/plugins/com.st.stm32cube.ide.mcu.externaltools.gnu-tools-for-stm32.10.3-2021.10.win32_1.0.0.202111181127/tools/bin/../lib/gcc/arm-none-eabi/10.3.1/thumb/v7e-m+fp/hard/crti.o
                0x000000000800d1dc                _init
 .init          0x000000000800d1e0        0x8 c:/st/stm32cubeide_1.9.0/stm32cubeide/plugins/com.st.stm32cube.ide.mcu.externaltools.gnu-tools-for-stm32.10.3-2021.10.win32_1.0.0.202111181127/tools/bin/../lib/gcc/arm-none-eabi/10.3.1/thumb/v7e-m+fp/hard/crtn.o
 *(.fini)
 .fini          0x000000000800d1e8        0x4 c:/st/stm32cubeide_1.9.0/stm32cubeide/plugins/com.st.stm32cube.ide.mcu.externaltools.gnu-tools-for-stm32.10.3-2021.10.win32_1.0.0.202111181127/tools/bin/../lib/gcc/arm-none-eabi/10.3.1/thumb/v7e-m+fp/hard/crti.o
                0x000000000800d1e8                _fini
 .fini          0x000000000800d1ec        0x8 c:/st/stm32cubeide_1.9.0/stm32cubeide/plugins/com.st.stm32cube.ide.mcu.externaltools.gnu-tools-for-stm32.10.3-2021.10.win32_1.0.0.202111181127/tools/bin/../lib/gcc/arm-none-eabi/10.3.1/thumb/v7e-m+fp/hard/crtn.o
                0x000000000800d1f4                . = ALIGN (0x4)
                0x000000000800d1f4                _etext = .

.vfp11_veneer   0x000000000800d1f4        0x0
 .vfp11_veneer  0x000000000800d1f4        0x0 linker stubs

.v4_bx          0x000000000800d1f4        0x0
 .v4_bx         0x000000000800d1f4        0x0 linker stubs

.iplt           0x000000000800d1f4        0x0
 .iplt          0x000000000800d1f4        0x0 c:/st/stm32cubeide_1.9.0/stm32cubeide/plugins/com.st.stm32cube.ide.mcu.externaltools.gnu-tools-for-stm32.10.3-2021.10.win32_1.0.0.202111181127/tools/bin/../lib/gcc/arm-none-eabi/10.3.1/thumb/v7e-m+fp/hard/crtbegin.o

.rodata         0x000000000800d1f8       0x50
                0x000000000800d1f8                . = ALIGN (0x4)
 *(.rodata)
 *(.rodata*)
 .rodata.AHBPrescTable
                0x000000000800d1f8       0x10 ./Core/Src/system_stm32f4xx.o
                0x000000000800d1f8                AHBPrescTable
 .rodata.APBPrescTable
                0x000000000800d208        0x8 ./Core/Src/system_stm32f4xx.o
                0x000000000800d208                APBPrescTable
 .rodata.flagBitshiftOffset.0
                0x000000000800d210        0x8 ./Drivers/STM32F4xx_HAL_Driver/Src/stm32f4xx_hal_dma.o
 .rodata.bp     0x000000000800d218       0x10 c:/st/stm32cubeide_1.9.0/stm32cubeide/plugins/com.st.stm32cube.ide.mcu.externaltools.gnu-tools-for-stm32.10.3-2021.10.win32_1.0.0.202111181127/tools/bin/../lib/gcc/arm-none-eabi/10.3.1/../../../../arm-none-eabi/lib/thumb/v7e-m+fp/hard\libm.a(lib_a-e_pow.o)
 .rodata.dp_h   0x000000000800d228       0x10 c:/st/stm32cubeide_1.9.0/stm32cubeide/plugins/com.st.stm32cube.ide.mcu.externaltools.gnu-tools-for-stm32.10.3-2021.10.win32_1.0.0.202111181127/tools/bin/../lib/gcc/arm-none-eabi/10.3.1/../../../../arm-none-eabi/lib/thumb/v7e-m+fp/hard\libm.a(lib_a-e_pow.o)
 .rodata.dp_l   0x000000000800d238       0x10 c:/st/stm32cubeide_1.9.0/stm32cubeide/plugins/com.st.stm32cube.ide.mcu.externaltools.gnu-tools-for-stm32.10.3-2021.10.win32_1.0.0.202111181127/tools/bin/../lib/gcc/arm-none-eabi/10.3.1/../../../../arm-none-eabi/lib/thumb/v7e-m+fp/hard\libm.a(lib_a-e_pow.o)
                0x000000000800d248                . = ALIGN (0x4)

.ARM.extab      0x000000000800d248        0x0
                0x000000000800d248                . = ALIGN (0x4)
 *(.ARM.extab* .gnu.linkonce.armextab.*)
                0x000000000800d248                . = ALIGN (0x4)

.ARM            0x000000000800d248        0x8
                0x000000000800d248                . = ALIGN (0x4)
                0x000000000800d248                __exidx_start = .
 *(.ARM.exidx*)
 .ARM.exidx     0x000000000800d248        0x8 c:/st/stm32cubeide_1.9.0/stm32cubeide/plugins/com.st.stm32cube.ide.mcu.externaltools.gnu-tools-for-stm32.10.3-2021.10.win32_1.0.0.202111181127/tools/bin/../lib/gcc/arm-none-eabi/10.3.1/thumb/v7e-m+fp/hard\libgcc.a(_udivmoddi4.o)
                0x000000000800d250                __exidx_end = .
                0x000000000800d250                . = ALIGN (0x4)

.rel.dyn        0x000000000800d250        0x0
 .rel.iplt      0x000000000800d250        0x0 c:/st/stm32cubeide_1.9.0/stm32cubeide/plugins/com.st.stm32cube.ide.mcu.externaltools.gnu-tools-for-stm32.10.3-2021.10.win32_1.0.0.202111181127/tools/bin/../lib/gcc/arm-none-eabi/10.3.1/thumb/v7e-m+fp/hard/crtbegin.o

.preinit_array  0x000000000800d250        0x0
                0x000000000800d250                . = ALIGN (0x4)
                0x000000000800d250                PROVIDE (__preinit_array_start = .)
 *(.preinit_array*)
                0x000000000800d250                PROVIDE (__preinit_array_end = .)
                0x000000000800d250                . = ALIGN (0x4)

.init_array     0x000000000800d250        0x4
                0x000000000800d250                . = ALIGN (0x4)
                0x000000000800d250                PROVIDE (__init_array_start = .)
 *(SORT_BY_NAME(.init_array.*))
 *(.init_array*)
 .init_array    0x000000000800d250        0x4 c:/st/stm32cubeide_1.9.0/stm32cubeide/plugins/com.st.stm32cube.ide.mcu.externaltools.gnu-tools-for-stm32.10.3-2021.10.win32_1.0.0.202111181127/tools/bin/../lib/gcc/arm-none-eabi/10.3.1/thumb/v7e-m+fp/hard/crtbegin.o
                0x000000000800d254                PROVIDE (__init_array_end = .)
                0x000000000800d254                . = ALIGN (0x4)

.fini_array     0x000000000800d254        0x4
                0x000000000800d254                . = ALIGN (0x4)
                [!provide]                        PROVIDE (__fini_array_start = .)
 *(SORT_BY_NAME(.fini_array.*))
 *(.fini_array*)
 .fini_array    0x000000000800d254        0x4 c:/st/stm32cubeide_1.9.0/stm32cubeide/plugins/com.st.stm32cube.ide.mcu.externaltools.gnu-tools-for-stm32.10.3-2021.10.win32_1.0.0.202111181127/tools/bin/../lib/gcc/arm-none-eabi/10.3.1/thumb/v7e-m+fp/hard/crtbegin.o
                [!provide]                        PROVIDE (__fini_array_end = .)
                0x000000000800d258                . = ALIGN (0x4)
                0x000000000800d258                _sidata = LOADADDR (.data)

.data           0x0000000020000000      0x150 load address 0x000000000800d258
                0x0000000020000000                . = ALIGN (0x4)
                0x0000000020000000                _sdata = .
 *(.data)
 *(.data*)
 .data.AlSet_Flag
                0x0000000020000000        0x1 ./Core/Src/main.o
                0x0000000020000000                AlSet_Flag
 *fill*         0x0000000020000001        0x3 
 .data.threshold
                0x0000000020000004        0x4 ./Core/Src/main.o
                0x0000000020000004                threshold
 .data.angle_max
                0x0000000020000008        0x4 ./Core/Src/main.o
                0x0000000020000008                angle_max
 .data.dt       0x000000002000000c        0x4 ./Core/Src/main.o
                0x000000002000000c                dt
 .data.data_I   0x0000000020000010       0x40 ./Core/Src/main.o
                0x0000000020000010                data_I
 .data.data_C   0x0000000020000050       0x10 ./Core/Src/main.o
                0x0000000020000050                data_C
 .data.data_R   0x0000000020000060        0x4 ./Core/Src/main.o
                0x0000000020000060                data_R
 .data.data_Q   0x0000000020000064        0x4 ./Core/Src/main.o
                0x0000000020000064                data_Q
 .data.w_max    0x0000000020000068        0x8 ./Core/Src/main.o
                0x0000000020000068                w_max
 .data.a_max    0x0000000020000070        0x8 ./Core/Src/main.o
                0x0000000020000070                a_max
 .data.j_max    0x0000000020000078        0x8 ./Core/Src/main.o
                0x0000000020000078                j_max
 .data.kp_2_m   0x0000000020000080        0x4 ./Core/Src/main.o
                0x0000000020000080                kp_2_m
 .data.ki_2_m   0x0000000020000084        0x4 ./Core/Src/main.o
                0x0000000020000084                ki_2_m
 .data.kd_2_m   0x0000000020000088        0x4 ./Core/Src/main.o
                0x0000000020000088                kd_2_m
 .data.ki_2_l   0x000000002000008c        0x4 ./Core/Src/main.o
                0x000000002000008c                ki_2_l
 .data.kd_2_l   0x0000000020000090        0x4 ./Core/Src/main.o
                0x0000000020000090                kd_2_l
 .data.SetZeroState
                0x0000000020000094        0x1 ./Core/Src/main.o
                0x0000000020000094                SetZeroState
 *fill*         0x0000000020000095        0x1 
 .data.UARTDelay
                0x0000000020000096        0x2 ./Core/Src/main.o
                0x0000000020000096                UARTDelay
 .data.TxData   0x0000000020000098        0x6 ./Core/Src/main.o
                0x0000000020000098                TxData
 *fill*         0x000000002000009e        0x2 
 .data.TxData2  0x00000000200000a0        0x8 ./Core/Src/main.o
                0x00000000200000a0                TxData2
 .data.ack1     0x00000000200000a8        0x2 ./Core/Src/main.o
                0x00000000200000a8                ack1
 *fill*         0x00000000200000aa        0x2 
 .data.station  0x00000000200000ac       0x28 ./Core/Src/main.o
                0x00000000200000ac                station
 .data.Current_station
                0x00000000200000d4        0x1 ./Core/Src/main.o
                0x00000000200000d4                Current_station
 .data.n_station_max
                0x00000000200000d5        0x1 ./Core/Src/main.o
                0x00000000200000d5                n_station_max
 .data.n_station
                0x00000000200000d6        0x1 ./Core/Src/main.o
                0x00000000200000d6                n_station
 .data.Arm_State
                0x00000000200000d7        0x1 ./Core/Src/main.o
                0x00000000200000d7                Arm_State
 .data.EndEffector_State
                0x00000000200000d8        0x1 ./Core/Src/main.o
 .data.dir      0x00000000200000d9        0x1 ./Core/Src/main.o
                0x00000000200000d9                dir
 .data.PID_dir  0x00000000200000da        0x1 ./Core/Src/main.o
                0x00000000200000da                PID_dir
 .data.CheckTrasmit.3
                0x00000000200000db        0x1 ./Core/Src/main.o
 .data.addr_open.1
                0x00000000200000dc        0x1 ./Core/Src/main.o
 .data.addr.0   0x00000000200000dd        0x1 ./Core/Src/main.o
 *fill*         0x00000000200000de        0x2 
 .data.SystemCoreClock
                0x00000000200000e0        0x4 ./Core/Src/system_stm32f4xx.o
                0x00000000200000e0                SystemCoreClock
 .data.uwTickPrio
                0x00000000200000e4        0x4 ./Drivers/STM32F4xx_HAL_Driver/Src/stm32f4xx_hal.o
                0x00000000200000e4                uwTickPrio
 .data.uwTickFreq
                0x00000000200000e8        0x1 ./Drivers/STM32F4xx_HAL_Driver/Src/stm32f4xx_hal.o
                0x00000000200000e8                uwTickFreq
 *fill*         0x00000000200000e9        0x3 
 .data._impure_ptr
                0x00000000200000ec        0x4 c:/st/stm32cubeide_1.9.0/stm32cubeide/plugins/com.st.stm32cube.ide.mcu.externaltools.gnu-tools-for-stm32.10.3-2021.10.win32_1.0.0.202111181127/tools/bin/../lib/gcc/arm-none-eabi/10.3.1/../../../../arm-none-eabi/lib/thumb/v7e-m+fp/hard\libc_nano.a(lib_a-impure.o)
                0x00000000200000ec                _impure_ptr
 .data.impure_data
                0x00000000200000f0       0x60 c:/st/stm32cubeide_1.9.0/stm32cubeide/plugins/com.st.stm32cube.ide.mcu.externaltools.gnu-tools-for-stm32.10.3-2021.10.win32_1.0.0.202111181127/tools/bin/../lib/gcc/arm-none-eabi/10.3.1/../../../../arm-none-eabi/lib/thumb/v7e-m+fp/hard\libc_nano.a(lib_a-impure.o)
 *(.RamFunc)
 *(.RamFunc*)
                0x0000000020000150                . = ALIGN (0x4)
                0x0000000020000150                _edata = .

.igot.plt       0x0000000020000150        0x0 load address 0x000000000800d3a8
 .igot.plt      0x0000000020000150        0x0 c:/st/stm32cubeide_1.9.0/stm32cubeide/plugins/com.st.stm32cube.ide.mcu.externaltools.gnu-tools-for-stm32.10.3-2021.10.win32_1.0.0.202111181127/tools/bin/../lib/gcc/arm-none-eabi/10.3.1/thumb/v7e-m+fp/hard/crtbegin.o
                0x0000000020000150                . = ALIGN (0x4)

.bss            0x0000000020000150      0x5b8 load address 0x000000000800d3a8
                0x0000000020000150                _sbss = .
                0x0000000020000150                __bss_start__ = _sbss
 *(.bss)
 .bss           0x0000000020000150       0x1c c:/st/stm32cubeide_1.9.0/stm32cubeide/plugins/com.st.stm32cube.ide.mcu.externaltools.gnu-tools-for-stm32.10.3-2021.10.win32_1.0.0.202111181127/tools/bin/../lib/gcc/arm-none-eabi/10.3.1/thumb/v7e-m+fp/hard/crtbegin.o
 *(.bss*)
 .bss.hi2c1     0x000000002000016c       0x54 ./Core/Src/main.o
                0x000000002000016c                hi2c1
 .bss.htim1     0x00000000200001c0       0x48 ./Core/Src/main.o
                0x00000000200001c0                htim1
 .bss.htim3     0x0000000020000208       0x48 ./Core/Src/main.o
                0x0000000020000208                htim3
 .bss.htim4     0x0000000020000250       0x48 ./Core/Src/main.o
                0x0000000020000250                htim4
 .bss.htim11    0x0000000020000298       0x48 ./Core/Src/main.o
                0x0000000020000298                htim11
 .bss.huart2    0x00000000200002e0       0x44 ./Core/Src/main.o
                0x00000000200002e0                huart2
 .bss.hdma_usart2_rx
                0x0000000020000324       0x60 ./Core/Src/main.o
                0x0000000020000324                hdma_usart2_rx
 .bss.hdma_usart2_tx
                0x0000000020000384       0x60 ./Core/Src/main.o
                0x0000000020000384                hdma_usart2_tx
 .bss.volt      0x00000000200003e4        0x4 ./Core/Src/main.o
                0x00000000200003e4                volt
 .bss.SetHome_Flag
                0x00000000200003e8        0x1 ./Core/Src/main.o
                0x00000000200003e8                SetHome_Flag
 .bss.Go_Flag   0x00000000200003e9        0x1 ./Core/Src/main.o
                0x00000000200003e9                Go_Flag
 .bss.TrajectoryGenerator_Flag
                0x00000000200003ea        0x1 ./Core/Src/main.o
                0x00000000200003ea                TrajectoryGenerator_Flag
 .bss.Emergency_status
                0x00000000200003eb        0x1 ./Core/Src/main.o
                0x00000000200003eb                Emergency_status
 .bss.angle     0x00000000200003ec        0x4 ./Core/Src/main.o
                0x00000000200003ec                angle
 .bss.angle_before
                0x00000000200003f0        0x4 ./Core/Src/main.o
                0x00000000200003f0                angle_before
 .bss.theta_now
                0x00000000200003f4        0x4 ./Core/Src/main.o
                0x00000000200003f4                theta_now
 .bss.angle_sum_before
                0x00000000200003f8        0x4 ./Core/Src/main.o
                0x00000000200003f8                angle_sum_before
 .bss.angle_base_before
                0x00000000200003fc        0x4 ./Core/Src/main.o
                0x00000000200003fc                angle_base_before
 .bss.angle_base
                0x0000000020000400        0x4 ./Core/Src/main.o
                0x0000000020000400                angle_base
 .bss.omega_tosensor
                0x0000000020000404        0x4 ./Core/Src/main.o
 .bss.position_kalman
                0x0000000020000408        0x4 ./Core/Src/main.o
 .bss.omega_kalman
                0x000000002000040c        0x4 ./Core/Src/main.o
 .bss.alpha_kalman
                0x0000000020000410        0x4 ./Core/Src/main.o
                0x0000000020000410                alpha_kalman
 .bss.jerk_kalman
                0x0000000020000414        0x4 ./Core/Src/main.o
                0x0000000020000414                jerk_kalman
 .bss.I         0x0000000020000418        0x8 ./Core/Src/main.o
                0x0000000020000418                I
 .bss.A         0x0000000020000420        0x8 ./Core/Src/main.o
                0x0000000020000420                A
 .bss.G         0x0000000020000428        0x8 ./Core/Src/main.o
                0x0000000020000428                G
 .bss.Q         0x0000000020000430        0x8 ./Core/Src/main.o
                0x0000000020000430                Q
 .bss.K         0x0000000020000438        0x8 ./Core/Src/main.o
                0x0000000020000438                K
 .bss.C         0x0000000020000440        0x8 ./Core/Src/main.o
                0x0000000020000440                C
 .bss.R         0x0000000020000448        0x8 ./Core/Src/main.o
                0x0000000020000448                R
 .bss.input     0x0000000020000450        0x8 ./Core/Src/main.o
                0x0000000020000450                input
 .bss.y         0x0000000020000458        0x8 ./Core/Src/main.o
                0x0000000020000458                y
 .bss.y_old     0x0000000020000460        0x8 ./Core/Src/main.o
                0x0000000020000460                y_old
 .bss.x         0x0000000020000468        0x8 ./Core/Src/main.o
                0x0000000020000468                x
 .bss.x_new     0x0000000020000470        0x8 ./Core/Src/main.o
                0x0000000020000470                x_new
 .bss.P         0x0000000020000478        0x8 ./Core/Src/main.o
                0x0000000020000478                P
 .bss.P_new     0x0000000020000480        0x8 ./Core/Src/main.o
                0x0000000020000480                P_new
 .bss.data_A    0x0000000020000488       0x40 ./Core/Src/main.o
                0x0000000020000488                data_A
 .bss.data_G    0x00000000200004c8       0x10 ./Core/Src/main.o
                0x00000000200004c8                data_G
 .bss.data_input
                0x00000000200004d8        0x4 ./Core/Src/main.o
                0x00000000200004d8                data_input
 .bss.data_K    0x00000000200004dc       0x10 ./Core/Src/main.o
                0x00000000200004dc                data_K
 .bss.data_x    0x00000000200004ec       0x10 ./Core/Src/main.o
                0x00000000200004ec                data_x
 .bss.data_x_new
                0x00000000200004fc       0x10 ./Core/Src/main.o
                0x00000000200004fc                data_x_new
 .bss.data_P    0x000000002000050c       0x40 ./Core/Src/main.o
                0x000000002000050c                data_P
 .bss.data_P_new
                0x000000002000054c       0x40 ./Core/Src/main.o
                0x000000002000054c                data_P_new
 .bss.data_y    0x000000002000058c        0x4 ./Core/Src/main.o
                0x000000002000058c                data_y
 .bss.data_y_old
                0x0000000020000590        0x4 ./Core/Src/main.o
                0x0000000020000590                data_y_old
 .bss.t         0x0000000020000594        0x4 ./Core/Src/main.o
                0x0000000020000594                t
 .bss.t1        0x0000000020000598        0x4 ./Core/Src/main.o
                0x0000000020000598                t1
 .bss.t2        0x000000002000059c        0x4 ./Core/Src/main.o
                0x000000002000059c                t2
 .bss.t3        0x00000000200005a0        0x4 ./Core/Src/main.o
                0x00000000200005a0                t3
 .bss.t4        0x00000000200005a4        0x4 ./Core/Src/main.o
                0x00000000200005a4                t4
 .bss.t5        0x00000000200005a8        0x4 ./Core/Src/main.o
                0x00000000200005a8                t5
 .bss.t6        0x00000000200005ac        0x4 ./Core/Src/main.o
                0x00000000200005ac                t6
 .bss.t7        0x00000000200005b0        0x4 ./Core/Src/main.o
                0x00000000200005b0                t7
 .bss.tj        0x00000000200005b4        0x4 ./Core/Src/main.o
                0x00000000200005b4                tj
 .bss.ta        0x00000000200005b8        0x4 ./Core/Src/main.o
                0x00000000200005b8                ta
 .bss.tv        0x00000000200005bc        0x4 ./Core/Src/main.o
                0x00000000200005bc                tv
 .bss.theta_0   0x00000000200005c0        0x8 ./Core/Src/main.o
                0x00000000200005c0                theta_0
 .bss.theta_f   0x00000000200005c8        0x8 ./Core/Src/main.o
                0x00000000200005c8                theta_f
 .bss.theta_dest
                0x00000000200005d0        0x8 ./Core/Src/main.o
                0x00000000200005d0                theta_dest
 .bss.a         0x00000000200005d8       0x18 ./Core/Src/main.o
 .bss.v         0x00000000200005f0       0x18 ./Core/Src/main.o
 .bss.p         0x0000000020000608       0x18 ./Core/Src/main.o
 .bss.theta_ref
                0x0000000020000620        0x8 ./Core/Src/main.o
 .bss.omega_ref
                0x0000000020000628        0x8 ./Core/Src/main.o
 .bss.alpha_ref
                0x0000000020000630        0x4 ./Core/Src/main.o
 .bss.e1        0x0000000020000634        0x4 ./Core/Src/main.o
 .bss.s1        0x0000000020000638        0x4 ./Core/Src/main.o
 .bss.p1        0x000000002000063c        0x4 ./Core/Src/main.o
 .bss.u1        0x0000000020000640        0x4 ./Core/Src/main.o
 .bss.e2        0x0000000020000644        0x4 ./Core/Src/main.o
 .bss.s2        0x0000000020000648        0x4 ./Core/Src/main.o
 .bss.p2        0x000000002000064c        0x4 ./Core/Src/main.o
 .bss.u2        0x0000000020000650        0x4 ./Core/Src/main.o
 .bss.kp_1      0x0000000020000654        0x4 ./Core/Src/main.o
                0x0000000020000654                kp_1
 .bss.ki_1      0x0000000020000658        0x4 ./Core/Src/main.o
                0x0000000020000658                ki_1
 .bss.kd_1      0x000000002000065c        0x4 ./Core/Src/main.o
                0x000000002000065c                kd_1
 .bss.kp_2      0x0000000020000660        0x4 ./Core/Src/main.o
                0x0000000020000660                kp_2
 .bss.ki_2      0x0000000020000664        0x4 ./Core/Src/main.o
                0x0000000020000664                ki_2
 .bss.kd_2      0x0000000020000668        0x4 ./Core/Src/main.o
                0x0000000020000668                kd_2
 .bss.kp_1_m    0x000000002000066c        0x4 ./Core/Src/main.o
                0x000000002000066c                kp_1_m
 .bss.ki_1_m    0x0000000020000670        0x4 ./Core/Src/main.o
                0x0000000020000670                ki_1_m
 .bss.kd_1_m    0x0000000020000674        0x4 ./Core/Src/main.o
                0x0000000020000674                kd_1_m
 .bss.kp_1_l    0x0000000020000678        0x4 ./Core/Src/main.o
                0x0000000020000678                kp_1_l
 .bss.ki_1_l    0x000000002000067c        0x4 ./Core/Src/main.o
                0x000000002000067c                ki_1_l
 .bss.kd_1_l    0x0000000020000680        0x4 ./Core/Src/main.o
                0x0000000020000680                kd_1_l
 .bss.kp_2_l    0x0000000020000684        0x4 ./Core/Src/main.o
                0x0000000020000684                kp_2_l
 .bss.RxData    0x0000000020000688        0xf ./Core/Src/main.o
                0x0000000020000688                RxData
 .bss.Enable_EndEffector
                0x0000000020000697        0x1 ./Core/Src/main.o
                0x0000000020000697                Enable_EndEffector
 .bss._micro    0x0000000020000698        0x8 ./Core/Src/main.o
                0x0000000020000698                _micro
 .bss.ModeN     0x00000000200006a0        0x1 ./Core/Src/main.o
                0x00000000200006a0                ModeN
 .bss.Finish    0x00000000200006a1        0x1 ./Core/Src/main.o
                0x00000000200006a1                Finish
 *fill*         0x00000000200006a2        0x2 
 .bss.index_station
                0x00000000200006a4       0x10 ./Core/Src/main.o
                0x00000000200006a4                index_station
 .bss.FlagOpen_EndEffector
                0x00000000200006b4        0x1 ./Core/Src/main.o
                0x00000000200006b4                FlagOpen_EndEffector
 .bss.FlagRead_EndEffector
                0x00000000200006b5        0x1 ./Core/Src/main.o
                0x00000000200006b5                FlagRead_EndEffector
 .bss.EndEffector_Status
                0x00000000200006b6        0x2 ./Core/Src/main.o
 .bss.EndEffector_timestamp
                0x00000000200006b8        0x4 ./Core/Src/main.o
                0x00000000200006b8                EndEffector_timestamp
 .bss.timestamp
                0x00000000200006bc        0x4 ./Core/Src/main.o
                0x00000000200006bc                timestamp
 .bss.u_i       0x00000000200006c0        0xc ./Core/Src/main.o
                0x00000000200006c0                u_i
 .bss.y_i       0x00000000200006cc        0xc ./Core/Src/main.o
                0x00000000200006cc                y_i
 .bss.volt_buff
                0x00000000200006d8        0x4 ./Core/Src/main.o
                0x00000000200006d8                volt_buff
 .bss.PWMOut.14
                0x00000000200006dc        0x4 ./Core/Src/main.o
 .bss.M.13      0x00000000200006e0        0x4 ./Core/Src/main.o
 .bss.N.12      0x00000000200006e4        0x4 ./Core/Src/main.o
 .bss.Va.11     0x00000000200006e8        0x4 ./Core/Src/main.o
 .bss.Sa.10     0x00000000200006ec        0x4 ./Core/Src/main.o
 .bss.Sv.9      0x00000000200006f0        0x4 ./Core/Src/main.o
 .bss.u.8       0x00000000200006f4        0x4 ./Core/Src/main.o
 .bss.add.7     0x00000000200006f8        0x4 ./Core/Src/main.o
 .bss.HighByte.6
                0x00000000200006fc        0x1 ./Core/Src/main.o
 .bss.LowByte.5
                0x00000000200006fd        0x1 ./Core/Src/main.o
 .bss.DataByte.4
                0x00000000200006fe        0x2 ./Core/Src/main.o
 .bss.Timestamp_UI.2
                0x0000000020000700        0x4 ./Core/Src/main.o
 .bss.uwTick    0x0000000020000704        0x4 ./Drivers/STM32F4xx_HAL_Driver/Src/stm32f4xx_hal.o
                0x0000000020000704                uwTick
 *(COMMON)
                0x0000000020000708                . = ALIGN (0x4)
                0x0000000020000708                _ebss = .
                0x0000000020000708                __bss_end__ = _ebss

._user_heap_stack
                0x0000000020000708      0x600 load address 0x000000000800d3a8
                0x0000000020000708                . = ALIGN (0x8)
                [!provide]                        PROVIDE (end = .)
                0x0000000020000708                PROVIDE (_end = .)
                0x0000000020000908                . = (. + _Min_Heap_Size)
 *fill*         0x0000000020000708      0x200 
                0x0000000020000d08                . = (. + _Min_Stack_Size)
 *fill*         0x0000000020000908      0x400 
                0x0000000020000d08                . = ALIGN (0x8)

/DISCARD/
 libc.a(*)
 libm.a(*)
 libgcc.a(*)

.ARM.attributes
                0x0000000000000000       0x30
 *(.ARM.attributes)
 .ARM.attributes
                0x0000000000000000       0x1e c:/st/stm32cubeide_1.9.0/stm32cubeide/plugins/com.st.stm32cube.ide.mcu.externaltools.gnu-tools-for-stm32.10.3-2021.10.win32_1.0.0.202111181127/tools/bin/../lib/gcc/arm-none-eabi/10.3.1/thumb/v7e-m+fp/hard/crti.o
 .ARM.attributes
                0x000000000000001e       0x34 c:/st/stm32cubeide_1.9.0/stm32cubeide/plugins/com.st.stm32cube.ide.mcu.externaltools.gnu-tools-for-stm32.10.3-2021.10.win32_1.0.0.202111181127/tools/bin/../lib/gcc/arm-none-eabi/10.3.1/thumb/v7e-m+fp/hard/crtbegin.o
 .ARM.attributes
                0x0000000000000052       0x34 ./Core/Src/main.o
 .ARM.attributes
                0x0000000000000086       0x34 ./Core/Src/stm32f4xx_hal_msp.o
 .ARM.attributes
                0x00000000000000ba       0x34 ./Core/Src/stm32f4xx_it.o
 .ARM.attributes
                0x00000000000000ee       0x34 ./Core/Src/system_stm32f4xx.o
 .ARM.attributes
                0x0000000000000122       0x21 ./Core/Startup/startup_stm32f411retx.o
 .ARM.attributes
                0x0000000000000143       0x34 ./Drivers/STM32F4xx_HAL_Driver/Src/stm32f4xx_hal.o
 .ARM.attributes
                0x0000000000000177       0x34 ./Drivers/STM32F4xx_HAL_Driver/Src/stm32f4xx_hal_cortex.o
 .ARM.attributes
                0x00000000000001ab       0x34 ./Drivers/STM32F4xx_HAL_Driver/Src/stm32f4xx_hal_dma.o
 .ARM.attributes
                0x00000000000001df       0x34 ./Drivers/STM32F4xx_HAL_Driver/Src/stm32f4xx_hal_gpio.o
 .ARM.attributes
                0x0000000000000213       0x34 ./Drivers/STM32F4xx_HAL_Driver/Src/stm32f4xx_hal_i2c.o
 .ARM.attributes
                0x0000000000000247       0x34 ./Drivers/STM32F4xx_HAL_Driver/Src/stm32f4xx_hal_rcc.o
 .ARM.attributes
                0x000000000000027b       0x34 ./Drivers/STM32F4xx_HAL_Driver/Src/stm32f4xx_hal_tim.o
 .ARM.attributes
                0x00000000000002af       0x34 ./Drivers/STM32F4xx_HAL_Driver/Src/stm32f4xx_hal_tim_ex.o
 .ARM.attributes
                0x00000000000002e3       0x34 ./Drivers/STM32F4xx_HAL_Driver/Src/stm32f4xx_hal_uart.o
 .ARM.attributes
                0x0000000000000317       0x34 ../Middlewares/Third_Party/ARM_CMSIS/CMSIS/DSP/Lib/GCC\libarm_cortexM4lf_math.a(arm_mat_trans_f32.o)
 .ARM.attributes
                0x000000000000034b       0x34 ../Middlewares/Third_Party/ARM_CMSIS/CMSIS/DSP/Lib/GCC\libarm_cortexM4lf_math.a(arm_mat_sub_f32.o)
 .ARM.attributes
                0x000000000000037f       0x34 ../Middlewares/Third_Party/ARM_CMSIS/CMSIS/DSP/Lib/GCC\libarm_cortexM4lf_math.a(arm_mat_mult_f32.o)
 .ARM.attributes
                0x00000000000003b3       0x34 ../Middlewares/Third_Party/ARM_CMSIS/CMSIS/DSP/Lib/GCC\libarm_cortexM4lf_math.a(arm_mat_init_f32.o)
 .ARM.attributes
                0x00000000000003e7       0x34 ../Middlewares/Third_Party/ARM_CMSIS/CMSIS/DSP/Lib/GCC\libarm_cortexM4lf_math.a(arm_mat_add_f32.o)
 .ARM.attributes
                0x000000000000041b       0x34 c:/st/stm32cubeide_1.9.0/stm32cubeide/plugins/com.st.stm32cube.ide.mcu.externaltools.gnu-tools-for-stm32.10.3-2021.10.win32_1.0.0.202111181127/tools/bin/../lib/gcc/arm-none-eabi/10.3.1/../../../../arm-none-eabi/lib/thumb/v7e-m+fp/hard\libc_nano.a(lib_a-errno.o)
 .ARM.attributes
                0x000000000000044f       0x34 c:/st/stm32cubeide_1.9.0/stm32cubeide/plugins/com.st.stm32cube.ide.mcu.externaltools.gnu-tools-for-stm32.10.3-2021.10.win32_1.0.0.202111181127/tools/bin/../lib/gcc/arm-none-eabi/10.3.1/../../../../arm-none-eabi/lib/thumb/v7e-m+fp/hard\libc_nano.a(lib_a-impure.o)
 .ARM.attributes
                0x0000000000000483       0x34 c:/st/stm32cubeide_1.9.0/stm32cubeide/plugins/com.st.stm32cube.ide.mcu.externaltools.gnu-tools-for-stm32.10.3-2021.10.win32_1.0.0.202111181127/tools/bin/../lib/gcc/arm-none-eabi/10.3.1/../../../../arm-none-eabi/lib/thumb/v7e-m+fp/hard\libc_nano.a(lib_a-init.o)
 .ARM.attributes
                0x00000000000004b7       0x34 c:/st/stm32cubeide_1.9.0/stm32cubeide/plugins/com.st.stm32cube.ide.mcu.externaltools.gnu-tools-for-stm32.10.3-2021.10.win32_1.0.0.202111181127/tools/bin/../lib/gcc/arm-none-eabi/10.3.1/../../../../arm-none-eabi/lib/thumb/v7e-m+fp/hard\libc_nano.a(lib_a-memset.o)
 .ARM.attributes
                0x00000000000004eb       0x34 c:/st/stm32cubeide_1.9.0/stm32cubeide/plugins/com.st.stm32cube.ide.mcu.externaltools.gnu-tools-for-stm32.10.3-2021.10.win32_1.0.0.202111181127/tools/bin/../lib/gcc/arm-none-eabi/10.3.1/../../../../arm-none-eabi/lib/thumb/v7e-m+fp/hard\libm.a(lib_a-s_ceil.o)
 .ARM.attributes
                0x000000000000051f       0x34 c:/st/stm32cubeide_1.9.0/stm32cubeide/plugins/com.st.stm32cube.ide.mcu.externaltools.gnu-tools-for-stm32.10.3-2021.10.win32_1.0.0.202111181127/tools/bin/../lib/gcc/arm-none-eabi/10.3.1/../../../../arm-none-eabi/lib/thumb/v7e-m+fp/hard\libm.a(lib_a-w_pow.o)
 .ARM.attributes
                0x0000000000000553       0x34 c:/st/stm32cubeide_1.9.0/stm32cubeide/plugins/com.st.stm32cube.ide.mcu.externaltools.gnu-tools-for-stm32.10.3-2021.10.win32_1.0.0.202111181127/tools/bin/../lib/gcc/arm-none-eabi/10.3.1/../../../../arm-none-eabi/lib/thumb/v7e-m+fp/hard\libm.a(lib_a-w_sqrt.o)
 .ARM.attributes
                0x0000000000000587       0x34 c:/st/stm32cubeide_1.9.0/stm32cubeide/plugins/com.st.stm32cube.ide.mcu.externaltools.gnu-tools-for-stm32.10.3-2021.10.win32_1.0.0.202111181127/tools/bin/../lib/gcc/arm-none-eabi/10.3.1/../../../../arm-none-eabi/lib/thumb/v7e-m+fp/hard\libm.a(lib_a-e_pow.o)
 .ARM.attributes
                0x00000000000005bb       0x34 c:/st/stm32cubeide_1.9.0/stm32cubeide/plugins/com.st.stm32cube.ide.mcu.externaltools.gnu-tools-for-stm32.10.3-2021.10.win32_1.0.0.202111181127/tools/bin/../lib/gcc/arm-none-eabi/10.3.1/../../../../arm-none-eabi/lib/thumb/v7e-m+fp/hard\libm.a(lib_a-e_sqrt.o)
 .ARM.attributes
                0x00000000000005ef       0x34 c:/st/stm32cubeide_1.9.0/stm32cubeide/plugins/com.st.stm32cube.ide.mcu.externaltools.gnu-tools-for-stm32.10.3-2021.10.win32_1.0.0.202111181127/tools/bin/../lib/gcc/arm-none-eabi/10.3.1/../../../../arm-none-eabi/lib/thumb/v7e-m+fp/hard\libm.a(lib_a-math_err.o)
 .ARM.attributes
                0x0000000000000623       0x34 c:/st/stm32cubeide_1.9.0/stm32cubeide/plugins/com.st.stm32cube.ide.mcu.externaltools.gnu-tools-for-stm32.10.3-2021.10.win32_1.0.0.202111181127/tools/bin/../lib/gcc/arm-none-eabi/10.3.1/../../../../arm-none-eabi/lib/thumb/v7e-m+fp/hard\libm.a(lib_a-s_fabs.o)
 .ARM.attributes
                0x0000000000000657       0x34 c:/st/stm32cubeide_1.9.0/stm32cubeide/plugins/com.st.stm32cube.ide.mcu.externaltools.gnu-tools-for-stm32.10.3-2021.10.win32_1.0.0.202111181127/tools/bin/../lib/gcc/arm-none-eabi/10.3.1/../../../../arm-none-eabi/lib/thumb/v7e-m+fp/hard\libm.a(lib_a-s_finite.o)
 .ARM.attributes
                0x000000000000068b       0x34 c:/st/stm32cubeide_1.9.0/stm32cubeide/plugins/com.st.stm32cube.ide.mcu.externaltools.gnu-tools-for-stm32.10.3-2021.10.win32_1.0.0.202111181127/tools/bin/../lib/gcc/arm-none-eabi/10.3.1/../../../../arm-none-eabi/lib/thumb/v7e-m+fp/hard\libm.a(lib_a-s_scalbn.o)
 .ARM.attributes
                0x00000000000006bf       0x1e c:/st/stm32cubeide_1.9.0/stm32cubeide/plugins/com.st.stm32cube.ide.mcu.externaltools.gnu-tools-for-stm32.10.3-2021.10.win32_1.0.0.202111181127/tools/bin/../lib/gcc/arm-none-eabi/10.3.1/thumb/v7e-m+fp/hard\libgcc.a(_arm_addsubdf3.o)
 .ARM.attributes
                0x00000000000006dd       0x1e c:/st/stm32cubeide_1.9.0/stm32cubeide/plugins/com.st.stm32cube.ide.mcu.externaltools.gnu-tools-for-stm32.10.3-2021.10.win32_1.0.0.202111181127/tools/bin/../lib/gcc/arm-none-eabi/10.3.1/thumb/v7e-m+fp/hard\libgcc.a(_arm_muldivdf3.o)
 .ARM.attributes
                0x00000000000006fb       0x1e c:/st/stm32cubeide_1.9.0/stm32cubeide/plugins/com.st.stm32cube.ide.mcu.externaltools.gnu-tools-for-stm32.10.3-2021.10.win32_1.0.0.202111181127/tools/bin/../lib/gcc/arm-none-eabi/10.3.1/thumb/v7e-m+fp/hard\libgcc.a(_arm_cmpdf2.o)
 .ARM.attributes
                0x0000000000000719       0x1e c:/st/stm32cubeide_1.9.0/stm32cubeide/plugins/com.st.stm32cube.ide.mcu.externaltools.gnu-tools-for-stm32.10.3-2021.10.win32_1.0.0.202111181127/tools/bin/../lib/gcc/arm-none-eabi/10.3.1/thumb/v7e-m+fp/hard\libgcc.a(_arm_unorddf2.o)
 .ARM.attributes
                0x0000000000000737       0x1e c:/st/stm32cubeide_1.9.0/stm32cubeide/plugins/com.st.stm32cube.ide.mcu.externaltools.gnu-tools-for-stm32.10.3-2021.10.win32_1.0.0.202111181127/tools/bin/../lib/gcc/arm-none-eabi/10.3.1/thumb/v7e-m+fp/hard\libgcc.a(_arm_fixunsdfsi.o)
 .ARM.attributes
                0x0000000000000755       0x1e c:/st/stm32cubeide_1.9.0/stm32cubeide/plugins/com.st.stm32cube.ide.mcu.externaltools.gnu-tools-for-stm32.10.3-2021.10.win32_1.0.0.202111181127/tools/bin/../lib/gcc/arm-none-eabi/10.3.1/thumb/v7e-m+fp/hard\libgcc.a(_arm_truncdfsf2.o)
 .ARM.attributes
                0x0000000000000773       0x1e c:/st/stm32cubeide_1.9.0/stm32cubeide/plugins/com.st.stm32cube.ide.mcu.externaltools.gnu-tools-for-stm32.10.3-2021.10.win32_1.0.0.202111181127/tools/bin/../lib/gcc/arm-none-eabi/10.3.1/thumb/v7e-m+fp/hard\libgcc.a(_aeabi_uldivmod.o)
 .ARM.attributes
                0x0000000000000791       0x34 c:/st/stm32cubeide_1.9.0/stm32cubeide/plugins/com.st.stm32cube.ide.mcu.externaltools.gnu-tools-for-stm32.10.3-2021.10.win32_1.0.0.202111181127/tools/bin/../lib/gcc/arm-none-eabi/10.3.1/thumb/v7e-m+fp/hard\libgcc.a(_udivmoddi4.o)
 .ARM.attributes
                0x00000000000007c5       0x1e c:/st/stm32cubeide_1.9.0/stm32cubeide/plugins/com.st.stm32cube.ide.mcu.externaltools.gnu-tools-for-stm32.10.3-2021.10.win32_1.0.0.202111181127/tools/bin/../lib/gcc/arm-none-eabi/10.3.1/thumb/v7e-m+fp/hard\libgcc.a(_dvmd_tls.o)
 .ARM.attributes
                0x00000000000007e3       0x1e c:/st/stm32cubeide_1.9.0/stm32cubeide/plugins/com.st.stm32cube.ide.mcu.externaltools.gnu-tools-for-stm32.10.3-2021.10.win32_1.0.0.202111181127/tools/bin/../lib/gcc/arm-none-eabi/10.3.1/thumb/v7e-m+fp/hard/crtn.o
OUTPUT(StudioIII.elf elf32-littlearm)
LOAD linker stubs
LOAD c:/st/stm32cubeide_1.9.0/stm32cubeide/plugins/com.st.stm32cube.ide.mcu.externaltools.gnu-tools-for-stm32.10.3-2021.10.win32_1.0.0.202111181127/tools/bin/../lib/gcc/arm-none-eabi/10.3.1/../../../../arm-none-eabi/lib/thumb/v7e-m+fp/hard\libc.a
LOAD c:/st/stm32cubeide_1.9.0/stm32cubeide/plugins/com.st.stm32cube.ide.mcu.externaltools.gnu-tools-for-stm32.10.3-2021.10.win32_1.0.0.202111181127/tools/bin/../lib/gcc/arm-none-eabi/10.3.1/../../../../arm-none-eabi/lib/thumb/v7e-m+fp/hard\libm.a
LOAD c:/st/stm32cubeide_1.9.0/stm32cubeide/plugins/com.st.stm32cube.ide.mcu.externaltools.gnu-tools-for-stm32.10.3-2021.10.win32_1.0.0.202111181127/tools/bin/../lib/gcc/arm-none-eabi/10.3.1/thumb/v7e-m+fp/hard\libgcc.a

.debug_info     0x0000000000000000    0x15a09
 .debug_info    0x0000000000000000     0x2ca7 ./Core/Src/main.o
 .debug_info    0x0000000000002ca7     0x1426 ./Core/Src/stm32f4xx_hal_msp.o
 .debug_info    0x00000000000040cd      0xdaf ./Core/Src/stm32f4xx_it.o
 .debug_info    0x0000000000004e7c      0x54f ./Core/Src/system_stm32f4xx.o
 .debug_info    0x00000000000053cb       0x22 ./Core/Startup/startup_stm32f411retx.o
 .debug_info    0x00000000000053ed      0x90d ./Drivers/STM32F4xx_HAL_Driver/Src/stm32f4xx_hal.o
 .debug_info    0x0000000000005cfa      0xd8b ./Drivers/STM32F4xx_HAL_Driver/Src/stm32f4xx_hal_cortex.o
 .debug_info    0x0000000000006a85      0x947 ./Drivers/STM32F4xx_HAL_Driver/Src/stm32f4xx_hal_dma.o
 .debug_info    0x00000000000073cc      0x78e ./Drivers/STM32F4xx_HAL_Driver/Src/stm32f4xx_hal_gpio.o
 .debug_info    0x0000000000007b5a     0x260f ./Drivers/STM32F4xx_HAL_Driver/Src/stm32f4xx_hal_i2c.o
 .debug_info    0x000000000000a169      0x98d ./Drivers/STM32F4xx_HAL_Driver/Src/stm32f4xx_hal_rcc.o
 .debug_info    0x000000000000aaf6     0x2bb6 ./Drivers/STM32F4xx_HAL_Driver/Src/stm32f4xx_hal_tim.o
 .debug_info    0x000000000000d6ac     0x15d8 ./Drivers/STM32F4xx_HAL_Driver/Src/stm32f4xx_hal_tim_ex.o
 .debug_info    0x000000000000ec84     0x31b4 ./Drivers/STM32F4xx_HAL_Driver/Src/stm32f4xx_hal_uart.o
 .debug_info    0x0000000000011e38      0xc1e ../Middlewares/Third_Party/ARM_CMSIS/CMSIS/DSP/Lib/GCC\libarm_cortexM4lf_math.a(arm_mat_trans_f32.o)
 .debug_info    0x0000000000012a56      0xbf9 ../Middlewares/Third_Party/ARM_CMSIS/CMSIS/DSP/Lib/GCC\libarm_cortexM4lf_math.a(arm_mat_sub_f32.o)
 .debug_info    0x000000000001364f      0xcb5 ../Middlewares/Third_Party/ARM_CMSIS/CMSIS/DSP/Lib/GCC\libarm_cortexM4lf_math.a(arm_mat_mult_f32.o)
 .debug_info    0x0000000000014304      0xb0c ../Middlewares/Third_Party/ARM_CMSIS/CMSIS/DSP/Lib/GCC\libarm_cortexM4lf_math.a(arm_mat_init_f32.o)
 .debug_info    0x0000000000014e10      0xbf9 ../Middlewares/Third_Party/ARM_CMSIS/CMSIS/DSP/Lib/GCC\libarm_cortexM4lf_math.a(arm_mat_add_f32.o)

.debug_abbrev   0x0000000000000000     0x2979
 .debug_abbrev  0x0000000000000000      0x3ab ./Core/Src/main.o
 .debug_abbrev  0x00000000000003ab      0x247 ./Core/Src/stm32f4xx_hal_msp.o
 .debug_abbrev  0x00000000000005f2      0x1cb ./Core/Src/stm32f4xx_it.o
 .debug_abbrev  0x00000000000007bd      0x116 ./Core/Src/system_stm32f4xx.o
 .debug_abbrev  0x00000000000008d3       0x12 ./Core/Startup/startup_stm32f411retx.o
 .debug_abbrev  0x00000000000008e5      0x23e ./Drivers/STM32F4xx_HAL_Driver/Src/stm32f4xx_hal.o
 .debug_abbrev  0x0000000000000b23      0x316 ./Drivers/STM32F4xx_HAL_Driver/Src/stm32f4xx_hal_cortex.o
 .debug_abbrev  0x0000000000000e39      0x21b ./Drivers/STM32F4xx_HAL_Driver/Src/stm32f4xx_hal_dma.o
 .debug_abbrev  0x0000000000001054      0x1c4 ./Drivers/STM32F4xx_HAL_Driver/Src/stm32f4xx_hal_gpio.o
 .debug_abbrev  0x0000000000001218      0x2a8 ./Drivers/STM32F4xx_HAL_Driver/Src/stm32f4xx_hal_i2c.o