Archive member included to satisfy reference by file (symbol)

../Middlewares/Third_Party/ARM_CMSIS/CMSIS/DSP/Lib/GCC\libarm_cortexM4lf_math.a(arm_mat_trans_f32.o)
                              ./Core/Src/main.o (arm_mat_trans_f32)
../Middlewares/Third_Party/ARM_CMSIS/CMSIS/DSP/Lib/GCC\libarm_cortexM4lf_math.a(arm_mat_sub_f32.o)
                              ./Core/Src/main.o (arm_mat_sub_f32)
../Middlewares/Third_Party/ARM_CMSIS/CMSIS/DSP/Lib/GCC\libarm_cortexM4lf_math.a(arm_mat_mult_f32.o)
                              ./Core/Src/main.o (arm_mat_mult_f32)
../Middlewares/Third_Party/ARM_CMSIS/CMSIS/DSP/Lib/GCC\libarm_cortexM4lf_math.a(arm_mat_init_f32.o)
                              ./Core/Src/main.o (arm_mat_init_f32)
../Middlewares/Third_Party/ARM_CMSIS/CMSIS/DSP/Lib/GCC\libarm_cortexM4lf_math.a(arm_mat_add_f32.o)
                              ./Core/Src/main.o (arm_mat_add_f32)
c:/st/stm32cubeide_1.9.0/stm32cubeide/plugins/com.st.stm32cube.ide.mcu.externaltools.gnu-tools-for-stm32.10.3-2021.10.win32_1.0.0.202111181127/tools/bin/../lib/gcc/arm-none-eabi/10.3.1/../../../../arm-none-eabi/lib/thumb/v7e-m+fp/hard\libc_nano.a(lib_a-errno.o)
                              ./Core/Src/syscalls.o (__errno)
c:/st/stm32cubeide_1.9.0/stm32cubeide/plugins/com.st.stm32cube.ide.mcu.externaltools.gnu-tools-for-stm32.10.3-2021.10.win32_1.0.0.202111181127/tools/bin/../lib/gcc/arm-none-eabi/10.3.1/../../../../arm-none-eabi/lib/thumb/v7e-m+fp/hard\libc_nano.a(lib_a-exit.o)
                              c:/st/stm32cubeide_1.9.0/stm32cubeide/plugins/com.st.stm32cube.ide.mcu.externaltools.gnu-tools-for-stm32.10.3-2021.10.win32_1.0.0.202111181127/tools/bin/../lib/gcc/arm-none-eabi/10.3.1/../../../../arm-none-eabi/lib/thumb/v7e-m+fp/hard/crt0.o (exit)
c:/st/stm32cubeide_1.9.0/stm32cubeide/plugins/com.st.stm32cube.ide.mcu.externaltools.gnu-tools-for-stm32.10.3-2021.10.win32_1.0.0.202111181127/tools/bin/../lib/gcc/arm-none-eabi/10.3.1/../../../../arm-none-eabi/lib/thumb/v7e-m+fp/hard\libc_nano.a(lib_a-impure.o)
                              c:/st/stm32cubeide_1.9.0/stm32cubeide/plugins/com.st.stm32cube.ide.mcu.externaltools.gnu-tools-for-stm32.10.3-2021.10.win32_1.0.0.202111181127/tools/bin/../lib/gcc/arm-none-eabi/10.3.1/../../../../arm-none-eabi/lib/thumb/v7e-m+fp/hard\libc_nano.a(lib_a-exit.o) (_global_impure_ptr)
c:/st/stm32cubeide_1.9.0/stm32cubeide/plugins/com.st.stm32cube.ide.mcu.externaltools.gnu-tools-for-stm32.10.3-2021.10.win32_1.0.0.202111181127/tools/bin/../lib/gcc/arm-none-eabi/10.3.1/../../../../arm-none-eabi/lib/thumb/v7e-m+fp/hard\libc_nano.a(lib_a-init.o)
                              c:/st/stm32cubeide_1.9.0/stm32cubeide/plugins/com.st.stm32cube.ide.mcu.externaltools.gnu-tools-for-stm32.10.3-2021.10.win32_1.0.0.202111181127/tools/bin/../lib/gcc/arm-none-eabi/10.3.1/../../../../arm-none-eabi/lib/thumb/v7e-m+fp/hard/crt0.o (__libc_init_array)
c:/st/stm32cubeide_1.9.0/stm32cubeide/plugins/com.st.stm32cube.ide.mcu.externaltools.gnu-tools-for-stm32.10.3-2021.10.win32_1.0.0.202111181127/tools/bin/../lib/gcc/arm-none-eabi/10.3.1/../../../../arm-none-eabi/lib/thumb/v7e-m+fp/hard\libc_nano.a(lib_a-memset.o)
                              c:/st/stm32cubeide_1.9.0/stm32cubeide/plugins/com.st.stm32cube.ide.mcu.externaltools.gnu-tools-for-stm32.10.3-2021.10.win32_1.0.0.202111181127/tools/bin/../lib/gcc/arm-none-eabi/10.3.1/../../../../arm-none-eabi/lib/thumb/v7e-m+fp/hard/crt0.o (memset)
c:/st/stm32cubeide_1.9.0/stm32cubeide/plugins/com.st.stm32cube.ide.mcu.externaltools.gnu-tools-for-stm32.10.3-2021.10.win32_1.0.0.202111181127/tools/bin/../lib/gcc/arm-none-eabi/10.3.1/../../../../arm-none-eabi/lib/thumb/v7e-m+fp/hard\libm.a(lib_a-s_ceil.o)
                              ./Core/Src/main.o (ceil)
c:/st/stm32cubeide_1.9.0/stm32cubeide/plugins/com.st.stm32cube.ide.mcu.externaltools.gnu-tools-for-stm32.10.3-2021.10.win32_1.0.0.202111181127/tools/bin/../lib/gcc/arm-none-eabi/10.3.1/../../../../arm-none-eabi/lib/thumb/v7e-m+fp/hard\libm.a(lib_a-w_pow.o)
                              ./Core/Src/main.o (pow)
c:/st/stm32cubeide_1.9.0/stm32cubeide/plugins/com.st.stm32cube.ide.mcu.externaltools.gnu-tools-for-stm32.10.3-2021.10.win32_1.0.0.202111181127/tools/bin/../lib/gcc/arm-none-eabi/10.3.1/../../../../arm-none-eabi/lib/thumb/v7e-m+fp/hard\libm.a(lib_a-w_sqrt.o)
                              ./Core/Src/main.o (sqrt)
c:/st/stm32cubeide_1.9.0/stm32cubeide/plugins/com.st.stm32cube.ide.mcu.externaltools.gnu-tools-for-stm32.10.3-2021.10.win32_1.0.0.202111181127/tools/bin/../lib/gcc/arm-none-eabi/10.3.1/../../../../arm-none-eabi/lib/thumb/v7e-m+fp/hard\libm.a(lib_a-e_pow.o)
                              c:/st/stm32cubeide_1.9.0/stm32cubeide/plugins/com.st.stm32cube.ide.mcu.externaltools.gnu-tools-for-stm32.10.3-2021.10.win32_1.0.0.202111181127/tools/bin/../lib/gcc/arm-none-eabi/10.3.1/../../../../arm-none-eabi/lib/thumb/v7e-m+fp/hard\libm.a(lib_a-w_pow.o) (__ieee754_pow)
[...]
Memory Configuration

Name             Origin             Length             Attributes
RAM              0x0000000020000000 0x0000000000020000 xrw
FLASH            0x0000000008000000 0x0000000000080000 xr
*default*        0x0000000000000000 0xffffffffffffffff

Linker script and memory map

LOAD c:/st/stm32cubeide_1.9.0/stm32cubeide/plugins/com.st.stm32cube.ide.mcu.externaltools.gnu-tools-for-stm32.10.3-2021.10.win32_1.0.0.202111181127/tools/bin/../lib/gcc/arm-none-eabi/10.3.1/thumb/v7e-m+fp/hard/crti.o
LOAD c:/st/stm32cubeide_1.9.0/stm32cubeide/plugins/com.st.stm32cube.ide.mcu.externaltools.gnu-tools-for-stm32.10.3-2021.10.win32_1.0.0.202111181127/tools/bin/../lib/gcc/arm-none-eabi/10.3.1/thumb/v7e-m+fp/hard/crtbegin.o
LOAD c:/st/stm32cubeide_1.9.0/stm32cubeide/plugins/com.st.stm32cube.ide.mcu.externaltools.gnu-tools-for-stm32.10.3-2021.10.win32_1.0.0.202111181127/tools/bin/../lib/gcc/arm-none-eabi/10.3.1/../../../../arm-none-eabi/lib/thumb/v7e-m+fp/hard/crt0.o
LOAD ./Core/Src/main.o
LOAD ./Core/Src/stm32f4xx_hal_msp.o
LOAD ./Core/Src/stm32f4xx_it.o
LOAD ./Core/Src/syscalls.o
LOAD ./Core/Src/sysmem.o
LOAD ./Core/Src/system_stm32f4xx.o
LOAD ./Core/Startup/startup_stm32f411retx.o
LOAD ./Drivers/STM32F4xx_HAL_Driver/Src/stm32f4xx_hal.o
LOAD ./Drivers/STM32F4xx_HAL_Driver/Src/stm32f4xx_hal_cortex.o
LOAD ./Drivers/STM32F4xx_HAL_Driver/Src/stm32f4xx_hal_dma.o
LOAD ./Drivers/STM32F4xx_HAL_Driver/Src/stm32f4xx_hal_dma_ex.o
LOAD ./Drivers/STM32F4xx_HAL_Driver/Src/stm32f4xx_hal_exti.o
LOAD ./Drivers/STM32F4xx_HAL_Driver/Src/stm32f4xx_hal_flash.o
LOAD ./Drivers/STM32F4xx_HAL_Driver/Src/stm32f4xx_hal_flash_ex.o
LOAD ./Drivers/STM32F4xx_HAL_Driver/Src/stm32f4xx_hal_flash_ramfunc.o
LOAD ./Drivers/STM32F4xx_HAL_Driver/Src/stm32f4xx_hal_gpio.o
LOAD ./Drivers/STM32F4xx_HAL_Driver/Src/stm32f4xx_hal_i2c.o
LOAD ./Drivers/STM32F4xx_HAL_Driver/Src/stm32f4xx_hal_i2c_ex.o
LOAD ./Drivers/STM32F4xx_HAL_Driver/Src/stm32f4xx_hal_pwr.o
LOAD ./Drivers/STM32F4xx_HAL_Driver/Src/stm32f4xx_hal_pwr_ex.o
LOAD ./Drivers/STM32F4xx_HAL_Driver/Src/stm32f4xx_hal_rcc.o
LOAD ./Drivers/STM32F4xx_HAL_Driver/Src/stm32f4xx_hal_rcc_ex.o
LOAD ./Drivers/STM32F4xx_HAL_Driver/Src/stm32f4xx_hal_tim.o
LOAD ./Drivers/STM32F4xx_HAL_Driver/Src/stm32f4xx_hal_tim_ex.o
LOAD ./Drivers/STM32F4xx_HAL_Driver/Src/stm32f4xx_hal_uart.o
LOAD ../Middlewares/Third_Party/ARM_CMSIS/CMSIS/DSP/Lib/GCC\libarm_cortexM4lf_math.a
START GROUP
LOAD c:/st/stm32cubeide_1.9.0/stm32cubeide/plugins/com.st.stm32cube.ide.mcu.externaltools.gnu-tools-for-stm32.10.3-2021.10.win32_1.0.0.202111181127/tools/bin/../lib/gcc/arm-none-eabi/10.3.1/../../../../arm-none-eabi/lib/thumb/v7e-m+fp/hard\libc_nano.a
LOAD c:/st/stm32cubeide_1.9.0/stm32cubeide/plugins/com.st.stm32cube.ide.mcu.externaltools.gnu-tools-for-stm32.10.3-2021.10.win32_1.0.0.202111181127/tools/bin/../lib/gcc/arm-none-eabi/10.3.1/../../../../arm-none-eabi/lib/thumb/v7e-m+fp/hard\libm.a
END GROUP
START GROUP
LOAD c:/st/stm32cubeide_1.9.0/stm32cubeide/plugins/com.st.stm32cube.ide.mcu.externaltools.gnu-tools-for-stm32.10.3-2021.10.win32_1.0.0.202111181127/tools/bin/../lib/gcc/arm-none-eabi/10.3.1/thumb/v7e-m+fp/hard\libgcc.a
LOAD c:/st/stm32cubeide_1.9.0/stm32cubeide/plugins/com.st.stm32cube.ide.mcu.externaltools.gnu-tools-for-stm32.10.3-2021.10.win32_1.0.0.202111181127/tools/bin/../lib/gcc/arm-none-eabi/10.3.1/../../../../arm-none-eabi/lib/thumb/v7e-m+fp/hard\libc_nano.a
END GROUP
START GROUP
LOAD c:/st/stm32cubeide_1.9.0/stm32cubeide/plugins/com.st.stm32cube.ide.mcu.externaltools.gnu-tools-for-stm32.10.3-2021.10.win32_1.0.0.202111181127/tools/bin/../lib/gcc/arm-none-eabi/10.3.1/thumb/v7e-m+fp/hard\libgcc.a
LOAD c:/st/stm32cubeide_1.9.0/stm32cubeide/plugins/com.st.stm32cube.ide.mcu.externaltools.gnu-tools-for-stm32.10.3-2021.10.win32_1.0.0.202111181127/tools/bin/../lib/gcc/arm-none-eabi/10.3.1/../../../../arm-none-eabi/lib/thumb/v7e-m+fp/hard\libc_nano.a
LOAD c:/st/stm32cubeide_1.9.0/stm32cubeide/plugins/com.st.stm32cube.ide.mcu.externaltools.gnu-tools-for-stm32.10.3-2021.10.win32_1.0.0.202111181127/tools/bin/../lib/gcc/arm-none-eabi/10.3.1/../../../../arm-none-eabi/lib/thumb/v7e-m+fp/hard\libnosys.a
END GROUP
START GROUP
LOAD c:/st/stm32cubeide_1.9.0/stm32cubeide/plugins/com.st.stm32cube.ide.mcu.externaltools.gnu-tools-for-stm32.10.3-2021.10.win32_1.0.0.202111181127/tools/bin/../lib/gcc/arm-none-eabi/10.3.1/thumb/v7e-m+fp/hard\libgcc.a
LOAD c:/st/stm32cubeide_1.9.0/stm32cubeide/plugins/com.st.stm32cube.ide.mcu.externaltools.gnu-tools-for-stm32.10.3-2021.10.win32_1.0.0.202111181127/tools/bin/../lib/gcc/arm-none-eabi/10.3.1/../../../../arm-none-eabi/lib/thumb/v7e-m+fp/hard\libc_nano.a
LOAD c:/st/stm32cubeide_1.9.0/stm32cubeide/plugins/com.st.stm32cube.ide.mcu.externaltools.gnu-tools-for-stm32.10.3-2021.10.win32_1.0.0.202111181127/tools/bin/../lib/gcc/arm-none-eabi/10.3.1/../../../../arm-none-eabi/lib/thumb/v7e-m+fp/hard\libnosys.a
END GROUP
LOAD c:/st/stm32cubeide_1.9.0/stm32cubeide/plugins/com.st.stm32cube.ide.mcu.externaltools.gnu-tools-for-stm32.10.3-2021.10.win32_1.0.0.202111181127/tools/bin/../lib/gcc/arm-none-eabi/10.3.1/thumb/v7e-m+fp/hard/crtend.o
LOAD c:/st/stm32cubeide_1.9.0/stm32cubeide/plugins/com.st.stm32cube.ide.mcu.externaltools.gnu-tools-for-stm32.10.3-2021.10.win32_1.0.0.202111181127/tools/bin/../lib/gcc/arm-none-eabi/10.3.1/thumb/v7e-m+fp/hard/crtn.o
                0x0000000020020000                _estack = (ORIGIN (RAM) + LENGTH (RAM))
                0x0000000000000200                _Min_Heap_Size = 0x200
                0x0000000000000400                _Min_Stack_Size = 0x400

.isr_vector     0x0000000008000000      0x198
                0x0000000008000000                . = ALIGN (0x4)
 *(.isr_vector)
 .isr_vector    0x0000000008000000      0x198 ./Core/Startup/startup_stm32f411retx.o
                0x0000000008000000                g_pfnVectors
                0x0000000008000198                . = ALIGN (0x4)

.text           0x0000000008000198     0xcb74
                0x0000000008000198                . = ALIGN (0x4)
 *(.text)
 .text          0x0000000008000198       0x40 c:/st/stm32cubeide_1.9.0/stm32cubeide/plugins/com.st.stm32cube.ide.mcu.externaltools.gnu-tools-for-stm32.10.3-2021.10.win32_1.0.0.202111181127/tools/bin/../lib/gcc/arm-none-eabi/10.3.1/thumb/v7e-m+fp/hard/crtbegin.o
 .text          0x00000000080001d8      0x378 c:/st/stm32cubeide_1.9.0/stm32cubeide/plugins/com.st.stm32cube.ide.mcu.externaltools.gnu-tools-for-stm32.10.3-2021.10.win32_1.0.0.202111181127/tools/bin/../lib/gcc/arm-none-eabi/10.3.1/thumb/v7e-m+fp/hard\libgcc.a(_arm_addsubdf3.o)
                0x00000000080001d8                __aeabi_drsub
                0x00000000080001e0                __aeabi_dsub
                0x00000000080001e0                __subdf3
                0x00000000080001e4                __aeabi_dadd
                0x00000000080001e4                __adddf3
                0x000000000800045c                __floatunsidf
                0x000000000800045c                __aeabi_ui2d
                0x000000000800047c                __floatsidf
                0x000000000800047c                __aeabi_i2d
                0x00000000080004a0                __aeabi_f2d
                0x00000000080004a0                __extendsfdf2
                0x00000000080004e4                __floatundidf
                0x00000000080004e4                __aeabi_ul2d
                0x00000000080004f4                __floatdidf
                0x00000000080004f4                __aeabi_l2d
 .text          0x0000000008000550      0x424 c:/st/stm32cubeide_1.9.0/stm32cubeide/plugins/com.st.stm32cube.ide.mcu.externaltools.gnu-tools-for-stm32.10.3-2021.10.win32_1.0.0.202111181127/tools/bin/../lib/gcc/arm-none-eabi/10.3.1/thumb/v7e-m+fp/hard\libgcc.a(_arm_muldivdf3.o)
                0x0000000008000550                __aeabi_dmul
                0x0000000008000550                __muldf3
                0x00000000080007a4                __divdf3
                0x00000000080007a4                __aeabi_ddiv
 .text          0x0000000008000974      0x110 c:/st/stm32cubeide_1.9.0/stm32cubeide/plugins/com.st.stm32cube.ide.mcu.externaltools.gnu-tools-for-stm32.10.3-2021.10.win32_1.0.0.202111181127/tools/bin/../lib/gcc/arm-none-eabi/10.3.1/thumb/v7e-m+fp/hard\libgcc.a(_arm_cmpdf2.o)
                0x0000000008000974                __gtdf2
                0x0000000008000974                __gedf2
                0x000000000800097c                __ltdf2
                0x000000000800097c                __ledf2
                0x0000000008000984                __nedf2
                0x0000000008000984                __eqdf2
                0x0000000008000984                __cmpdf2
                0x0000000008000a00                __aeabi_cdrcmple
                0x0000000008000a10                __aeabi_cdcmpeq
                0x0000000008000a10                __aeabi_cdcmple
                0x0000000008000a20                __aeabi_dcmpeq
                0x0000000008000a34                __aeabi_dcmplt
                0x0000000008000a48                __aeabi_dcmple
                0x0000000008000a5c                __aeabi_dcmpge
                0x0000000008000a70                __aeabi_dcmpgt
 .text          0x0000000008000a84       0x2c c:/st/stm32cubeide_1.9.0/stm32cubeide/plugins/com.st.stm32cube.ide.mcu.externaltools.gnu-tools-for-stm32.10.3-2021.10.win32_1.0.0.202111181127/tools/bin/../lib/gcc/arm-none-eabi/10.3.1/thumb/v7e-m+fp/hard\libgcc.a(_arm_unorddf2.o)
                0x0000000008000a84                __unorddf2
                0x0000000008000a84                __aeabi_dcmpun
 .text          0x0000000008000ab0       0x40 c:/st/stm32cubeide_1.9.0/stm32cubeide/plugins/com.st.stm32cube.ide.mcu.externaltools.gnu-tools-for-stm32.10.3-2021.10.win32_1.0.0.202111181127/tools/bin/../lib/gcc/arm-none-eabi/10.3.1/thumb/v7e-m+fp/hard\libgcc.a(_arm_fixunsdfsi.o)
                0x0000000008000ab0                __aeabi_d2uiz
                0x0000000008000ab0                __fixunsdfsi
 .text          0x0000000008000af0       0xa0 c:/st/stm32cubeide_1.9.0/stm32cubeide/plugins/com.st.stm32cube.ide.mcu.externaltools.gnu-tools-for-stm32.10.3-2021.10.win32_1.0.0.202111181127/tools/bin/../lib/gcc/arm-none-eabi/10.3.1/thumb/v7e-m+fp/hard\libgcc.a(_arm_truncdfsf2.o)
                0x0000000008000af0                __truncdfsf2
                0x0000000008000af0                __aeabi_d2f
 .text          0x0000000008000b90       0x30 c:/st/stm32cubeide_1.9.0/stm32cubeide/plugins/com.st.stm32cube.ide.mcu.externaltools.gnu-tools-for-stm32.10.3-2021.10.win32_1.0.0.202111181127/tools/bin/../lib/gcc/arm-none-eabi/10.3.1/thumb/v7e-m+fp/hard\libgcc.a(_aeabi_uldivmod.o)
                0x0000000008000b90                __aeabi_uldivmod
 .text          0x0000000008000bc0      0x2d0 c:/st/stm32cubeide_1.9.0/stm32cubeide/plugins/com.st.stm32cube.ide.mcu.externaltools.gnu-tools-for-stm32.10.3-2021.10.win32_1.0.0.202111181127/tools/bin/../lib/gcc/arm-none-eabi/10.3.1/thumb/v7e-m+fp/hard\libgcc.a(_udivmoddi4.o)
                0x0000000008000bc0                __udivmoddi4
 .text          0x0000000008000e90        0x4 c:/st/stm32cubeide_1.9.0/stm32cubeide/plugins/com.st.stm32cube.ide.mcu.externaltools.gnu-tools-for-stm32.10.3-2021.10.win32_1.0.0.202111181127/tools/bin/../lib/gcc/arm-none-eabi/10.3.1/thumb/v7e-m+fp/hard\libgcc.a(_dvmd_tls.o)
                0x0000000008000e90                __aeabi_idiv0
                0x0000000008000e90                __aeabi_ldiv0
 *(.text*)
 *fill*         0x0000000008000e94        0x4 
 .text.main     0x0000000008000e98      0x284 ./Core/Src/main.o
                0x0000000008000e98                main
 .text.SystemClock_Config
                0x000000000800111c       0xd0 ./Core/Src/main.o
                0x000000000800111c                SystemClock_Config
 .text.MX_I2C1_Init
                0x00000000080011ec       0x5c ./Core/Src/main.o
 .text.MX_TIM1_Init
                0x0000000008001248      0x140 ./Core/Src/main.o
 .text.MX_TIM3_Init
                0x0000000008001388       0xa8 ./Core/Src/main.o
 .text.MX_TIM4_Init
                0x0000000008001430       0x9c ./Core/Src/main.o
 .text.MX_TIM11_Init
                0x00000000080014cc       0x48 ./Core/Src/main.o
 .text.MX_USART2_UART_Init
                0x0000000008001514       0x58 ./Core/Src/main.o
 .text.MX_DMA_Init
                0x000000000800156c       0x50 ./Core/Src/main.o
 .text.MX_GPIO_Init
                0x00000000080015bc      0x18c ./Core/Src/main.o
 .text.RunMotor
                0x0000000008001748       0x88 ./Core/Src/main.o
                0x0000000008001748                RunMotor
 .text.ReadEncoder
                0x00000000080017d0       0x64 ./Core/Src/main.o
                0x00000000080017d0                ReadEncoder
 .text.BackwardDifference
                0x0000000008001834       0x40 ./Core/Src/main.o
                0x0000000008001834                BackwardDifference
 .text.SetHome  0x0000000008001874       0x90 ./Core/Src/main.o
                0x0000000008001874                SetHome
 .text.HAL_GPIO_EXTI_Callback
                0x0000000008001904       0xe8 ./Core/Src/main.o
                0x0000000008001904                HAL_GPIO_EXTI_Callback
 .text.micros   0x00000000080019ec       0x34 ./Core/Src/main.o
                0x00000000080019ec                micros
 .text.HAL_TIM_PeriodElapsedCallback
                0x0000000008001a20      0x120 ./Core/Src/main.o
                0x0000000008001a20                HAL_TIM_PeriodElapsedCallback
 .text.setmatrix
                0x0000000008001b40      0x248 ./Core/Src/main.o
                0x0000000008001b40                setmatrix
 .text.prediction
                0x0000000008001d88       0xe8 ./Core/Src/main.o
                0x0000000008001d88                prediction
 .text.update   0x0000000008001e70      0x180 ./Core/Src/main.o
                0x0000000008001e70                update
 .text.kalmanfilter
                0x0000000008001ff0       0x44 ./Core/Src/main.o
                0x0000000008001ff0                kalmanfilter
 *fill*         0x0000000008002034        0x4 
 .text.TrajectoryGenerator
                0x0000000008002038     0x10fc ./Core/Src/main.o
                0x0000000008002038                TrajectoryGenerator
 *fill*         0x0000000008003134        0x4 
 .text.TrajectoryEvaluation
                0x0000000008003138      0xbb8 ./Core/Src/main.o
                0x0000000008003138                TrajectoryEvaluation
 .text.PositionController
                0x0000000008003cf0       0xb8 ./Core/Src/main.o
                0x0000000008003cf0                PositionController
 .text.VelocityController
                0x0000000008003da8      0x144 ./Core/Src/main.o
                0x0000000008003da8                VelocityController
 .text.Cascade  0x0000000008003eec       0xfc ./Core/Src/main.o
                0x0000000008003eec                Cascade
 .text.negative
                0x0000000008003fe8       0x38 ./Core/Src/main.o
                0x0000000008003fe8                negative
 .text.positive
                0x0000000008004020       0x38 ./Core/Src/main.o
                0x0000000008004020                positive
 .text.limit    0x0000000008004058       0x60 ./Core/Src/main.o
                0x0000000008004058                limit
 .text.UART     0x00000000080040b8      0xb44 ./Core/Src/main.o
                0x00000000080040b8                UART
 .text.OpenEndEffector
                0x0000000008004bfc      0x10c ./Core/Src/main.o
                0x0000000008004bfc                OpenEndEffector
 .text.CheckEndEffector
                0x0000000008004d08       0x44 ./Core/Src/main.o
                0x0000000008004d08                CheckEndEffector
 .text.Error_Handler
                0x0000000008004d4c        0xa ./Core/Src/main.o
                0x0000000008004d4c                Error_Handler
 *fill*         0x0000000008004d56        0x2 
 .text.HAL_MspInit
                0x0000000008004d58       0x50 ./Core/Src/stm32f4xx_hal_msp.o
                0x0000000008004d58                HAL_MspInit
 .text.HAL_I2C_MspInit
                0x0000000008004da8       0xb0 ./Core/Src/stm32f4xx_hal_msp.o
                0x0000000008004da8                HAL_I2C_MspInit
 .text.HAL_TIM_Base_MspInit
                0x0000000008004e58       0xc8 ./Core/Src/stm32f4xx_hal_msp.o
                0x0000000008004e58                HAL_TIM_Base_MspInit
 .text.HAL_TIM_Encoder_MspInit
                0x0000000008004f20       0x90 ./Core/Src/stm32f4xx_hal_msp.o
                0x0000000008004f20                HAL_TIM_Encoder_MspInit
 .text.HAL_TIM_MspPostInit
                0x0000000008004fb0       0x74 ./Core/Src/stm32f4xx_hal_msp.o
                0x0000000008004fb0                HAL_TIM_MspPostInit
 .text.HAL_UART_MspInit
                0x0000000008005024      0x16c ./Core/Src/stm32f4xx_hal_msp.o
                0x0000000008005024                HAL_UART_MspInit
 .text.NMI_Handler
                0x0000000008005190        0x6 ./Core/Src/stm32f4xx_it.o
                0x0000000008005190                NMI_Handler
 .text.HardFault_Handler
                0x0000000008005196        0x6 ./Core/Src/stm32f4xx_it.o
                0x0000000008005196                HardFault_Handler
 .text.MemManage_Handler
                0x000000000800519c        0x6 ./Core/Src/stm32f4xx_it.o
                0x000000000800519c                MemManage_Handler
 .text.BusFault_Handler
                0x00000000080051a2        0x6 ./Core/Src/stm32f4xx_it.o
                0x00000000080051a2                BusFault_Handler
 .text.UsageFault_Handler
                0x00000000080051a8        0x6 ./Core/Src/stm32f4xx_it.o
                0x00000000080051a8                UsageFault_Handler
 .text.SVC_Handler
                0x00000000080051ae        0xe ./Core/Src/stm32f4xx_it.o
                0x00000000080051ae                SVC_Handler
 .text.DebugMon_Handler
                0x00000000080051bc        0xe ./Core/Src/stm32f4xx_it.o
                0x00000000080051bc                DebugMon_Handler
 .text.PendSV_Handler
                0x00000000080051ca        0xe ./Core/Src/stm32f4xx_it.o
                0x00000000080051ca                PendSV_Handler
 .text.SysTick_Handler
                0x00000000080051d8        0xc ./Core/Src/stm32f4xx_it.o
                0x00000000080051d8                SysTick_Handler
 .text.EXTI2_IRQHandler
                0x00000000080051e4        0xe ./Core/Src/stm32f4xx_it.o
                0x00000000080051e4                EXTI2_IRQHandler
 .text.EXTI4_IRQHandler
                0x00000000080051f2        0xe ./Core/Src/stm32f4xx_it.o
                0x00000000080051f2                EXTI4_IRQHandler
 .text.DMA1_Stream5_IRQHandler
                0x0000000008005200       0x14 ./Core/Src/stm32f4xx_it.o
                0x0000000008005200                DMA1_Stream5_IRQHandler
 .text.DMA1_Stream6_IRQHandler
                0x0000000008005214       0x14 ./Core/Src/stm32f4xx_it.o
                0x0000000008005214                DMA1_Stream6_IRQHandler
 .text.EXTI9_5_IRQHandler
                0x0000000008005228        0xe ./Core/Src/stm32f4xx_it.o
                0x0000000008005228                EXTI9_5_IRQHandler
 *fill*         0x0000000008005236        0x2 
 .text.TIM1_TRG_COM_TIM11_IRQHandler
                0x0000000008005238       0x1c ./Core/Src/stm32f4xx_it.o
                0x0000000008005238                TIM1_TRG_COM_TIM11_IRQHandler
 .text.TIM4_IRQHandler
                0x0000000008005254       0x14 ./Core/Src/stm32f4xx_it.o
                0x0000000008005254                TIM4_IRQHandler
 .text.I2C1_EV_IRQHandler
                0x0000000008005268       0x14 ./Core/Src/stm32f4xx_it.o
                0x0000000008005268                I2C1_EV_IRQHandler
 .text.I2C1_ER_IRQHandler
                0x000000000800527c       0x14 ./Core/Src/stm32f4xx_it.o
                0x000000000800527c                I2C1_ER_IRQHandler
 .text.USART2_IRQHandler
                0x0000000008005290       0x14 ./Core/Src/stm32f4xx_it.o
                0x0000000008005290                USART2_IRQHandler
 .text.SystemInit
                0x00000000080052a4       0x24 ./Core/Src/system_stm32f4xx.o
                0x00000000080052a4                SystemInit
 .text.Reset_Handler
                0x00000000080052c8       0x50 ./Core/Startup/startup_stm32f411retx.o
                0x00000000080052c8                Reset_Handler
 .text.Default_Handler
                0x0000000008005318        0x2 ./Core/Startup/startup_stm32f411retx.o
                0x0000000008005318                RTC_Alarm_IRQHandler
                0x0000000008005318                SPI4_IRQHandler
                0x0000000008005318                TIM1_CC_IRQHandler
                0x0000000008005318                DMA2_Stream5_IRQHandler
                0x0000000008005318                PVD_IRQHandler
                0x0000000008005318                SDIO_IRQHandler
                0x0000000008005318                TAMP_STAMP_IRQHandler
                0x0000000008005318                EXTI3_IRQHandler
                0x0000000008005318                TIM1_UP_TIM10_IRQHandler
                0x0000000008005318                I2C3_ER_IRQHandler
                0x0000000008005318                EXTI0_IRQHandler
                0x0000000008005318                I2C2_EV_IRQHandler
                0x0000000008005318                DMA1_Stream2_IRQHandler
                0x0000000008005318                FPU_IRQHandler
                0x0000000008005318                DMA2_Stream2_IRQHandler
                0x0000000008005318                SPI1_IRQHandler
                0x0000000008005318                TIM1_BRK_TIM9_IRQHandler
                0x0000000008005318                DMA2_Stream3_IRQHandler
                0x0000000008005318                USART6_IRQHandler
                0x0000000008005318                DMA2_Stream0_IRQHandler
                0x0000000008005318                DMA1_Stream1_IRQHandler
                0x0000000008005318                TIM3_IRQHandler
                0x0000000008005318                RCC_IRQHandler
                0x0000000008005318                Default_Handler
                0x0000000008005318                EXTI15_10_IRQHandler
                0x0000000008005318                ADC_IRQHandler
                0x0000000008005318                DMA1_Stream7_IRQHandler
                0x0000000008005318                SPI5_IRQHandler
                0x0000000008005318                TIM5_IRQHandler
                0x0000000008005318                DMA2_Stream7_IRQHandler
                0x0000000008005318                I2C3_EV_IRQHandler
                0x0000000008005318                RTC_WKUP_IRQHandler
                0x0000000008005318                SPI2_IRQHandler
                0x0000000008005318                DMA1_Stream0_IRQHandler
                0x0000000008005318                WWDG_IRQHandler
                0x0000000008005318                TIM2_IRQHandler
                0x0000000008005318                OTG_FS_WKUP_IRQHandler
                0x0000000008005318                EXTI1_IRQHandler
                0x0000000008005318                I2C2_ER_IRQHandler
                0x0000000008005318                DMA2_Stream1_IRQHandler
                0x0000000008005318                FLASH_IRQHandler
                0x0000000008005318                DMA2_Stream4_IRQHandler
                0x0000000008005318                USART1_IRQHandler
                0x0000000008005318                OTG_FS_IRQHandler
                0x0000000008005318                SPI3_IRQHandler
                0x0000000008005318                DMA1_Stream4_IRQHandler
                0x0000000008005318                DMA2_Stream6_IRQHandler
                0x0000000008005318                DMA1_Stream3_IRQHandler
 *fill*         0x000000000800531a        0x2 
 .text.HAL_Init
                0x000000000800531c       0x44 ./Drivers/STM32F4xx_HAL_Driver/Src/stm32f4xx_hal.o
                0x000000000800531c                HAL_Init
 .text.HAL_InitTick
                0x0000000008005360       0x60 ./Drivers/STM32F4xx_HAL_Driver/Src/stm32f4xx_hal.o
                0x0000000008005360                HAL_InitTick
 .text.HAL_IncTick
                0x00000000080053c0       0x28 ./Drivers/STM32F4xx_HAL_Driver/Src/stm32f4xx_hal.o
                0x00000000080053c0                HAL_IncTick
 .text.HAL_GetTick
                0x00000000080053e8       0x18 ./Drivers/STM32F4xx_HAL_Driver/Src/stm32f4xx_hal.o
                0x00000000080053e8                HAL_GetTick
 .text.HAL_Delay
                0x0000000008005400       0x48 ./Drivers/STM32F4xx_HAL_Driver/Src/stm32f4xx_hal.o
                0x0000000008005400                HAL_Delay
 .text.__NVIC_SetPriorityGrouping
                0x0000000008005448       0x48 ./Drivers/STM32F4xx_HAL_Driver/Src/stm32f4xx_hal_cortex.o
 .text.__NVIC_GetPriorityGrouping
                0x0000000008005490       0x1c ./Drivers/STM32F4xx_HAL_Driver/Src/stm32f4xx_hal_cortex.o
 .text.__NVIC_EnableIRQ
                0x00000000080054ac       0x3c ./Drivers/STM32F4xx_HAL_Driver/Src/stm32f4xx_hal_cortex.o
 .text.__NVIC_SetPriority
                0x00000000080054e8       0x54 ./Drivers/STM32F4xx_HAL_Driver/Src/stm32f4xx_hal_cortex.o
 .text.NVIC_EncodePriority
                0x000000000800553c       0x66 ./Drivers/STM32F4xx_HAL_Driver/Src/stm32f4xx_hal_cortex.o
 *fill*         0x00000000080055a2        0x2 
 .text.SysTick_Config
                0x00000000080055a4       0x44 ./Drivers/STM32F4xx_HAL_Driver/Src/stm32f4xx_hal_cortex.o
 .text.HAL_NVIC_SetPriorityGrouping
                0x00000000080055e8       0x16 ./Drivers/STM32F4xx_HAL_Driver/Src/stm32f4xx_hal_cortex.o
                0x00000000080055e8                HAL_NVIC_SetPriorityGrouping
 .text.HAL_NVIC_SetPriority
                0x00000000080055fe       0x38 ./Drivers/STM32F4xx_HAL_Driver/Src/stm32f4xx_hal_cortex.o
                0x00000000080055fe                HAL_NVIC_SetPriority
 .text.HAL_NVIC_EnableIRQ
                0x0000000008005636       0x1c ./Drivers/STM32F4xx_HAL_Driver/Src/stm32f4xx_hal_cortex.o
                0x0000000008005636                HAL_NVIC_EnableIRQ
 .text.HAL_SYSTICK_Config
                0x0000000008005652       0x18 ./Drivers/STM32F4xx_HAL_Driver/Src/stm32f4xx_hal_cortex.o
                0x0000000008005652                HAL_SYSTICK_Config
 *fill*         0x000000000800566a        0x2 
 .text.HAL_DMA_Init
                0x000000000800566c      0x15c ./Drivers/STM32F4xx_HAL_Driver/Src/stm32f4xx_hal_dma.o
                0x000000000800566c                HAL_DMA_Init
 .text.HAL_DMA_Start_IT
                0x00000000080057c8       0xb0 ./Drivers/STM32F4xx_HAL_Driver/Src/stm32f4xx_hal_dma.o
                0x00000000080057c8                HAL_DMA_Start_IT
 .text.HAL_DMA_Abort
                0x0000000008005878       0xe0 ./Drivers/STM32F4xx_HAL_Driver/Src/stm32f4xx_hal_dma.o
                0x0000000008005878                HAL_DMA_Abort
 .text.HAL_DMA_Abort_IT
                0x0000000008005958       0x44 ./Drivers/STM32F4xx_HAL_Driver/Src/stm32f4xx_hal_dma.o
                0x0000000008005958                HAL_DMA_Abort_IT
 .text.HAL_DMA_IRQHandler
                0x000000000800599c      0x314 ./Drivers/STM32F4xx_HAL_Driver/Src/stm32f4xx_hal_dma.o
                0x000000000800599c                HAL_DMA_IRQHandler
 .text.HAL_DMA_GetState
                0x0000000008005cb0       0x1c ./Drivers/STM32F4xx_HAL_Driver/Src/stm32f4xx_hal_dma.o
                0x0000000008005cb0                HAL_DMA_GetState
 .text.DMA_SetConfig
                0x0000000008005ccc       0x5c ./Drivers/STM32F4xx_HAL_Driver/Src/stm32f4xx_hal_dma.o
 .text.DMA_CalcBaseAndBitshift
                0x0000000008005d28       0x6c ./Drivers/STM32F4xx_HAL_Driver/Src/stm32f4xx_hal_dma.o
 .text.DMA_CheckFifoParam
                0x0000000008005d94       0xf8 ./Drivers/STM32F4xx_HAL_Driver/Src/stm32f4xx_hal_dma.o
 .text.HAL_GPIO_Init
                0x0000000008005e8c      0x308 ./Drivers/STM32F4xx_HAL_Driver/Src/stm32f4xx_hal_gpio.o
                0x0000000008005e8c                HAL_GPIO_Init
 .text.HAL_GPIO_ReadPin
                0x0000000008006194       0x30 ./Drivers/STM32F4xx_HAL_Driver/Src/stm32f4xx_hal_gpio.o
                0x0000000008006194                HAL_GPIO_ReadPin
 .text.HAL_GPIO_WritePin
                0x00000000080061c4       0x32 ./Drivers/STM32F4xx_HAL_Driver/Src/stm32f4xx_hal_gpio.o
                0x00000000080061c4                HAL_GPIO_WritePin
 *fill*         0x00000000080061f6        0x2 
 .text.HAL_GPIO_EXTI_IRQHandler
                0x00000000080061f8       0x30 ./Drivers/STM32F4xx_HAL_Driver/Src/stm32f4xx_hal_gpio.o
                0x00000000080061f8                HAL_GPIO_EXTI_IRQHandler
 .text.HAL_I2C_Init
                0x0000000008006228      0x288 ./Drivers/STM32F4xx_HAL_Driver/Src/stm32f4xx_hal_i2c.o
                0x0000000008006228                HAL_I2C_Init
 .text.HAL_I2C_Master_Transmit
                0x00000000080064b0      0x1fc ./Drivers/STM32F4xx_HAL_Driver/Src/stm32f4xx_hal_i2c.o
                0x00000000080064b0                HAL_I2C_Master_Transmit
 .text.HAL_I2C_Master_Seq_Transmit_IT
                0x00000000080066ac      0x18c ./Drivers/STM32F4xx_HAL_Driver/Src/stm32f4xx_hal_i2c.o
                0x00000000080066ac                HAL_I2C_Master_Seq_Transmit_IT
 .text.HAL_I2C_Master_Seq_Receive_IT
                0x0000000008006838      0x1fc ./Drivers/STM32F4xx_HAL_Driver/Src/stm32f4xx_hal_i2c.o
                0x0000000008006838                HAL_I2C_Master_Seq_Receive_IT
 .text.HAL_I2C_EV_IRQHandler
                0x0000000008006a34      0x2e2 ./Drivers/STM32F4xx_HAL_Driver/Src/stm32f4xx_hal_i2c.o
                0x0000000008006a34                HAL_I2C_EV_IRQHandler
 .text.HAL_I2C_ER_IRQHandler
                0x0000000008006d16      0x14e ./Drivers/STM32F4xx_HAL_Driver/Src/stm32f4xx_hal_i2c.o
                0x0000000008006d16                HAL_I2C_ER_IRQHandler
 .text.HAL_I2C_MasterTxCpltCallback
                0x0000000008006e64       0x14 ./Drivers/STM32F4xx_HAL_Driver/Src/stm32f4xx_hal_i2c.o
                0x0000000008006e64                HAL_I2C_MasterTxCpltCallback
 .text.HAL_I2C_MasterRxCpltCallback
                0x0000000008006e78       0x14 ./Drivers/STM32F4xx_HAL_Driver/Src/stm32f4xx_hal_i2c.o
                0x0000000008006e78                HAL_I2C_MasterRxCpltCallback
 .text.HAL_I2C_SlaveTxCpltCallback
                0x0000000008006e8c       0x14 ./Drivers/STM32F4xx_HAL_Driver/Src/stm32f4xx_hal_i2c.o
                0x0000000008006e8c                HAL_I2C_SlaveTxCpltCallback
 .text.HAL_I2C_SlaveRxCpltCallback
                0x0000000008006ea0       0x14 ./Drivers/STM32F4xx_HAL_Driver/Src/stm32f4xx_hal_i2c.o
                0x0000000008006ea0                HAL_I2C_SlaveRxCpltCallback
 .text.HAL_I2C_AddrCallback
                0x0000000008006eb4       0x1c ./Drivers/STM32F4xx_HAL_Driver/Src/stm32f4xx_hal_i2c.o
                0x0000000008006eb4                HAL_I2C_AddrCallback
 .text.HAL_I2C_ListenCpltCallback
                0x0000000008006ed0       0x14 ./Drivers/STM32F4xx_HAL_Driver/Src/stm32f4xx_hal_i2c.o
                0x0000000008006ed0                HAL_I2C_ListenCpltCallback
 .text.HAL_I2C_MemTxCpltCallback
                0x0000000008006ee4       0x14 ./Drivers/STM32F4xx_HAL_Driver/Src/stm32f4xx_hal_i2c.o
                0x0000000008006ee4                HAL_I2C_MemTxCpltCallback
 .text.HAL_I2C_MemRxCpltCallback
                0x0000000008006ef8       0x14 ./Drivers/STM32F4xx_HAL_Driver/Src/stm32f4xx_hal_i2c.o
                0x0000000008006ef8                HAL_I2C_MemRxCpltCallback
 .text.HAL_I2C_ErrorCallback
                0x0000000008006f0c       0x14 ./Drivers/STM32F4xx_HAL_Driver/Src/stm32f4xx_hal_i2c.o
                0x0000000008006f0c                HAL_I2C_ErrorCallback
 .text.HAL_I2C_AbortCpltCallback
                0x0000000008006f20       0x14 ./Drivers/STM32F4xx_HAL_Driver/Src/stm32f4xx_hal_i2c.o
                0x0000000008006f20                HAL_I2C_AbortCpltCallback
 .text.I2C_MasterTransmit_TXE
                0x0000000008006f34      0x138 ./Drivers/STM32F4xx_HAL_Driver/Src/stm32f4xx_hal_i2c.o
 .text.I2C_MasterTransmit_BTF
                0x000000000800706c       0xec ./Drivers/STM32F4xx_HAL_Driver/Src/stm32f4xx_hal_i2c.o
 .text.I2C_MemoryTransmit_TXE_BTF
                0x0000000008007158      0x128 ./Drivers/STM32F4xx_HAL_Driver/Src/stm32f4xx_hal_i2c.o
 .text.I2C_MasterReceive_RXNE
                0x0000000008007280      0x176 ./Drivers/STM32F4xx_HAL_Driver/Src/stm32f4xx_hal_i2c.o
 .text.I2C_MasterReceive_BTF
                0x00000000080073f6      0x1d4 ./Drivers/STM32F4xx_HAL_Driver/Src/stm32f4xx_hal_i2c.o
 .text.I2C_Master_SB
                0x00000000080075ca      0x10c ./Drivers/STM32F4xx_HAL_Driver/Src/stm32f4xx_hal_i2c.o
 .text.I2C_Master_ADD10
                0x00000000080076d6       0x54 ./Drivers/STM32F4xx_HAL_Driver/Src/stm32f4xx_hal_i2c.o
 .text.I2C_Master_ADDR
                0x000000000800772a      0x322 ./Drivers/STM32F4xx_HAL_Driver/Src/stm32f4xx_hal_i2c.o
 .text.I2C_SlaveTransmit_TXE
                0x0000000008007a4c       0x7a ./Drivers/STM32F4xx_HAL_Driver/Src/stm32f4xx_hal_i2c.o
 .text.I2C_SlaveTransmit_BTF
                0x0000000008007ac6       0x42 ./Drivers/STM32F4xx_HAL_Driver/Src/stm32f4xx_hal_i2c.o
 .text.I2C_SlaveReceive_RXNE
                0x0000000008007b08       0x7c ./Drivers/STM32F4xx_HAL_Driver/Src/stm32f4xx_hal_i2c.o
 .text.I2C_SlaveReceive_BTF
                0x0000000008007b84       0x44 ./Drivers/STM32F4xx_HAL_Driver/Src/stm32f4xx_hal_i2c.o
 .text.I2C_Slave_ADDR
                0x0000000008007bc8       0x94 ./Drivers/STM32F4xx_HAL_Driver/Src/stm32f4xx_hal_i2c.o
 .text.I2C_Slave_STOPF
                0x0000000008007c5c      0x260 ./Drivers/STM32F4xx_HAL_Driver/Src/stm32f4xx_hal_i2c.o
 .text.I2C_Slave_AF
                0x0000000008007ebc       0xe0 ./Drivers/STM32F4xx_HAL_Driver/Src/stm32f4xx_hal_i2c.o
 .text.I2C_ITError
                0x0000000008007f9c      0x264 ./Drivers/STM32F4xx_HAL_Driver/Src/stm32f4xx_hal_i2c.o
 .text.I2C_MasterRequestWrite
                0x0000000008008200      0x104 ./Drivers/STM32F4xx_HAL_Driver/Src/stm32f4xx_hal_i2c.o
 .text.I2C_DMAAbort
                0x0000000008008304      0x150 ./Drivers/STM32F4xx_HAL_Driver/Src/stm32f4xx_hal_i2c.o
 .text.I2C_WaitOnFlagUntilTimeout
                0x0000000008008454       0xae ./Drivers/STM32F4xx_HAL_Driver/Src/stm32f4xx_hal_i2c.o
 .text.I2C_WaitOnMasterAddressFlagUntilTimeout
                0x0000000008008502       0xfe ./Drivers/STM32F4xx_HAL_Driver/Src/stm32f4xx_hal_i2c.o
 .text.I2C_WaitOnTXEFlagUntilTimeout
                0x0000000008008600       0x82 ./Drivers/STM32F4xx_HAL_Driver/Src/stm32f4xx_hal_i2c.o
 .text.I2C_WaitOnBTFFlagUntilTimeout
                0x0000000008008682       0x82 ./Drivers/STM32F4xx_HAL_Driver/Src/stm32f4xx_hal_i2c.o
 .text.I2C_WaitOnSTOPRequestThroughIT
                0x0000000008008704       0x64 ./Drivers/STM32F4xx_HAL_Driver/Src/stm32f4xx_hal_i2c.o
 .text.I2C_IsAcknowledgeFailed
                0x0000000008008768       0x5e ./Drivers/STM32F4xx_HAL_Driver/Src/stm32f4xx_hal_i2c.o
 .text.I2C_ConvertOtherXferOptions
                0x00000000080087c6       0x36 ./Drivers/STM32F4xx_HAL_Driver/Src/stm32f4xx_hal_i2c.o
 .text.HAL_RCC_OscConfig
                0x00000000080087fc      0x4f0 ./Drivers/STM32F4xx_HAL_Driver/Src/stm32f4xx_hal_rcc.o
                0x00000000080087fc                HAL_RCC_OscConfig
 .text.HAL_RCC_ClockConfig
                0x0000000008008cec      0x1cc ./Drivers/STM32F4xx_HAL_Driver/Src/stm32f4xx_hal_rcc.o
                0x0000000008008cec                HAL_RCC_ClockConfig
 .text.HAL_RCC_GetSysClockFreq
                0x0000000008008eb8      0x20c ./Drivers/STM32F4xx_HAL_Driver/Src/stm32f4xx_hal_rcc.o
                0x0000000008008eb8                HAL_RCC_GetSysClockFreq
 .text.HAL_RCC_GetHCLKFreq
                0x00000000080090c4       0x18 ./Drivers/STM32F4xx_HAL_Driver/Src/stm32f4xx_hal_rcc.o
                0x00000000080090c4                HAL_RCC_GetHCLKFreq
 .text.HAL_RCC_GetPCLK1Freq
                0x00000000080090dc       0x28 ./Drivers/STM32F4xx_HAL_Driver/Src/stm32f4xx_hal_rcc.o
                0x00000000080090dc                HAL_RCC_GetPCLK1Freq
 .text.HAL_RCC_GetPCLK2Freq
                0x0000000008009104       0x28 ./Drivers/STM32F4xx_HAL_Driver/Src/stm32f4xx_hal_rcc.o
                0x0000000008009104                HAL_RCC_GetPCLK2Freq
 .text.HAL_TIM_Base_Init
                0x000000000800912c       0x9e ./Drivers/STM32F4xx_HAL_Driver/Src/stm32f4xx_hal_tim.o
                0x000000000800912c                HAL_TIM_Base_Init
 *fill*         0x00000000080091ca        0x2 
 .text.HAL_TIM_Base_Start
                0x00000000080091cc       0xb4 ./Drivers/STM32F4xx_HAL_Driver/Src/stm32f4xx_hal_tim.o
                0x00000000080091cc                HAL_TIM_Base_Start
 .text.HAL_TIM_Base_Start_IT
                0x0000000008009280       0xc4 ./Drivers/STM32F4xx_HAL_Driver/Src/stm32f4xx_hal_tim.o
                0x0000000008009280                HAL_TIM_Base_Start_IT
 .text.HAL_TIM_PWM_Init
                0x0000000008009344       0x9e ./Drivers/STM32F4xx_HAL_Driver/Src/stm32f4xx_hal_tim.o
                0x0000000008009344                HAL_TIM_PWM_Init
 .text.HAL_TIM_PWM_MspInit
                0x00000000080093e2       0x14 ./Drivers/STM32F4xx_HAL_Driver/Src/stm32f4xx_hal_tim.o
                0x00000000080093e2                HAL_TIM_PWM_MspInit
 *fill*         0x00000000080093f6        0x2 
 .text.HAL_TIM_PWM_Start
                0x00000000080093f8      0x160 ./Drivers/STM32F4xx_HAL_Driver/Src/stm32f4xx_hal_tim.o
                0x00000000080093f8                HAL_TIM_PWM_Start
 .text.HAL_TIM_Encoder_Init
                0x0000000008009558      0x14c ./Drivers/STM32F4xx_HAL_Driver/Src/stm32f4xx_hal_tim.o
                0x0000000008009558                HAL_TIM_Encoder_Init
 .text.HAL_TIM_Encoder_Start
                0x00000000080096a4      0x11c ./Drivers/STM32F4xx_HAL_Driver/Src/stm32f4xx_hal_tim.o
                0x00000000080096a4                HAL_TIM_Encoder_Start
 .text.HAL_TIM_IRQHandler
                0x00000000080097c0      0x210 ./Drivers/STM32F4xx_HAL_Driver/Src/stm32f4xx_hal_tim.o
                0x00000000080097c0                HAL_TIM_IRQHandler
 .text.HAL_TIM_PWM_ConfigChannel
                0x00000000080099d0      0x184 ./Drivers/STM32F4xx_HAL_Driver/Src/stm32f4xx_hal_tim.o
                0x00000000080099d0                HAL_TIM_PWM_ConfigChannel
 .text.HAL_TIM_ConfigClockSource
                0x0000000008009b54      0x18e ./Drivers/STM32F4xx_HAL_Driver/Src/stm32f4xx_hal_tim.o
                0x0000000008009b54                HAL_TIM_ConfigClockSource
 .text.HAL_TIM_OC_DelayElapsedCallback
                0x0000000008009ce2       0x14 ./Drivers/STM32F4xx_HAL_Driver/Src/stm32f4xx_hal_tim.o
                0x0000000008009ce2                HAL_TIM_OC_DelayElapsedCallback
 .text.HAL_TIM_IC_CaptureCallback
                0x0000000008009cf6       0x14 ./Drivers/STM32F4xx_HAL_Driver/Src/stm32f4xx_hal_tim.o
                0x0000000008009cf6                HAL_TIM_IC_CaptureCallback
 .text.HAL_TIM_PWM_PulseFinishedCallback
                0x0000000008009d0a       0x14 ./Drivers/STM32F4xx_HAL_Driver/Src/stm32f4xx_hal_tim.o
                0x0000000008009d0a                HAL_TIM_PWM_PulseFinishedCallback
 .text.HAL_TIM_TriggerCallback
                0x0000000008009d1e       0x14 ./Drivers/STM32F4xx_HAL_Driver/Src/stm32f4xx_hal_tim.o
                0x0000000008009d1e                HAL_TIM_TriggerCallback
 *fill*         0x0000000008009d32        0x2 
 .text.TIM_Base_SetConfig
                0x0000000008009d34      0x100 ./Drivers/STM32F4xx_HAL_Driver/Src/stm32f4xx_hal_tim.o
                0x0000000008009d34                TIM_Base_SetConfig
 .text.TIM_OC1_SetConfig
                0x0000000008009e34       0xcc ./Drivers/STM32F4xx_HAL_Driver/Src/stm32f4xx_hal_tim.o
 .text.TIM_OC2_SetConfig
                0x0000000008009f00       0xd8 ./Drivers/STM32F4xx_HAL_Driver/Src/stm32f4xx_hal_tim.o
                0x0000000008009f00                TIM_OC2_SetConfig
 .text.TIM_OC3_SetConfig
                0x0000000008009fd8       0xd4 ./Drivers/STM32F4xx_HAL_Driver/Src/stm32f4xx_hal_tim.o
 .text.TIM_OC4_SetConfig
                0x000000000800a0ac       0xa0 ./Drivers/STM32F4xx_HAL_Driver/Src/stm32f4xx_hal_tim.o
 .text.TIM_TI1_ConfigInputStage
                0x000000000800a14c       0x5e ./Drivers/STM32F4xx_HAL_Driver/Src/stm32f4xx_hal_tim.o
 .text.TIM_TI2_ConfigInputStage
                0x000000000800a1aa       0x60 ./Drivers/STM32F4xx_HAL_Driver/Src/stm32f4xx_hal_tim.o
 .text.TIM_ITRx_SetConfig
                0x000000000800a20a       0x36 ./Drivers/STM32F4xx_HAL_Driver/Src/stm32f4xx_hal_tim.o
 .text.TIM_ETR_SetConfig
                0x000000000800a240       0x40 ./Drivers/STM32F4xx_HAL_Driver/Src/stm32f4xx_hal_tim.o
                0x000000000800a240                TIM_ETR_SetConfig
 .text.TIM_CCxChannelCmd
                0x000000000800a280       0x4a ./Drivers/STM32F4xx_HAL_Driver/Src/stm32f4xx_hal_tim.o
                0x000000000800a280                TIM_CCxChannelCmd
 *fill*         0x000000000800a2ca        0x2 
 .text.HAL_TIMEx_MasterConfigSynchronization
                0x000000000800a2cc       0xdc ./Drivers/STM32F4xx_HAL_Driver/Src/stm32f4xx_hal_tim_ex.o
                0x000000000800a2cc                HAL_TIMEx_MasterConfigSynchronization
 .text.HAL_TIMEx_ConfigBreakDeadTime
                0x000000000800a3a8       0xa4 ./Drivers/STM32F4xx_HAL_Driver/Src/stm32f4xx_hal_tim_ex.o
                0x000000000800a3a8                HAL_TIMEx_ConfigBreakDeadTime
 .text.HAL_TIMEx_CommutCallback
                0x000000000800a44c       0x14 ./Drivers/STM32F4xx_HAL_Driver/Src/stm32f4xx_hal_tim_ex.o
                0x000000000800a44c                HAL_TIMEx_CommutCallback
 .text.HAL_TIMEx_BreakCallback
                0x000000000800a460       0x14 ./Drivers/STM32F4xx_HAL_Driver/Src/stm32f4xx_hal_tim_ex.o
                0x000000000800a460                HAL_TIMEx_BreakCallback
 .text.HAL_UART_Init
                0x000000000800a474       0x9a ./Drivers/STM32F4xx_HAL_Driver/Src/stm32f4xx_hal_uart.o
                0x000000000800a474                HAL_UART_Init
 *fill*         0x000000000800a50e        0x2 
 .text.HAL_UART_Transmit_DMA
                0x000000000800a510       0xfc ./Drivers/STM32F4xx_HAL_Driver/Src/stm32f4xx_hal_uart.o
                0x000000000800a510                HAL_UART_Transmit_DMA
 .text.HAL_UART_Receive_DMA
                0x000000000800a60c       0x60 ./Drivers/STM32F4xx_HAL_Driver/Src/stm32f4xx_hal_uart.o
                0x000000000800a60c                HAL_UART_Receive_DMA
 .text.HAL_UART_DMAStop
                0x000000000800a66c       0xfe ./Drivers/STM32F4xx_HAL_Driver/Src/stm32f4xx_hal_uart.o
                0x000000000800a66c                HAL_UART_DMAStop
 *fill*         0x000000000800a76a        0x2 
 .text.HAL_UART_IRQHandler
                0x000000000800a76c      0x51c ./Drivers/STM32F4xx_HAL_Driver/Src/stm32f4xx_hal_uart.o
                0x000000000800a76c                HAL_UART_IRQHandler
 .text.HAL_UART_TxCpltCallback
                0x000000000800ac88       0x14 ./Drivers/STM32F4xx_HAL_Driver/Src/stm32f4xx_hal_uart.o
                0x000000000800ac88                HAL_UART_TxCpltCallback
 .text.HAL_UART_TxHalfCpltCallback
                0x000000000800ac9c       0x14 ./Drivers/STM32F4xx_HAL_Driver/Src/stm32f4xx_hal_uart.o
                0x000000000800ac9c                HAL_UART_TxHalfCpltCallback
 .text.HAL_UART_RxCpltCallback
                0x000000000800acb0       0x14 ./Drivers/STM32F4xx_HAL_Driver/Src/stm32f4xx_hal_uart.o
                0x000000000800acb0                HAL_UART_RxCpltCallback
 .text.HAL_UART_RxHalfCpltCallback
                0x000000000800acc4       0x14 ./Drivers/STM32F4xx_HAL_Driver/Src/stm32f4xx_hal_uart.o
                0x000000000800acc4                HAL_UART_RxHalfCpltCallback
 .text.HAL_UART_ErrorCallback
                0x000000000800acd8       0x14 ./Drivers/STM32F4xx_HAL_Driver/Src/stm32f4xx_hal_uart.o
                0x000000000800acd8                HAL_UART_ErrorCallback
 .text.HAL_UARTEx_RxEventCallback
                0x000000000800acec       0x18 ./Drivers/STM32F4xx_HAL_Driver/Src/stm32f4xx_hal_uart.o
                0x000000000800acec                HAL_UARTEx_RxEventCallback
 .text.UART_DMATransmitCplt
                0x000000000800ad04       0x9a ./Drivers/STM32F4xx_HAL_Driver/Src/stm32f4xx_hal_uart.o
 .text.UART_DMATxHalfCplt
                0x000000000800ad9e       0x1c ./Drivers/STM32F4xx_HAL_Driver/Src/stm32f4xx_hal_uart.o
 .text.UART_DMAReceiveCplt
                0x000000000800adba      0x126 ./Drivers/STM32F4xx_HAL_Driver/Src/stm32f4xx_hal_uart.o
 .text.UART_DMARxHalfCplt
                0x000000000800aee0       0x36 ./Drivers/STM32F4xx_HAL_Driver/Src/stm32f4xx_hal_uart.o
 .text.UART_DMAError
                0x000000000800af16       0x94 ./Drivers/STM32F4xx_HAL_Driver/Src/stm32f4xx_hal_uart.o
 *fill*         0x000000000800afaa        0x2 
 .text.UART_Start_Receive_DMA
                0x000000000800afac      0x13c ./Drivers/STM32F4xx_HAL_Driver/Src/stm32f4xx_hal_uart.o
                0x000000000800afac                UART_Start_Receive_DMA
 .text.UART_EndTxTransfer
                0x000000000800b0e8       0x50 ./Drivers/STM32F4xx_HAL_Driver/Src/stm32f4xx_hal_uart.o
 .text.UART_EndRxTransfer
                0x000000000800b138       0xc6 ./Drivers/STM32F4xx_HAL_Driver/Src/stm32f4xx_hal_uart.o
 .text.UART_DMAAbortOnError
                0x000000000800b1fe       0x28 ./Drivers/STM32F4xx_HAL_Driver/Src/stm32f4xx_hal_uart.o
 .text.UART_Transmit_IT
                0x000000000800b226       0xa0 ./Drivers/STM32F4xx_HAL_Driver/Src/stm32f4xx_hal_uart.o
 .text.UART_EndTransmit_IT
                0x000000000800b2c6       0x30 ./Drivers/STM32F4xx_HAL_Driver/Src/stm32f4xx_hal_uart.o
 .text.UART_Receive_IT
                0x000000000800b2f6      0x176 ./Drivers/STM32F4xx_HAL_Driver/Src/stm32f4xx_hal_uart.o
 .text.UART_SetConfig
                0x000000000800b46c      0x4e8 ./Drivers/STM32F4xx_HAL_Driver/Src/stm32f4xx_hal_uart.o
 .text.arm_mat_trans_f32
                0x000000000800b954       0xb8 ../Middlewares/Third_Party/ARM_CMSIS/CMSIS/DSP/Lib/GCC\libarm_cortexM4lf_math.a(arm_mat_trans_f32.o)
                0x000000000800b954                arm_mat_trans_f32
 .text.arm_mat_sub_f32
                0x000000000800ba0c       0xd4 ../Middlewares/Third_Party/ARM_CMSIS/CMSIS/DSP/Lib/GCC\libarm_cortexM4lf_math.a(arm_mat_sub_f32.o)
                0x000000000800ba0c                arm_mat_sub_f32
 .text.arm_mat_mult_f32
                0x000000000800bae0      0x140 ../Middlewares/Third_Party/ARM_CMSIS/CMSIS/DSP/Lib/GCC\libarm_cortexM4lf_math.a(arm_mat_mult_f32.o)
                0x000000000800bae0                arm_mat_mult_f32
 .text.arm_mat_init_f32
                0x000000000800bc20        0x8 ../Middlewares/Third_Party/ARM_CMSIS/CMSIS/DSP/Lib/GCC\libarm_cortexM4lf_math.a(arm_mat_init_f32.o)
                0x000000000800bc20                arm_mat_init_f32
 .text.arm_mat_add_f32
                0x000000000800bc28       0xd4 ../Middlewares/Third_Party/ARM_CMSIS/CMSIS/DSP/Lib/GCC\libarm_cortexM4lf_math.a(arm_mat_add_f32.o)
                0x000000000800bc28                arm_mat_add_f32
 .text.__errno  0x000000000800bcfc        0xc c:/st/stm32cubeide_1.9.0/stm32cubeide/plugins/com.st.stm32cube.ide.mcu.externaltools.gnu-tools-for-stm32.10.3-2021.10.win32_1.0.0.202111181127/tools/bin/../lib/gcc/arm-none-eabi/10.3.1/../../../../arm-none-eabi/lib/thumb/v7e-m+fp/hard\libc_nano.a(lib_a-errno.o)
                0x000000000800bcfc                __errno
 .text.__libc_init_array
                0x000000000800bd08       0x48 c:/st/stm32cubeide_1.9.0/stm32cubeide/plugins/com.st.stm32cube.ide.mcu.externaltools.gnu-tools-for-stm32.10.3-2021.10.win32_1.0.0.202111181127/tools/bin/../lib/gcc/arm-none-eabi/10.3.1/../../../../arm-none-eabi/lib/thumb/v7e-m+fp/hard\libc_nano.a(lib_a-init.o)
                0x000000000800bd08                __libc_init_array
 .text.memset   0x000000000800bd50       0x10 c:/st/stm32cubeide_1.9.0/stm32cubeide/plugins/com.st.stm32cube.ide.mcu.externaltools.gnu-tools-for-stm32.10.3-2021.10.win32_1.0.0.202111181127/tools/bin/../lib/gcc/arm-none-eabi/10.3.1/../../../../arm-none-eabi/lib/thumb/v7e-m+fp/hard\libc_nano.a(lib_a-memset.o)
                0x000000000800bd50                memset
 .text.ceil     0x000000000800bd60      0x108 c:/st/stm32cubeide_1.9.0/stm32cubeide/plugins/com.st.stm32cube.ide.mcu.externaltools.gnu-tools-for-stm32.10.3-2021.10.win32_1.0.0.202111181127/tools/bin/../lib/gcc/arm-none-eabi/10.3.1/../../../../arm-none-eabi/lib/thumb/v7e-m+fp/hard\libm.a(lib_a-s_ceil.o)
                0x000000000800bd60                ceil
 .text.pow      0x000000000800be68       0xe0 c:/st/stm32cubeide_1.9.0/stm32cubeide/plugins/com.st.stm32cube.ide.mcu.externaltools.gnu-tools-for-stm32.10.3-2021.10.win32_1.0.0.202111181127/tools/bin/../lib/gcc/arm-none-eabi/10.3.1/../../../../arm-none-eabi/lib/thumb/v7e-m+fp/hard\libm.a(lib_a-w_pow.o)
                0x000000000800be68                pow
 .text.sqrt     0x000000000800bf48       0x58 c:/st/stm32cubeide_1.9.0/stm32cubeide/plugins/com.st.stm32cube.ide.mcu.externaltools.gnu-tools-for-stm32.10.3-2021.10.win32_1.0.0.202111181127/tools/bin/../lib/gcc/arm-none-eabi/10.3.1/../../../../arm-none-eabi/lib/thumb/v7e-m+fp/hard\libm.a(lib_a-w_sqrt.o)
                0x000000000800bf48                sqrt
 .text.__ieee754_pow
                0x000000000800bfa0      0xa5c c:/st/stm32cubeide_1.9.0/stm32cubeide/plugins/com.st.stm32cube.ide.mcu.externaltools.gnu-tools-for-stm32.10.3-2021.10.win32_1.0.0.202111181127/tools/bin/../lib/gcc/arm-none-eabi/10.3.1/../../../../arm-none-eabi/lib/thumb/v7e-m+fp/hard\libm.a(lib_a-e_pow.o)
                0x000000000800bfa0                __ieee754_pow
 .text.__ieee754_sqrt
                0x000000000800c9fc      0x164 c:/st/stm32cubeide_1.9.0/stm32cubeide/plugins/com.st.stm32cube.ide.mcu.externaltools.gnu-tools-for-stm32.10.3-2021.10.win32_1.0.0.202111181127/tools/bin/../lib/gcc/arm-none-eabi/10.3.1/../../../../arm-none-eabi/lib/thumb/v7e-m+fp/hard\libm.a(lib_a-e_sqrt.o)
                0x000000000800c9fc                __ieee754_sqrt
 .text.with_errno
                0x000000000800cb60       0x14 c:/st/stm32cubeide_1.9.0/stm32cubeide/plugins/com.st.stm32cube.ide.mcu.externaltools.gnu-tools-for-stm32.10.3-2021.10.win32_1.0.0.202111181127/tools/bin/../lib/gcc/arm-none-eabi/10.3.1/../../../../arm-none-eabi/lib/thumb/v7e-m+fp/hard\libm.a(lib_a-math_err.o)
 .text.xflow    0x000000000800cb74       0x28 c:/st/stm32cubeide_1.9.0/stm32cubeide/plugins/com.st.stm32cube.ide.mcu.externaltools.gnu-tools-for-stm32.10.3-2021.10.win32_1.0.0.202111181127/tools/bin/../lib/gcc/arm-none-eabi/10.3.1/../../../../arm-none-eabi/lib/thumb/v7e-m+fp/hard\libm.a(lib_a-math_err.o)
 .text.__math_uflow
                0x000000000800cb9c       0x12 c:/st/stm32cubeide_1.9.0/stm32cubeide/plugins/com.st.stm32cube.ide.mcu.externaltools.gnu-tools-for-stm32.10.3-2021.10.win32_1.0.0.202111181127/tools/bin/../lib/gcc/arm-none-eabi/10.3.1/../../../../arm-none-eabi/lib/thumb/v7e-m+fp/hard\libm.a(lib_a-math_err.o)
                0x000000000800cb9c                __math_uflow
 .text.__math_oflow
                0x000000000800cbae       0x12 c:/st/stm32cubeide_1.9.0/stm32cubeide/plugins/com.st.stm32cube.ide.mcu.externaltools.gnu-tools-for-stm32.10.3-2021.10.win32_1.0.0.202111181127/tools/bin/../lib/gcc/arm-none-eabi/10.3.1/../../../../arm-none-eabi/lib/thumb/v7e-m+fp/hard\libm.a(lib_a-math_err.o)
                0x000000000800cbae                __math_oflow
 .text.fabs     0x000000000800cbc0       0x12 c:/st/stm32cubeide_1.9.0/stm32cubeide/plugins/com.st.stm32cube.ide.mcu.externaltools.gnu-tools-for-stm32.10.3-2021.10.win32_1.0.0.202111181127/tools/bin/../lib/gcc/arm-none-eabi/10.3.1/../../../../arm-none-eabi/lib/thumb/v7e-m+fp/hard\libm.a(lib_a-s_fabs.o)
                0x000000000800cbc0                fabs
 .text.finite   0x000000000800cbd2       0x16 c:/st/stm32cubeide_1.9.0/stm32cubeide/plugins/com.st.stm32cube.ide.mcu.externaltools.gnu-tools-for-stm32.10.3-2021.10.win32_1.0.0.202111181127/tools/bin/../lib/gcc/arm-none-eabi/10.3.1/../../../../arm-none-eabi/lib/thumb/v7e-m+fp/hard\libm.a(lib_a-s_finite.o)
                0x000000000800cbd2                finite
 .text.scalbn   0x000000000800cbe8      0x10c c:/st/stm32cubeide_1.9.0/stm32cubeide/plugins/com.st.stm32cube.ide.mcu.externaltools.gnu-tools-for-stm32.10.3-2021.10.win32_1.0.0.202111181127/tools/bin/../lib/gcc/arm-none-eabi/10.3.1/../../../../arm-none-eabi/lib/thumb/v7e-m+fp/hard\libm.a(lib_a-s_scalbn.o)
                0x000000000800cbe8                scalbn
 *(.glue_7)
 .glue_7        0x000000000800ccf4        0x0 linker stubs
 *(.glue_7t)
 .glue_7t       0x000000000800ccf4        0x0 linker stubs
 *(.eh_frame)
 .eh_frame      0x000000000800ccf4        0x0 c:/st/stm32cubeide_1.9.0/stm32cubeide/plugins/com.st.stm32cube.ide.mcu.externaltools.gnu-tools-for-stm32.10.3-2021.10.win32_1.0.0.202111181127/tools/bin/../lib/gcc/arm-none-eabi/10.3.1/thumb/v7e-m+fp/hard/crtbegin.o
 *(.init)
 .init          0x000000000800ccf4        0x4 c:/st/stm32cubeide_1.9.0/stm32cubeide/plugins/com.st.stm32cube.ide.mcu.externaltools.gnu-tools-for-stm32.10.3-2021.10.win32_1.0.0.202111181127/tools/bin/../lib/gcc/arm-none-eabi/10.3.1/thumb/v7e-m+fp/hard/crti.o
                0x000000000800ccf4                _init
 .init          0x000000000800ccf8        0x8 c:/st/stm32cubeide_1.9.0/stm32cubeide/plugins/com.st.stm32cube.ide.mcu.externaltools.gnu-tools-for-stm32.10.3-2021.10.win32_1.0.0.202111181127/tools/bin/../lib/gcc/arm-none-eabi/10.3.1/thumb/v7e-m+fp/hard/crtn.o
 *(.fini)
 .fini          0x000000000800cd00        0x4 c:/st/stm32cubeide_1.9.0/stm32cubeide/plugins/com.st.stm32cube.ide.mcu.externaltools.gnu-tools-for-stm32.10.3-2021.10.win32_1.0.0.202111181127/tools/bin/../lib/gcc/arm-none-eabi/10.3.1/thumb/v7e-m+fp/hard/crti.o
                0x000000000800cd00                _fini
 .fini          0x000000000800cd04        0x8 c:/st/stm32cubeide_1.9.0/stm32cubeide/plugins/com.st.stm32cube.ide.mcu.externaltools.gnu-tools-for-stm32.10.3-2021.10.win32_1.0.0.202111181127/tools/bin/../lib/gcc/arm-none-eabi/10.3.1/thumb/v7e-m+fp/hard/crtn.o
                0x000000000800cd0c                . = ALIGN (0x4)
                0x000000000800cd0c                _etext = .

.vfp11_veneer   0x000000000800cd0c        0x0
 .vfp11_veneer  0x000000000800cd0c        0x0 linker stubs

.v4_bx          0x000000000800cd0c        0x0
 .v4_bx         0x000000000800cd0c        0x0 linker stubs

.iplt           0x000000000800cd0c        0x0
 .iplt          0x000000000800cd0c        0x0 c:/st/stm32cubeide_1.9.0/stm32cubeide/plugins/com.st.stm32cube.ide.mcu.externaltools.gnu-tools-for-stm32.10.3-2021.10.win32_1.0.0.202111181127/tools/bin/../lib/gcc/arm-none-eabi/10.3.1/thumb/v7e-m+fp/hard/crtbegin.o

.rodata         0x000000000800cd10       0x50
                0x000000000800cd10                . = ALIGN (0x4)
 *(.rodata)
 *(.rodata*)
 .rodata.AHBPrescTable
                0x000000000800cd10       0x10 ./Core/Src/system_stm32f4xx.o
                0x000000000800cd10                AHBPrescTable
 .rodata.APBPrescTable
                0x000000000800cd20        0x8 ./Core/Src/system_stm32f4xx.o
                0x000000000800cd20                APBPrescTable
 .rodata.flagBitshiftOffset.0
                0x000000000800cd28        0x8 ./Drivers/STM32F4xx_HAL_Driver/Src/stm32f4xx_hal_dma.o
 .rodata.bp     0x000000000800cd30       0x10 c:/st/stm32cubeide_1.9.0/stm32cubeide/plugins/com.st.stm32cube.ide.mcu.externaltools.gnu-tools-for-stm32.10.3-2021.10.win32_1.0.0.202111181127/tools/bin/../lib/gcc/arm-none-eabi/10.3.1/../../../../arm-none-eabi/lib/thumb/v7e-m+fp/hard\libm.a(lib_a-e_pow.o)
 .rodata.dp_h   0x000000000800cd40       0x10 c:/st/stm32cubeide_1.9.0/stm32cubeide/plugins/com.st.stm32cube.ide.mcu.externaltools.gnu-tools-for-stm32.10.3-2021.10.win32_1.0.0.202111181127/tools/bin/../lib/gcc/arm-none-eabi/10.3.1/../../../../arm-none-eabi/lib/thumb/v7e-m+fp/hard\libm.a(lib_a-e_pow.o)
 .rodata.dp_l   0x000000000800cd50       0x10 c:/st/stm32cubeide_1.9.0/stm32cubeide/plugins/com.st.stm32cube.ide.mcu.externaltools.gnu-tools-for-stm32.10.3-2021.10.win32_1.0.0.202111181127/tools/bin/../lib/gcc/arm-none-eabi/10.3.1/../../../../arm-none-eabi/lib/thumb/v7e-m+fp/hard\libm.a(lib_a-e_pow.o)
                0x000000000800cd60                . = ALIGN (0x4)

.ARM.extab      0x000000000800cd60        0x0
                0x000000000800cd60                . = ALIGN (0x4)
 *(.ARM.extab* .gnu.linkonce.armextab.*)
                0x000000000800cd60                . = ALIGN (0x4)

.ARM            0x000000000800cd60        0x8
                0x000000000800cd60                . = ALIGN (0x4)
                0x000000000800cd60                __exidx_start = .
 *(.ARM.exidx*)
 .ARM.exidx     0x000000000800cd60        0x8 c:/st/stm32cubeide_1.9.0/stm32cubeide/plugins/com.st.stm32cube.ide.mcu.externaltools.gnu-tools-for-stm32.10.3-2021.10.win32_1.0.0.202111181127/tools/bin/../lib/gcc/arm-none-eabi/10.3.1/thumb/v7e-m+fp/hard\libgcc.a(_udivmoddi4.o)
                0x000000000800cd68                __exidx_end = .
                0x000000000800cd68                . = ALIGN (0x4)

.rel.dyn        0x000000000800cd68        0x0
 .rel.iplt      0x000000000800cd68        0x0 c:/st/stm32cubeide_1.9.0/stm32cubeide/plugins/com.st.stm32cube.ide.mcu.externaltools.gnu-tools-for-stm32.10.3-2021.10.win32_1.0.0.202111181127/tools/bin/../lib/gcc/arm-none-eabi/10.3.1/thumb/v7e-m+fp/hard/crtbegin.o

.preinit_array  0x000000000800cd68        0x0
                0x000000000800cd68                . = ALIGN (0x4)
                0x000000000800cd68                PROVIDE (__preinit_array_start = .)
 *(.preinit_array*)
                0x000000000800cd68                PROVIDE (__preinit_array_end = .)
                0x000000000800cd68                . = ALIGN (0x4)

.init_array     0x000000000800cd68        0x4
                0x000000000800cd68                . = ALIGN (0x4)
                0x000000000800cd68                PROVIDE (__init_array_start = .)
 *(SORT_BY_NAME(.init_array.*))
 *(.init_array*)
 .init_array    0x000000000800cd68        0x4 c:/st/stm32cubeide_1.9.0/stm32cubeide/plugins/com.st.stm32cube.ide.mcu.externaltools.gnu-tools-for-stm32.10.3-2021.10.win32_1.0.0.202111181127/tools/bin/../lib/gcc/arm-none-eabi/10.3.1/thumb/v7e-m+fp/hard/crtbegin.o
                0x000000000800cd6c                PROVIDE (__init_array_end = .)
                0x000000000800cd6c                . = ALIGN (0x4)

.fini_array     0x000000000800cd6c        0x4
                0x000000000800cd6c                . = ALIGN (0x4)
                [!provide]                        PROVIDE (__fini_array_start = .)
 *(SORT_BY_NAME(.fini_array.*))
 *(.fini_array*)
 .fini_array    0x000000000800cd6c        0x4 c:/st/stm32cubeide_1.9.0/stm32cubeide/plugins/com.st.stm32cube.ide.mcu.externaltools.gnu-tools-for-stm32.10.3-2021.10.win32_1.0.0.202111181127/tools/bin/../lib/gcc/arm-none-eabi/10.3.1/thumb/v7e-m+fp/hard/crtbegin.o
                [!provide]                        PROVIDE (__fini_array_end = .)
                0x000000000800cd70                . = ALIGN (0x4)
                0x000000000800cd70                _sidata = LOADADDR (.data)

.data           0x0000000020000000      0x138 load address 0x000000000800cd70
                0x0000000020000000                . = ALIGN (0x4)
                0x0000000020000000                _sdata = .
 *(.data)
 *(.data*)
 .data.AlSet_Flag
                0x0000000020000000        0x1 ./Core/Src/main.o
                0x0000000020000000                AlSet_Flag
 *fill*         0x0000000020000001        0x3 
 .data.dt       0x0000000020000004        0x4 ./Core/Src/main.o
                0x0000000020000004                dt
 .data.data_I   0x0000000020000008       0x40 ./Core/Src/main.o
                0x0000000020000008                data_I
 .data.data_C   0x0000000020000048       0x10 ./Core/Src/main.o
                0x0000000020000048                data_C
 .data.data_R   0x0000000020000058        0x4 ./Core/Src/main.o
                0x0000000020000058                data_R
 .data.data_Q   0x000000002000005c        0x4 ./Core/Src/main.o
                0x000000002000005c                data_Q
 .data.w_max    0x0000000020000060        0x8 ./Core/Src/main.o
                0x0000000020000060                w_max
 .data.a_max    0x0000000020000068        0x8 ./Core/Src/main.o
                0x0000000020000068                a_max
 .data.j_max    0x0000000020000070        0x8 ./Core/Src/main.o
                0x0000000020000070                j_max
 .data.kp_2     0x0000000020000078        0x4 ./Core/Src/main.o
                0x0000000020000078                kp_2
 .data.ki_2     0x000000002000007c        0x4 ./Core/Src/main.o
                0x000000002000007c                ki_2
 .data.TxData   0x0000000020000080        0x6 ./Core/Src/main.o
                0x0000000020000080                TxData
 *fill*         0x0000000020000086        0x2 
 .data.TxData2  0x0000000020000088        0x8 ./Core/Src/main.o
                0x0000000020000088                TxData2
 .data.ack1     0x0000000020000090        0x2 ./Core/Src/main.o
                0x0000000020000090                ack1
 *fill*         0x0000000020000092        0x2 
 .data.station  0x0000000020000094       0x28 ./Core/Src/main.o
                0x0000000020000094                station
 .data.Current_station
                0x00000000200000bc        0x1 ./Core/Src/main.o
                0x00000000200000bc                Current_station
 .data.n_station_max
                0x00000000200000bd        0x1 ./Core/Src/main.o
                0x00000000200000bd                n_station_max
 .data.n_station
                0x00000000200000be        0x1 ./Core/Src/main.o
                0x00000000200000be                n_station
 .data.Arm_State
                0x00000000200000bf        0x1 ./Core/Src/main.o
                0x00000000200000bf                Arm_State
 .data.EndEffector_State
                0x00000000200000c0        0x1 ./Core/Src/main.o
 .data.dir      0x00000000200000c1        0x1 ./Core/Src/main.o
                0x00000000200000c1                dir
 .data.PID_dir  0x00000000200000c2        0x1 ./Core/Src/main.o
                0x00000000200000c2                PID_dir
 .data.CheckTrasmit.3
                0x00000000200000c3        0x1 ./Core/Src/main.o
 .data.addr_open.1
                0x00000000200000c4        0x1 ./Core/Src/main.o
 .data.addr.0   0x00000000200000c5        0x1 ./Core/Src/main.o
 *fill*         0x00000000200000c6        0x2 
 .data.SystemCoreClock
                0x00000000200000c8        0x4 ./Core/Src/system_stm32f4xx.o
                0x00000000200000c8                SystemCoreClock
 .data.uwTickPrio
                0x00000000200000cc        0x4 ./Drivers/STM32F4xx_HAL_Driver/Src/stm32f4xx_hal.o
                0x00000000200000cc                uwTickPrio
 .data.uwTickFreq
                0x00000000200000d0        0x1 ./Drivers/STM32F4xx_HAL_Driver/Src/stm32f4xx_hal.o
                0x00000000200000d0                uwTickFreq
 *fill*         0x00000000200000d1        0x3 
 .data._impure_ptr
                0x00000000200000d4        0x4 c:/st/stm32cubeide_1.9.0/stm32cubeide/plugins/com.st.stm32cube.ide.mcu.externaltools.gnu-tools-for-stm32.10.3-2021.10.win32_1.0.0.202111181127/tools/bin/../lib/gcc/arm-none-eabi/10.3.1/../../../../arm-none-eabi/lib/thumb/v7e-m+fp/hard\libc_nano.a(lib_a-impure.o)
                0x00000000200000d4                _impure_ptr
 .data.impure_data
                0x00000000200000d8       0x60 c:/st/stm32cubeide_1.9.0/stm32cubeide/plugins/com.st.stm32cube.ide.mcu.externaltools.gnu-tools-for-stm32.10.3-2021.10.win32_1.0.0.202111181127/tools/bin/../lib/gcc/arm-none-eabi/10.3.1/../../../../arm-none-eabi/lib/thumb/v7e-m+fp/hard\libc_nano.a(lib_a-impure.o)
 *(.RamFunc)
 *(.RamFunc*)
                0x0000000020000138                . = ALIGN (0x4)
                0x0000000020000138                _edata = .

.igot.plt       0x0000000020000138        0x0 load address 0x000000000800cea8
 .igot.plt      0x0000000020000138        0x0 c:/st/stm32cubeide_1.9.0/stm32cubeide/plugins/com.st.stm32cube.ide.mcu.externaltools.gnu-tools-for-stm32.10.3-2021.10.win32_1.0.0.202111181127/tools/bin/../lib/gcc/arm-none-eabi/10.3.1/thumb/v7e-m+fp/hard/crtbegin.o
                0x0000000020000138                . = ALIGN (0x4)

.bss            0x0000000020000138      0x568 load address 0x000000000800cea8
                0x0000000020000138                _sbss = .
                0x0000000020000138                __bss_start__ = _sbss
 *(.bss)
 .bss           0x0000000020000138       0x1c c:/st/stm32cubeide_1.9.0/stm32cubeide/plugins/com.st.stm32cube.ide.mcu.externaltools.gnu-tools-for-stm32.10.3-2021.10.win32_1.0.0.202111181127/tools/bin/../lib/gcc/arm-none-eabi/10.3.1/thumb/v7e-m+fp/hard/crtbegin.o
 *(.bss*)
 .bss.hi2c1     0x0000000020000154       0x54 ./Core/Src/main.o
                0x0000000020000154                hi2c1
 .bss.htim1     0x00000000200001a8       0x48 ./Core/Src/main.o
                0x00000000200001a8                htim1
 .bss.htim3     0x00000000200001f0       0x48 ./Core/Src/main.o
                0x00000000200001f0                htim3
 .bss.htim4     0x0000000020000238       0x48 ./Core/Src/main.o
                0x0000000020000238                htim4
 .bss.htim11    0x0000000020000280       0x48 ./Core/Src/main.o
                0x0000000020000280                htim11
 .bss.huart2    0x00000000200002c8       0x44 ./Core/Src/main.o
                0x00000000200002c8                huart2
 .bss.hdma_usart2_rx
                0x000000002000030c       0x60 ./Core/Src/main.o
                0x000000002000030c                hdma_usart2_rx
 .bss.hdma_usart2_tx
                0x000000002000036c       0x60 ./Core/Src/main.o
                0x000000002000036c                hdma_usart2_tx
 .bss.volt      0x00000000200003cc        0x4 ./Core/Src/main.o
                0x00000000200003cc                volt
 .bss.SetHome_Flag
                0x00000000200003d0        0x1 ./Core/Src/main.o
                0x00000000200003d0                SetHome_Flag
 .bss.Go_Flag   0x00000000200003d1        0x1 ./Core/Src/main.o
                0x00000000200003d1                Go_Flag
 .bss.TrajectoryGenerator_Flag
                0x00000000200003d2        0x1 ./Core/Src/main.o
                0x00000000200003d2                TrajectoryGenerator_Flag
 .bss.Emergency_status
                0x00000000200003d3        0x1 ./Core/Src/main.o
                0x00000000200003d3                Emergency_status
 .bss.theta_now
                0x00000000200003d4        0x4 ./Core/Src/main.o
                0x00000000200003d4                theta_now
 .bss.angle_sum_before
                0x00000000200003d8        0x4 ./Core/Src/main.o
                0x00000000200003d8                angle_sum_before
 .bss.omega_tosensor
                0x00000000200003dc        0x4 ./Core/Src/main.o
 .bss.position_kalman
                0x00000000200003e0        0x4 ./Core/Src/main.o
 .bss.omega_kalman
                0x00000000200003e4        0x4 ./Core/Src/main.o
 .bss.alpha_kalman
                0x00000000200003e8        0x4 ./Core/Src/main.o
                0x00000000200003e8                alpha_kalman
 .bss.jerk_kalman
                0x00000000200003ec        0x4 ./Core/Src/main.o
                0x00000000200003ec                jerk_kalman
 .bss.I         0x00000000200003f0        0x8 ./Core/Src/main.o
                0x00000000200003f0                I
 .bss.A         0x00000000200003f8        0x8 ./Core/Src/main.o
                0x00000000200003f8                A
 .bss.G         0x0000000020000400        0x8 ./Core/Src/main.o
                0x0000000020000400                G
 .bss.Q         0x0000000020000408        0x8 ./Core/Src/main.o
                0x0000000020000408                Q
 .bss.K         0x0000000020000410        0x8 ./Core/Src/main.o
                0x0000000020000410                K
 .bss.C         0x0000000020000418        0x8 ./Core/Src/main.o
                0x0000000020000418                C
 .bss.R         0x0000000020000420        0x8 ./Core/Src/main.o
                0x0000000020000420                R
 .bss.input     0x0000000020000428        0x8 ./Core/Src/main.o
                0x0000000020000428                input
 .bss.y         0x0000000020000430        0x8 ./Core/Src/main.o
                0x0000000020000430                y
 .bss.y_old     0x0000000020000438        0x8 ./Core/Src/main.o
                0x0000000020000438                y_old
 .bss.x         0x0000000020000440        0x8 ./Core/Src/main.o
                0x0000000020000440                x
 .bss.x_new     0x0000000020000448        0x8 ./Core/Src/main.o
                0x0000000020000448                x_new
 .bss.P         0x0000000020000450        0x8 ./Core/Src/main.o
                0x0000000020000450                P
 .bss.P_new     0x0000000020000458        0x8 ./Core/Src/main.o
                0x0000000020000458                P_new
 .bss.data_A    0x0000000020000460       0x40 ./Core/Src/main.o
                0x0000000020000460                data_A
 .bss.data_G    0x00000000200004a0       0x10 ./Core/Src/main.o
                0x00000000200004a0                data_G
 .bss.data_input
                0x00000000200004b0        0x4 ./Core/Src/main.o
                0x00000000200004b0                data_input
 .bss.data_K    0x00000000200004b4       0x10 ./Core/Src/main.o
                0x00000000200004b4                data_K
 .bss.data_x    0x00000000200004c4       0x10 ./Core/Src/main.o
                0x00000000200004c4                data_x
 .bss.data_x_new
                0x00000000200004d4       0x10 ./Core/Src/main.o
                0x00000000200004d4                data_x_new
 .bss.data_P    0x00000000200004e4       0x40 ./Core/Src/main.o
                0x00000000200004e4                data_P
 .bss.data_P_new
                0x0000000020000524       0x40 ./Core/Src/main.o
                0x0000000020000524                data_P_new
 .bss.data_y    0x0000000020000564        0x4 ./Core/Src/main.o
                0x0000000020000564                data_y
 .bss.data_y_old
                0x0000000020000568        0x4 ./Core/Src/main.o
                0x0000000020000568                data_y_old
 .bss.t         0x000000002000056c        0x4 ./Core/Src/main.o
                0x000000002000056c                t
 .bss.t1        0x0000000020000570        0x4 ./Core/Src/main.o
                0x0000000020000570                t1
 .bss.t2        0x0000000020000574        0x4 ./Core/Src/main.o
                0x0000000020000574                t2
 .bss.t3        0x0000000020000578        0x4 ./Core/Src/main.o
                0x0000000020000578                t3
 .bss.t4        0x000000002000057c        0x4 ./Core/Src/main.o
                0x000000002000057c                t4
 .bss.t5        0x0000000020000580        0x4 ./Core/Src/main.o
                0x0000000020000580                t5
 .bss.t6        0x0000000020000584        0x4 ./Core/Src/main.o
                0x0000000020000584                t6
 .bss.t7        0x0000000020000588        0x4 ./Core/Src/main.o
                0x0000000020000588                t7
 .bss.tj        0x000000002000058c        0x4 ./Core/Src/main.o
                0x000000002000058c                tj
 .bss.ta        0x0000000020000590        0x4 ./Core/Src/main.o
                0x0000000020000590                ta
 .bss.tv        0x0000000020000594        0x4 ./Core/Src/main.o
                0x0000000020000594                tv
 .bss.theta_0   0x0000000020000598        0x8 ./Core/Src/main.o
                0x0000000020000598                theta_0
 .bss.theta_f   0x00000000200005a0        0x8 ./Core/Src/main.o
                0x00000000200005a0                theta_f
 .bss.theta_dest
                0x00000000200005a8        0x8 ./Core/Src/main.o
                0x00000000200005a8                theta_dest
 .bss.a         0x00000000200005b0       0x18 ./Core/Src/main.o
 .bss.v         0x00000000200005c8       0x18 ./Core/Src/main.o
 .bss.p         0x00000000200005e0       0x18 ./Core/Src/main.o
 .bss.theta_ref
                0x00000000200005f8        0x8 ./Core/Src/main.o
 .bss.omega_ref
                0x0000000020000600        0x8 ./Core/Src/main.o
 .bss.alpha_ref
                0x0000000020000608        0x4 ./Core/Src/main.o
 .bss.e1        0x000000002000060c        0x4 ./Core/Src/main.o
 .bss.s1        0x0000000020000610        0x4 ./Core/Src/main.o
 .bss.p1        0x0000000020000614        0x4 ./Core/Src/main.o
 .bss.u1        0x0000000020000618        0x4 ./Core/Src/main.o
 .bss.e2        0x000000002000061c        0x4 ./Core/Src/main.o
 .bss.s2        0x0000000020000620        0x4 ./Core/Src/main.o
 .bss.p2        0x0000000020000624        0x4 ./Core/Src/main.o
 .bss.u2        0x0000000020000628        0x4 ./Core/Src/main.o
 .bss.kp_1      0x000000002000062c        0x4 ./Core/Src/main.o
                0x000000002000062c                kp_1
 .bss.ki_1      0x0000000020000630        0x4 ./Core/Src/main.o
                0x0000000020000630                ki_1
 .bss.kd_1      0x0000000020000634        0x4 ./Core/Src/main.o
                0x0000000020000634                kd_1
 .bss.kd_2      0x0000000020000638        0x4 ./Core/Src/main.o
                0x0000000020000638                kd_2
 .bss.RxData    0x000000002000063c        0xf ./Core/Src/main.o
                0x000000002000063c                RxData
 .bss.Enable_EndEffector
                0x000000002000064b        0x1 ./Core/Src/main.o
                0x000000002000064b                Enable_EndEffector
 *fill*         0x000000002000064c        0x4 
 .bss._micro    0x0000000020000650        0x8 ./Core/Src/main.o
                0x0000000020000650                _micro
 .bss.ModeN     0x0000000020000658        0x1 ./Core/Src/main.o
                0x0000000020000658                ModeN
 .bss.Finish    0x0000000020000659        0x1 ./Core/Src/main.o
                0x0000000020000659                Finish
 *fill*         0x000000002000065a        0x2 
 .bss.index_station
                0x000000002000065c       0x10 ./Core/Src/main.o
                0x000000002000065c                index_station
 .bss.FlagOpen_EndEffector
                0x000000002000066c        0x1 ./Core/Src/main.o
                0x000000002000066c                FlagOpen_EndEffector
 .bss.FlagRead_EndEffector
                0x000000002000066d        0x1 ./Core/Src/main.o
                0x000000002000066d                FlagRead_EndEffector
 .bss.EndEffector_Status
                0x000000002000066e        0x2 ./Core/Src/main.o
 .bss.EndEffector_timestamp
                0x0000000020000670        0x4 ./Core/Src/main.o
                0x0000000020000670                EndEffector_timestamp
 .bss.timestamp
                0x0000000020000674        0x4 ./Core/Src/main.o
                0x0000000020000674                timestamp
 .bss.PWMOut.13
                0x0000000020000678        0x4 ./Core/Src/main.o
 .bss.M.12      0x000000002000067c        0x4 ./Core/Src/main.o
 .bss.N.11      0x0000000020000680        0x4 ./Core/Src/main.o
 .bss.Va.10     0x0000000020000684        0x4 ./Core/Src/main.o
 .bss.Sa.9      0x0000000020000688        0x4 ./Core/Src/main.o
 .bss.Sv.8      0x000000002000068c        0x4 ./Core/Src/main.o
 .bss.u.7       0x0000000020000690        0x4 ./Core/Src/main.o
 .bss.HighByte.6
                0x0000000020000694        0x1 ./Core/Src/main.o
 .bss.LowByte.5
                0x0000000020000695        0x1 ./Core/Src/main.o
 .bss.DataByte.4
                0x0000000020000696        0x2 ./Core/Src/main.o
 .bss.Timestamp_UI.2
                0x0000000020000698        0x4 ./Core/Src/main.o
 .bss.uwTick    0x000000002000069c        0x4 ./Drivers/STM32F4xx_HAL_Driver/Src/stm32f4xx_hal.o
                0x000000002000069c                uwTick
 *(COMMON)
                0x00000000200006a0                . = ALIGN (0x4)
                0x00000000200006a0                _ebss = .
                0x00000000200006a0                __bss_end__ = _ebss

._user_heap_stack
                0x00000000200006a0      0x600 load address 0x000000000800cea8
                0x00000000200006a0                . = ALIGN (0x8)
                [!provide]                        PROVIDE (end = .)
                0x00000000200006a0                PROVIDE (_end = .)
                0x00000000200008a0                . = (. + _Min_Heap_Size)
 *fill*         0x00000000200006a0      0x200 
                0x0000000020000ca0                . = (. + _Min_Stack_Size)
 *fill*         0x00000000200008a0      0x400 
                0x0000000020000ca0                . = ALIGN (0x8)

/DISCARD/
 libc.a(*)
 libm.a(*)
 libgcc.a(*)

.ARM.attributes
                0x0000000000000000       0x30
 *(.ARM.attributes)
 .ARM.attributes
                0x0000000000000000       0x1e c:/st/stm32cubeide_1.9.0/stm32cubeide/plugins/com.st.stm32cube.ide.mcu.externaltools.gnu-tools-for-stm32.10.3-2021.10.win32_1.0.0.202111181127/tools/bin/../lib/gcc/arm-none-eabi/10.3.1/thumb/v7e-m+fp/hard/crti.o
 .ARM.attributes
                0x000000000000001e       0x34 c:/st/stm32cubeide_1.9.0/stm32cubeide/plugins/com.st.stm32cube.ide.mcu.externaltools.gnu-tools-for-stm32.10.3-2021.10.win32_1.0.0.202111181127/tools/bin/../lib/gcc/arm-none-eabi/10.3.1/thumb/v7e-m+fp/hard/crtbegin.o
 .ARM.attributes
                0x0000000000000052       0x34 ./Core/Src/main.o
 .ARM.attributes
                0x0000000000000086       0x34 ./Core/Src/stm32f4xx_hal_msp.o
 .ARM.attributes
                0x00000000000000ba       0x34 ./Core/Src/stm32f4xx_it.o
 .ARM.attributes
                0x00000000000000ee       0x34 ./Core/Src/system_stm32f4xx.o
 .ARM.attributes
                0x0000000000000122       0x21 ./Core/Startup/startup_stm32f411retx.o
 .ARM.attributes
                0x0000000000000143       0x34 ./Drivers/STM32F4xx_HAL_Driver/Src/stm32f4xx_hal.o
 .ARM.attributes
                0x0000000000000177       0x34 ./Drivers/STM32F4xx_HAL_Driver/Src/stm32f4xx_hal_cortex.o
 .ARM.attributes
                0x00000000000001ab       0x34 ./Drivers/STM32F4xx_HAL_Driver/Src/stm32f4xx_hal_dma.o
 .ARM.attributes
                0x00000000000001df       0x34 ./Drivers/STM32F4xx_HAL_Driver/Src/stm32f4xx_hal_gpio.o
 .ARM.attributes
                0x0000000000000213       0x34 ./Drivers/STM32F4xx_HAL_Driver/Src/stm32f4xx_hal_i2c.o
 .ARM.attributes
                0x0000000000000247       0x34 ./Drivers/STM32F4xx_HAL_Driver/Src/stm32f4xx_hal_rcc.o
 .ARM.attributes
                0x000000000000027b       0x34 ./Drivers/STM32F4xx_HAL_Driver/Src/stm32f4xx_hal_tim.o
 .ARM.attributes
                0x00000000000002af       0x34 ./Drivers/STM32F4xx_HAL_Driver/Src/stm32f4xx_hal_tim_ex.o
 .ARM.attributes
                0x00000000000002e3       0x34 ./Drivers/STM32F4xx_HAL_Driver/Src/stm32f4xx_hal_uart.o
 .ARM.attributes
                0x0000000000000317       0x34 ../Middlewares/Third_Party/ARM_CMSIS/CMSIS/DSP/Lib/GCC\libarm_cortexM4lf_math.a(arm_mat_trans_f32.o)
 .ARM.attributes
                0x000000000000034b       0x34 ../Middlewares/Third_Party/ARM_CMSIS/CMSIS/DSP/Lib/GCC\libarm_cortexM4lf_math.a(arm_mat_sub_f32.o)
 .ARM.attributes
                0x000000000000037f       0x34 ../Middlewares/Third_Party/ARM_CMSIS/CMSIS/DSP/Lib/GCC\libarm_cortexM4lf_math.a(arm_mat_mult_f32.o)
 .ARM.attributes
                0x00000000000003b3       0x34 ../Middlewares/Third_Party/ARM_CMSIS/CMSIS/DSP/Lib/GCC\libarm_cortexM4lf_math.a(arm_mat_init_f32.o)
 .ARM.attributes
                0x00000000000003e7       0x34 ../Middlewares/Third_Party/ARM_CMSIS/CMSIS/DSP/Lib/GCC\libarm_cortexM4lf_math.a(arm_mat_add_f32.o)
 .ARM.attributes
                0x000000000000041b       0x34 c:/st/stm32cubeide_1.9.0/stm32cubeide/plugins/com.st.stm32cube.ide.mcu.externaltools.gnu-tools-for-stm32.10.3-2021.10.win32_1.0.0.202111181127/tools/bin/../lib/gcc/arm-none-eabi/10.3.1/../../../../arm-none-eabi/lib/thumb/v7e-m+fp/hard\libc_nano.a(lib_a-errno.o)
 .ARM.attributes
                0x000000000000044f       0x34 c:/st/stm32cubeide_1.9.0/stm32cubeide/plugins/com.st.stm32cube.ide.mcu.externaltools.gnu-tools-for-stm32.10.3-2021.10.win32_1.0.0.202111181127/tools/bin/../lib/gcc/arm-none-eabi/10.3.1/../../../../arm-none-eabi/lib/thumb/v7e-m+fp/hard\libc_nano.a(lib_a-impure.o)
 .ARM.attributes
                0x0000000000000483       0x34 c:/st/stm32cubeide_1.9.0/stm32cubeide/plugins/com.st.stm32cube.ide.mcu.externaltools.gnu-tools-for-stm32.10.3-2021.10.win32_1.0.0.202111181127/tools/bin/../lib/gcc/arm-none-eabi/10.3.1/../../../../arm-none-eabi/lib/thumb/v7e-m+fp/hard\libc_nano.a(lib_a-init.o)
 .ARM.attributes
                0x00000000000004b7       0x34 c:/st/stm32cubeide_1.9.0/stm32cubeide/plugins/com.st.stm32cube.ide.mcu.externaltools.gnu-tools-for-stm32.10.3-2021.10.win32_1.0.0.202111181127/tools/bin/../lib/gcc/arm-none-eabi/10.3.1/../../../../arm-none-eabi/lib/thumb/v7e-m+fp/hard\libc_nano.a(lib_a-memset.o)
 .ARM.attributes
                0x00000000000004eb       0x34 c:/st/stm32cubeide_1.9.0/stm32cubeide/plugins/com.st.stm32cube.ide.mcu.externaltools.gnu-tools-for-stm32.10.3-2021.10.win32_1.0.0.202111181127/tools/bin/../lib/gcc/arm-none-eabi/10.3.1/../../../../arm-none-eabi/lib/thumb/v7e-m+fp/hard\libm.a(lib_a-s_ceil.o)
 .ARM.attributes
                0x000000000000051f       0x34 c:/st/stm32cubeide_1.9.0/stm32cubeide/plugins/com.st.stm32cube.ide.mcu.externaltools.gnu-tools-for-stm32.10.3-2021.10.win32_1.0.0.202111181127/tools/bin/../lib/gcc/arm-none-eabi/10.3.1/../../../../arm-none-eabi/lib/thumb/v7e-m+fp/hard\libm.a(lib_a-w_pow.o)
 .ARM.attributes
                0x0000000000000553       0x34 c:/st/stm32cubeide_1.9.0/stm32cubeide/plugins/com.st.stm32cube.ide.mcu.externaltools.gnu-tools-for-stm32.10.3-2021.10.win32_1.0.0.202111181127/tools/bin/../lib/gcc/arm-none-eabi/10.3.1/../../../../arm-none-eabi/lib/thumb/v7e-m+fp/hard\libm.a(lib_a-w_sqrt.o)
 .ARM.attributes
                0x0000000000000587       0x34 c:/st/stm32cubeide_1.9.0/stm32cubeide/plugins/com.st.stm32cube.ide.mcu.externaltools.gnu-tools-for-stm32.10.3-2021.10.win32_1.0.0.202111181127/tools/bin/../lib/gcc/arm-none-eabi/10.3.1/../../../../arm-none-eabi/lib/thumb/v7e-m+fp/hard\libm.a(lib_a-e_pow.o)
 .ARM.attributes
                0x00000000000005bb       0x34 c:/st/stm32cubeide_1.9.0/stm32cubeide/plugins/com.st.stm32cube.ide.mcu.externaltools.gnu-tools-for-stm32.10.3-2021.10.win32_1.0.0.202111181127/tools/bin/../lib/gcc/arm-none-eabi/10.3.1/../../../../arm-none-eabi/lib/thumb/v7e-m+fp/hard\libm.a(lib_a-e_sqrt.o)
 .ARM.attributes
                0x00000000000005ef       0x34 c:/st/stm32cubeide_1.9.0/stm32cubeide/plugins/com.st.stm32cube.ide.mcu.externaltools.gnu-tools-for-stm32.10.3-2021.10.win32_1.0.0.202111181127/tools/bin/../lib/gcc/arm-none-eabi/10.3.1/../../../../arm-none-eabi/lib/thumb/v7e-m+fp/hard\libm.a(lib_a-math_err.o)
 .ARM.attributes
                0x0000000000000623       0x34 c:/st/stm32cubeide_1.9.0/stm32cubeide/plugins/com.st.stm32cube.ide.mcu.externaltools.gnu-tools-for-stm32.10.3-2021.10.win32_1.0.0.202111181127/tools/bin/../lib/gcc/arm-none-eabi/10.3.1/../../../../arm-none-eabi/lib/thumb/v7e-m+fp/hard\libm.a(lib_a-s_fabs.o)
 .ARM.attributes
                0x0000000000000657       0x34 c:/st/stm32cubeide_1.9.0/stm32cubeide/plugins/com.st.stm32cube.ide.mcu.externaltools.gnu-tools-for-stm32.10.3-2021.10.win32_1.0.0.202111181127/tools/bin/../lib/gcc/arm-none-eabi/10.3.1/../../../../arm-none-eabi/lib/thumb/v7e-m+fp/hard\libm.a(lib_a-s_finite.o)
 .ARM.attributes
                0x000000000000068b       0x34 c:/st/stm32cubeide_1.9.0/stm32cubeide/plugins/com.st.stm32cube.ide.mcu.externaltools.gnu-tools-for-stm32.10.3-2021.10.win32_1.0.0.202111181127/tools/bin/../lib/gcc/arm-none-eabi/10.3.1/../../../../arm-none-eabi/lib/thumb/v7e-m+fp/hard\libm.a(lib_a-s_scalbn.o)
 .ARM.attributes
                0x00000000000006bf       0x1e c:/st/stm32cubeide_1.9.0/stm32cubeide/plugins/com.st.stm32cube.ide.mcu.externaltools.gnu-tools-for-stm32.10.3-2021.10.win32_1.0.0.202111181127/tools/bin/../lib/gcc/arm-none-eabi/10.3.1/thumb/v7e-m+fp/hard\libgcc.a(_arm_addsubdf3.o)
 .ARM.attributes
                0x00000000000006dd       0x1e c:/st/stm32cubeide_1.9.0/stm32cubeide/plugins/com.st.stm32cube.ide.mcu.externaltools.gnu-tools-for-stm32.10.3-2021.10.win32_1.0.0.202111181127/tools/bin/../lib/gcc/arm-none-eabi/10.3.1/thumb/v7e-m+fp/hard\libgcc.a(_arm_muldivdf3.o)
 .ARM.attributes
                0x00000000000006fb       0x1e c:/st/stm32cubeide_1.9.0/stm32cubeide/plugins/com.st.stm32cube.ide.mcu.externaltools.gnu-tools-for-stm32.10.3-2021.10.win32_1.0.0.202111181127/tools/bin/../lib/gcc/arm-none-eabi/10.3.1/thumb/v7e-m+fp/hard\libgcc.a(_arm_cmpdf2.o)
 .ARM.attributes
                0x0000000000000719       0x1e c:/st/stm32cubeide_1.9.0/stm32cubeide/plugins/com.st.stm32cube.ide.mcu.externaltools.gnu-tools-for-stm32.10.3-2021.10.win32_1.0.0.202111181127/tools/bin/../lib/gcc/arm-none-eabi/10.3.1/thumb/v7e-m+fp/hard\libgcc.a(_arm_unorddf2.o)
 .ARM.attributes
                0x0000000000000737       0x1e c:/st/stm32cubeide_1.9.0/stm32cubeide/plugins/com.st.stm32cube.ide.mcu.externaltools.gnu-tools-for-stm32.10.3-2021.10.win32_1.0.0.202111181127/tools/bin/../lib/gcc/arm-none-eabi/10.3.1/thumb/v7e-m+fp/hard\libgcc.a(_arm_fixunsdfsi.o)
 .ARM.attributes
                0x0000000000000755       0x1e c:/st/stm32cubeide_1.9.0/stm32cubeide/plugins/com.st.stm32cube.ide.mcu.externaltools.gnu-tools-for-stm32.10.3-2021.10.win32_1.0.0.202111181127/tools/bin/../lib/gcc/arm-none-eabi/10.3.1/thumb/v7e-m+fp/hard\libgcc.a(_arm_truncdfsf2.o)
 .ARM.attributes
                0x0000000000000773       0x1e c:/st/stm32cubeide_1.9.0/stm32cubeide/plugins/com.st.stm32cube.ide.mcu.externaltools.gnu-tools-for-stm32.10.3-2021.10.win32_1.0.0.202111181127/tools/bin/../lib/gcc/arm-none-eabi/10.3.1/thumb/v7e-m+fp/hard\libgcc.a(_aeabi_uldivmod.o)
 .ARM.attributes
                0x0000000000000791       0x34 c:/st/stm32cubeide_1.9.0/stm32cubeide/plugins/com.st.stm32cube.ide.mcu.externaltools.gnu-tools-for-stm32.10.3-2021.10.win32_1.0.0.202111181127/tools/bin/../lib/gcc/arm-none-eabi/10.3.1/thumb/v7e-m+fp/hard\libgcc.a(_udivmoddi4.o)
 .ARM.attributes
                0x00000000000007c5       0x1e c:/st/stm32cubeide_1.9.0/stm32cubeide/plugins/com.st.stm32cube.ide.mcu.externaltools.gnu-tools-for-stm32.10.3-2021.10.win32_1.0.0.202111181127/tools/bin/../lib/gcc/arm-none-eabi/10.3.1/thumb/v7e-m+fp/hard\libgcc.a(_dvmd_tls.o)
 .ARM.attributes
                0x00000000000007e3       0x1e c:/st/stm32cubeide_1.9.0/stm32cubeide/plugins/com.st.stm32cube.ide.mcu.externaltools.gnu-tools-for-stm32.10.3-2021.10.win32_1.0.0.202111181127/tools/bin/../lib/gcc/arm-none-eabi/10.3.1/thumb/v7e-m+fp/hard/crtn.o
OUTPUT(StudioIII.elf elf32-littlearm)
LOAD linker stubs
LOAD c:/st/stm32cubeide_1.9.0/stm32cubeide/plugins/com.st.stm32cube.ide.mcu.externaltools.gnu-tools-for-stm32.10.3-2021.10.win32_1.0.0.202111181127/tools/bin/../lib/gcc/arm-none-eabi/10.3.1/../../../../arm-none-eabi/lib/thumb/v7e-m+fp/hard\libc.a
LOAD c:/st/stm32cubeide_1.9.0/stm32cubeide/plugins/com.st.stm32cube.ide.mcu.externaltools.gnu-tools-for-stm32.10.3-2021.10.win32_1.0.0.202111181127/tools/bin/../lib/gcc/arm-none-eabi/10.3.1/../../../../arm-none-eabi/lib/thumb/v7e-m+fp/hard\libm.a
LOAD c:/st/stm32cubeide_1.9.0/stm32cubeide/plugins/com.st.stm32cube.ide.mcu.externaltools.gnu-tools-for-stm32.10.3-2021.10.win32_1.0.0.202111181127/tools/bin/../lib/gcc/arm-none-eabi/10.3.1/thumb/v7e-m+fp/hard\libgcc.a

.debug_info     0x0000000000000000    0x15862
 .debug_info    0x0000000000000000     0x2b00 ./Core/Src/main.o
 .debug_info    0x0000000000002b00     0x1426 ./Core/Src/stm32f4xx_hal_msp.o
 .debug_info    0x0000000000003f26      0xdaf ./Core/Src/stm32f4xx_it.o
 .debug_info    0x0000000000004cd5      0x54f ./Core/Src/system_stm32f4xx.o
 .debug_info    0x0000000000005224       0x22 ./Core/Startup/startup_stm32f411retx.o
 .debug_info    0x0000000000005246      0x90d ./Drivers/STM32F4xx_HAL_Driver/Src/stm32f4xx_hal.o
 .debug_info    0x0000000000005b53      0xd8b ./Drivers/STM32F4xx_HAL_Driver/Src/stm32f4xx_hal_cortex.o
 .debug_info    0x00000000000068de      0x947 ./Drivers/STM32F4xx_HAL_Driver/Src/stm32f4xx_hal_dma.o
 .debug_info    0x0000000000007225      0x78e ./Drivers/STM32F4xx_HAL_Driver/Src/stm32f4xx_hal_gpio.o
 .debug_info    0x00000000000079b3     0x260f ./Drivers/STM32F4xx_HAL_Driver/Src/stm32f4xx_hal_i2c.o
 .debug_info    0x0000000000009fc2      0x98d ./Drivers/STM32F4xx_HAL_Driver/Src/stm32f4xx_hal_rcc.o
 .debug_info    0x000000000000a94f     0x2bb6 ./Drivers/STM32F4xx_HAL_Driver/Src/stm32f4xx_hal_tim.o
 .debug_info    0x000000000000d505     0x15d8 ./Drivers/STM32F4xx_HAL_Driver/Src/stm32f4xx_hal_tim_ex.o
 .debug_info    0x000000000000eadd     0x31b4 ./Drivers/STM32F4xx_HAL_Driver/Src/stm32f4xx_hal_uart.o
 .debug_info    0x0000000000011c91      0xc1e ../Middlewares/Third_Party/ARM_CMSIS/CMSIS/DSP/Lib/GCC\libarm_cortexM4lf_math.a(arm_mat_trans_f32.o)
 .debug_info    0x00000000000128af      0xbf9 ../Middlewares/Third_Party/ARM_CMSIS/CMSIS/DSP/Lib/GCC\libarm_cortexM4lf_math.a(arm_mat_sub_f32.o)
 .debug_info    0x00000000000134a8      0xcb5 ../Middlewares/Third_Party/ARM_CMSIS/CMSIS/DSP/Lib/GCC\libarm_cortexM4lf_math.a(arm_mat_mult_f32.o)
 .debug_info    0x000000000001415d      0xb0c ../Middlewares/Third_Party/ARM_CMSIS/CMSIS/DSP/Lib/GCC\libarm_cortexM4lf_math.a(arm_mat_init_f32.o)
 .debug_info    0x0000000000014c69      0xbf9 ../Middlewares/Third_Party/ARM_CMSIS/CMSIS/DSP/Lib/GCC\libarm_cortexM4lf_math.a(arm_mat_add_f32.o)

.debug_abbrev   0x0000000000000000     0x2979
 .debug_abbrev  0x0000000000000000      0x3ab ./Core/Src/main.o
 .debug_abbrev  0x00000000000003ab      0x247 ./Core/Src/stm32f4xx_hal_msp.o
 .debug_abbrev  0x00000000000005f2      0x1cb ./Core/Src/stm32f4xx_it.o
 .debug_abbrev  0x00000000000007bd      0x116 ./Core/Src/system_stm32f4xx.o
 .debug_abbrev  0x00000000000008d3       0x12 ./Core/Startup/startup_stm32f411retx.o
 .debug_abbrev  0x00000000000008e5      0x23e ./Drivers/STM32F4xx_HAL_Driver/Src/stm32f4xx_hal.o
 .debug_abbrev  0x0000000000000b23      0x316 ./Drivers/STM32F4xx_HAL_Driver/Src/stm32f4xx_hal_cortex.o
 .debug_abbrev  0x0000000000000e39      0x21b ./Drivers/STM32F4xx_HAL_Driver/Src/stm32f4xx_hal_dma.o
 .debug_abbrev  0x0000000000001054      0x1c4 ./Drivers/STM32F4xx_HAL_Driver/Src/stm32f4xx_hal_gpio.o
 .debug_abbrev  0x0000000000001218      0x2a8 ./Drivers/STM32F4xx_HAL_Driver/Src/stm32f4xx_hal_i2c.o
 .debug_abbrev  0x00000000000014c0      0x2aa ./Drivers/STM32F4xx_HAL_Driver/Src/stm32f4xx_hal_rcc.o
 .debug_abbrev  0x000000000000176a      0x26e ./Drivers/STM32F4xx_HAL_Driver/Src/stm32f4xx_hal_tim.o
 .debug_abbrev  0x00000000000019d8      0x276 ./Drivers/STM32F4xx_HAL_Driver/Src/stm32f4xx_hal_tim_ex.o
 .debug_abbrev  0x0000000000001c4e      0x305 ./Drivers/STM32F4xx_HAL_Driver/Src/stm32f4xx_hal_uart.o
 .debug_abbrev  0x0000000000001f53      0x216 ../Middlewares/Third_Party/ARM_CMSIS/CMSIS/DSP/Lib/GCC\libarm_cortexM4lf_math.a(arm_mat_trans_f32.o)
 .debug_abbrev  0x0000000000002169      0x202 ../Middlewares/Third_Party/ARM_CMSIS/CMSIS/DSP/Lib/GCC\libarm_cortexM4lf_math.a(arm_mat_sub_f32.o)
 .debug_abbrev  0x000000000000236b      0x225 ../Middlewares/Third_Party/ARM_CMSIS/CMSIS/DSP/Lib/GCC\libarm_cortexM4lf_math.a(arm_mat_mult_f32.o)
 .debug_abbrev  0x0000000000002590      0x1e7 ../Middlewares/Third_Party/ARM_CMSIS/CMSIS/DSP/Lib/GCC\libarm_cortexM4lf_math.a(arm_mat_init_f32.o)
 .debug_abbrev  0x0000000000002777      0x202 ../Middlewares/Third_Party/ARM_CMSIS/CMSIS/DSP/Lib/GCC\libarm_cortexM4lf_math.a(arm_mat_add_f32.o)

.debug_aranges  0x0000000000000000     0x1078
 .debug_aranges
                0x0000000000000000      0x120 ./Core/Src/main.o
 .debug_aranges
                0x0000000000000120       0x68 ./Core/Src/stm32f4xx_hal_msp.o
 .debug_aranges
                0x0000000000000188       0xb0 ./Core/Src/stm32f4xx_it.o
 .debug_aranges
                0x0000000000000238       0x28 ./Core/Src/system_stm32f4xx.o
 .debug_aranges
                0x0000000000000260       0x28 ./Core/Startup/startup_stm32f411retx.o
 .debug_aranges
                0x0000000000000288       0xf0 ./Drivers/STM32F4xx_HAL_Driver/Src/stm32f4xx_hal.o
 .debug_aranges
                0x0000000000000378      0x118 ./Drivers/STM32F4xx_HAL_Driver/Src/stm32f4xx_hal_cortex.o
 .debug_aranges
                0x0000000000000490       0x90 ./Drivers/STM32F4xx_HAL_Driver/Src/stm32f4xx_hal_dma.o
 .debug_aranges
                0x0000000000000520       0x58 ./Drivers/STM32F4xx_HAL_Driver/Src/stm32f4xx_hal_gpio.o
 .debug_aranges
                0x0000000000000578      0x2a0 ./Drivers/STM32F4xx_HAL_Driver/Src/stm32f4xx_hal_i2c.o
 .debug_aranges
                0x0000000000000818       0x88 ./Drivers/STM32F4xx_HAL_Driver/Src/stm32f4xx_hal_rcc.o
 .debug_aranges
                0x00000000000008a0      0x3d0 ./Drivers/STM32F4xx_HAL_Driver/Src/stm32f4xx_hal_tim.o
 .debug_aranges
                0x0000000000000c70      0x168 ./Drivers/STM32F4xx_HAL_Driver/Src/stm32f4xx_hal_tim_ex.o
 .debug_aranges
                0x0000000000000dd8      0x200 ./Drivers/STM32F4xx_HAL_Driver/Src/stm32f4xx_hal_uart.o
 .debug_aranges
                0x0000000000000fd8       0x20 ../Middlewares/Third_Party/ARM_CMSIS/CMSIS/DSP/Lib/GCC\libarm_cortexM4lf_math.a(arm_mat_trans_f32.o)
 .debug_aranges
                0x0000000000000ff8       0x20 ../Middlewares/Third_Party/ARM_CMSIS/CMSIS/DSP/Lib/GCC\libarm_cortexM4lf_math.a(arm_mat_sub_f32.o)
 .debug_aranges
                0x0000000000001018       0x20 ../Middlewares/Third_Party/ARM_CMSIS/CMSIS/DSP/Lib/GCC\libarm_cortexM4lf_math.a(arm_mat_mult_f32.o)
 .debug_aranges
                0x0000000000001038       0x20 ../Middlewares/Third_Party/ARM_CMSIS/CMSIS/DSP/Lib/GCC\libarm_cortexM4lf_math.a(arm_mat_init_f32.o)
 .debug_aranges