../Core/Src/main.c:343:5:main	24	static
../Core/Src/main.c:515:6:SystemClock_Config	88	static
../Core/Src/main.c:562:13:MX_I2C1_Init	8	static
../Core/Src/main.c:596:13:MX_TIM1_Init	96	static
../Core/Src/main.c:671:13:MX_TIM3_Init	56	static
../Core/Src/main.c:720:13:MX_TIM4_Init	32	static
../Core/Src/main.c:765:13:MX_TIM11_Init	8	static
../Core/Src/main.c:796:13:MX_USART2_UART_Init	8	static
../Core/Src/main.c:827:13:MX_DMA_Init	16	static
../Core/Src/main.c:848:13:MX_GPIO_Init	48	static
../Core/Src/main.c:916:6:RunMotor	16	static
../Core/Src/main.c:924:6:ReadEncoder	8	static
../Core/Src/main.c:947:6:BackwardDifference	4	static
../Core/Src/main.c:954:6:SetHome	24	static
../Core/Src/main.c:996:6:HAL_GPIO_EXTI_Callback	16	static
../Core/Src/main.c:1038:17:micros	12	static
../Core/Src/main.c:1043:6:HAL_TIM_PeriodElapsedCallback	56	static
../Core/Src/main.c:1084:6:setmatrix	8	static
../Core/Src/main.c:1126:6:prediction	272	static
../Core/Src/main.c:1160:6:update	192	static
../Core/Src/main.c:1218:6:kalmanfilter	8	static
../Core/Src/main.c:1228:6:TrajectoryGenerator	40	static
../Core/Src/main.c:1592:6:TrajectoryEvaluation	32	static
../Core/Src/main.c:1651:7:PositionController	16	static
../Core/Src/main.c:1660:7:VelocityController	24	static
../Core/Src/main.c:1681:7:Cascade	24	static
../Core/Src/main.c:1755:7:negative	16	static
../Core/Src/main.c:1763:7:positive	16	static
../Core/Src/main.c:1771:7:limit	16	static
../Core/Src/main.c:1776:6:UART	24	static
../Core/Src/main.c:2232:6:OpenEndEffector	16	static
../Core/Src/main.c:2284:6:CheckEndEffector	16	static
../Core/Src/main.c:2294:7:TransferFunction	32	static
../Core/Src/main.c:2304:7:LowpassFilter	24	static
../Core/Src/main.c:2314:7:LowpassFilter2	24	static
../Core/Src/main.c:2330:6:Error_Handler	4	static,ignoring_inline_asm
