../Core/Src/main.c:286:5:main	32	static
../Core/Src/main.c:523:6:SystemClock_Config	88	static
../Core/Src/main.c:570:13:MX_I2C1_Init	8	static
../Core/Src/main.c:604:13:MX_TIM1_Init	96	static
../Core/Src/main.c:679:13:MX_TIM3_Init	56	static
../Core/Src/main.c:728:13:MX_TIM4_Init	32	static
../Core/Src/main.c:773:13:MX_TIM11_Init	8	static
../Core/Src/main.c:804:13:MX_USART2_UART_Init	8	static
../Core/Src/main.c:835:13:MX_DMA_Init	16	static
../Core/Src/main.c:856:13:MX_GPIO_Init	48	static
../Core/Src/main.c:921:6:RunMotor	16	static
../Core/Src/main.c:944:6:Unwrap	8	static
../Core/Src/main.c:968:6:BackwardDifference	4	static
../Core/Src/main.c:973:6:SetHome	16	static
../Core/Src/main.c:984:6:HAL_GPIO_EXTI_Callback	16	static
../Core/Src/main.c:1011:17:micros	12	static
../Core/Src/main.c:1016:6:HAL_TIM_PeriodElapsedCallback	40	static
../Core/Src/main.c:1037:6:setmatrix	8	static
../Core/Src/main.c:1079:6:prediction	272	static
../Core/Src/main.c:1113:6:update	192	static
../Core/Src/main.c:1171:6:kalmanfilter	8	static
../Core/Src/main.c:1181:6:TrajectoryGenerator	32	static
../Core/Src/main.c:1314:6:TrajectoryEvaluation	32	static
../Core/Src/main.c:1403:7:PositionController	16	static
../Core/Src/main.c:1412:7:VelocityController	24	static
../Core/Src/main.c:1424:7:Cascade	32	static
../Core/Src/main.c:1450:6:genvolt	8	static
../Core/Src/main.c:1523:6:UART	120	static
../Core/Src/main.c:1820:6:OpenEndEffector	16	static
../Core/Src/main.c:1872:6:CheckEndEffector	16	static
../Core/Src/main.c:1887:6:Error_Handler	4	static,ignoring_inline_asm
