../Core/Src/main.c:290:5:main	24	static
../Core/Src/main.c:530:6:SystemClock_Config	88	static
../Core/Src/main.c:577:13:MX_I2C1_Init	8	static
../Core/Src/main.c:611:13:MX_TIM1_Init	96	static
../Core/Src/main.c:686:13:MX_TIM3_Init	56	static
../Core/Src/main.c:735:13:MX_TIM4_Init	32	static
../Core/Src/main.c:780:13:MX_TIM11_Init	8	static
../Core/Src/main.c:811:13:MX_USART2_UART_Init	8	static
../Core/Src/main.c:842:13:MX_DMA_Init	16	static
../Core/Src/main.c:863:13:MX_GPIO_Init	48	static
../Core/Src/main.c:928:6:RunMotor	16	static
../Core/Src/main.c:963:6:Unwrap	8	static
../Core/Src/main.c:988:6:BackwardDifference	4	static
../Core/Src/main.c:993:6:SetHome	8	static
../Core/Src/main.c:1004:6:HAL_GPIO_EXTI_Callback	16	static
../Core/Src/main.c:1031:17:micros	12	static
../Core/Src/main.c:1036:6:HAL_TIM_PeriodElapsedCallback	40	static
../Core/Src/main.c:1059:6:setmatrix	8	static
../Core/Src/main.c:1101:6:prediction	272	static
../Core/Src/main.c:1135:6:update	192	static
../Core/Src/main.c:1193:6:kalmanfilter	8	static
../Core/Src/main.c:1203:6:TrajectoryGenerator	32	static
../Core/Src/main.c:1356:6:TrajectoryEvaluation	32	static
../Core/Src/main.c:1401:7:PositionController	16	static
../Core/Src/main.c:1410:7:VelocityController	32	static
../Core/Src/main.c:1429:7:Cascade	24	static
../Core/Src/main.c:1443:7:negative	16	static
../Core/Src/main.c:1451:7:positive	16	static
../Core/Src/main.c:1459:7:limit	24	static
../Core/Src/main.c:1471:6:genvolt	8	static
../Core/Src/main.c:1544:6:UART	120	static
../Core/Src/main.c:1840:6:OpenEndEffector	16	static
../Core/Src/main.c:1892:6:CheckEndEffector	16	static
../Core/Src/main.c:1907:6:Error_Handler	4	static,ignoring_inline_asm
