../Core/Src/main.c:231:5:main	16	static
../Core/Src/main.c:362:6:SystemClock_Config	88	static
../Core/Src/main.c:409:13:MX_I2C1_Init	8	static
../Core/Src/main.c:443:13:MX_TIM1_Init	96	static
../Core/Src/main.c:518:13:MX_TIM3_Init	56	static
../Core/Src/main.c:567:13:MX_TIM4_Init	32	static
../Core/Src/main.c:612:13:MX_USART2_UART_Init	8	static
../Core/Src/main.c:645:13:MX_GPIO_Init	48	static
../Core/Src/main.c:710:6:RunMotor	16	static
../Core/Src/main.c:733:6:Unwrap	8	static
../Core/Src/main.c:757:6:BackwardDifference	4	static
../Core/Src/main.c:762:6:SetHome	16	static
../Core/Src/main.c:773:6:HAL_GPIO_EXTI_Callback	16	static
../Core/Src/main.c:798:6:HAL_TIM_PeriodElapsedCallback	32	static
../Core/Src/main.c:815:6:setmatrix	8	static
../Core/Src/main.c:857:6:prediction	272	static
../Core/Src/main.c:891:6:update	192	static
../Core/Src/main.c:949:6:kalmanfilter	8	static
../Core/Src/main.c:959:6:TrajectoryGenerator	32	static
../Core/Src/main.c:1069:6:TrajectoryEvaluation	40	static
../Core/Src/main.c:1140:7:PositionController	16	static
../Core/Src/main.c:1149:7:VelocityController	24	static
../Core/Src/main.c:1161:7:Cascade	32	static
../Core/Src/main.c:1183:6:genvolt	8	static
../Core/Src/main.c:1262:6:Error_Handler	4	static,ignoring_inline_asm
