../Core/Src/main.c:318:5:main	24	static
../Core/Src/main.c:481:6:SystemClock_Config	88	static
../Core/Src/main.c:528:13:MX_I2C1_Init	8	static
../Core/Src/main.c:562:13:MX_TIM1_Init	96	static
../Core/Src/main.c:637:13:MX_TIM3_Init	56	static
../Core/Src/main.c:686:13:MX_TIM4_Init	32	static
../Core/Src/main.c:731:13:MX_TIM11_Init	8	static
../Core/Src/main.c:762:13:MX_USART2_UART_Init	8	static
../Core/Src/main.c:793:13:MX_DMA_Init	16	static
../Core/Src/main.c:814:13:MX_GPIO_Init	48	static
../Core/Src/main.c:882:6:RunMotor	16	static
../Core/Src/main.c:890:6:ReadEncoder	8	static
../Core/Src/main.c:913:6:BackwardDifference	4	static
../Core/Src/main.c:920:6:SetHome	8	static
../Core/Src/main.c:944:6:HAL_GPIO_EXTI_Callback	16	static
../Core/Src/main.c:985:17:micros	12	static
../Core/Src/main.c:990:6:HAL_TIM_PeriodElapsedCallback	48	static
../Core/Src/main.c:1026:6:setmatrix	8	static
../Core/Src/main.c:1068:6:prediction	272	static
../Core/Src/main.c:1102:6:update	192	static
../Core/Src/main.c:1160:6:kalmanfilter	8	static
../Core/Src/main.c:1170:6:TrajectoryGenerator	40	static
../Core/Src/main.c:1401:6:TrajectoryEvaluation	32	static
../Core/Src/main.c:1462:7:PositionController	16	static
../Core/Src/main.c:1471:7:VelocityController	24	static
../Core/Src/main.c:1492:7:Cascade	24	static
../Core/Src/main.c:1535:7:negative	16	static
../Core/Src/main.c:1543:7:positive	16	static
../Core/Src/main.c:1551:7:limit	16	static
../Core/Src/main.c:1556:6:UART	24	static
../Core/Src/main.c:1988:6:OpenEndEffector	16	static
../Core/Src/main.c:2040:6:CheckEndEffector	16	static
../Core/Src/main.c:2050:7:TransferFunction	32	static
../Core/Src/main.c:2060:7:LowpassFilter	24	static
../Core/Src/main.c:2076:6:Error_Handler	4	static,ignoring_inline_asm
