../Core/Src/main.c:286:5:main	24	static
../Core/Src/main.c:541:6:SystemClock_Config	88	static
../Core/Src/main.c:588:13:MX_I2C1_Init	8	static
../Core/Src/main.c:622:13:MX_TIM1_Init	96	static
../Core/Src/main.c:697:13:MX_TIM3_Init	56	static
../Core/Src/main.c:746:13:MX_TIM4_Init	32	static
../Core/Src/main.c:791:13:MX_TIM11_Init	8	static
../Core/Src/main.c:822:13:MX_USART2_UART_Init	8	static
../Core/Src/main.c:853:13:MX_DMA_Init	16	static
../Core/Src/main.c:874:13:MX_GPIO_Init	48	static
../Core/Src/main.c:942:6:RunMotor	16	static
../Core/Src/main.c:950:6:ReadEncoder	8	static
../Core/Src/main.c:956:6:BackwardDifference	4	static
../Core/Src/main.c:961:6:SetHome	8	static
../Core/Src/main.c:985:6:HAL_GPIO_EXTI_Callback	16	static
../Core/Src/main.c:1021:17:micros	12	static
../Core/Src/main.c:1026:6:HAL_TIM_PeriodElapsedCallback	40	static
../Core/Src/main.c:1054:6:setmatrix	8	static
../Core/Src/main.c:1096:6:prediction	272	static
../Core/Src/main.c:1130:6:update	192	static
../Core/Src/main.c:1188:6:kalmanfilter	8	static
../Core/Src/main.c:1198:6:TrajectoryGenerator	32	static
../Core/Src/main.c:1352:6:TrajectoryEvaluation	32	static
../Core/Src/main.c:1402:7:PositionController	16	static
../Core/Src/main.c:1411:7:VelocityController	24	static
../Core/Src/main.c:1432:7:Cascade	32	static
../Core/Src/main.c:1458:7:negative	16	static
../Core/Src/main.c:1466:7:positive	16	static
../Core/Src/main.c:1474:7:limit	24	static
../Core/Src/main.c:1480:6:UART	120	static
../Core/Src/main.c:1758:6:OpenEndEffector	16	static
../Core/Src/main.c:1810:6:CheckEndEffector	16	static
../Core/Src/main.c:1825:6:Error_Handler	4	static,ignoring_inline_asm
