../Core/Src/main.c:286:5:main	24	static
../Core/Src/main.c:539:6:SystemClock_Config	88	static
../Core/Src/main.c:586:13:MX_I2C1_Init	8	static
../Core/Src/main.c:620:13:MX_TIM1_Init	96	static
../Core/Src/main.c:695:13:MX_TIM3_Init	56	static
../Core/Src/main.c:744:13:MX_TIM4_Init	32	static
../Core/Src/main.c:789:13:MX_TIM11_Init	8	static
../Core/Src/main.c:820:13:MX_USART2_UART_Init	8	static
../Core/Src/main.c:851:13:MX_DMA_Init	16	static
../Core/Src/main.c:872:13:MX_GPIO_Init	48	static
../Core/Src/main.c:937:6:RunMotor	16	static
../Core/Src/main.c:946:6:ReadEncoder	8	static
../Core/Src/main.c:952:6:BackwardDifference	4	static
../Core/Src/main.c:957:6:SetHome	8	static
../Core/Src/main.c:968:6:HAL_GPIO_EXTI_Callback	16	static
../Core/Src/main.c:998:17:micros	12	static
../Core/Src/main.c:1003:6:HAL_TIM_PeriodElapsedCallback	40	static
../Core/Src/main.c:1032:6:setmatrix	8	static
../Core/Src/main.c:1074:6:prediction	272	static
../Core/Src/main.c:1108:6:update	192	static
../Core/Src/main.c:1166:6:kalmanfilter	8	static
../Core/Src/main.c:1176:6:TrajectoryGenerator	32	static
../Core/Src/main.c:1329:6:TrajectoryEvaluation	32	static
../Core/Src/main.c:1375:7:PositionController	16	static
../Core/Src/main.c:1384:7:VelocityController	32	static
../Core/Src/main.c:1403:7:Cascade	24	static
../Core/Src/main.c:1427:7:negative	16	static
../Core/Src/main.c:1435:7:positive	16	static
../Core/Src/main.c:1443:7:limit	24	static
../Core/Src/main.c:1449:6:UART	120	static
../Core/Src/main.c:1727:6:OpenEndEffector	16	static
../Core/Src/main.c:1779:6:CheckEndEffector	16	static
../Core/Src/main.c:1794:6:Error_Handler	4	static,ignoring_inline_asm
