../Core/Src/main.c:318:5:main	24	static
../Core/Src/main.c:578:6:SystemClock_Config	88	static
../Core/Src/main.c:625:13:MX_I2C1_Init	8	static
../Core/Src/main.c:659:13:MX_TIM1_Init	96	static
../Core/Src/main.c:734:13:MX_TIM3_Init	56	static
../Core/Src/main.c:783:13:MX_TIM4_Init	32	static
../Core/Src/main.c:828:13:MX_TIM11_Init	8	static
../Core/Src/main.c:859:13:MX_USART2_UART_Init	8	static
../Core/Src/main.c:890:13:MX_DMA_Init	16	static
../Core/Src/main.c:911:13:MX_GPIO_Init	48	static
../Core/Src/main.c:979:6:RunMotor	16	static
../Core/Src/main.c:987:6:ReadEncoder	8	static
../Core/Src/main.c:1010:6:BackwardDifference	4	static
../Core/Src/main.c:1017:6:SetHome	8	static
../Core/Src/main.c:1041:6:HAL_GPIO_EXTI_Callback	16	static
../Core/Src/main.c:1082:17:micros	12	static
../Core/Src/main.c:1087:6:HAL_TIM_PeriodElapsedCallback	48	static
../Core/Src/main.c:1124:6:setmatrix	8	static
../Core/Src/main.c:1166:6:prediction	272	static
../Core/Src/main.c:1200:6:update	192	static
../Core/Src/main.c:1258:6:kalmanfilter	8	static
../Core/Src/main.c:1268:6:TrajectoryGenerator	40	static
../Core/Src/main.c:1493:6:TrajectoryEvaluation	32	static
../Core/Src/main.c:1554:7:PositionController	16	static
../Core/Src/main.c:1563:7:VelocityController	24	static
../Core/Src/main.c:1584:7:Cascade	24	static
../Core/Src/main.c:1624:7:negative	16	static
../Core/Src/main.c:1632:7:positive	16	static
../Core/Src/main.c:1640:7:limit	16	static
../Core/Src/main.c:1645:6:UART	168	static
../Core/Src/main.c:1954:6:OpenEndEffector	16	static
../Core/Src/main.c:2006:6:CheckEndEffector	16	static
../Core/Src/main.c:2016:7:TransferFunction	32	static
../Core/Src/main.c:2044:6:Error_Handler	4	static,ignoring_inline_asm
