../Core/Src/main.c:227:5:main	16	static
../Core/Src/main.c:358:6:SystemClock_Config	88	static
../Core/Src/main.c:405:13:MX_I2C1_Init	8	static
../Core/Src/main.c:439:13:MX_TIM1_Init	96	static
../Core/Src/main.c:514:13:MX_TIM3_Init	56	static
../Core/Src/main.c:563:13:MX_TIM4_Init	32	static
../Core/Src/main.c:608:13:MX_USART2_UART_Init	8	static
../Core/Src/main.c:641:13:MX_GPIO_Init	48	static
../Core/Src/main.c:706:6:RunMotor	16	static
../Core/Src/main.c:729:6:Unwrap	8	static
../Core/Src/main.c:753:6:BackwardDifference	4	static
../Core/Src/main.c:758:6:SetHome	16	static
../Core/Src/main.c:769:6:HAL_GPIO_EXTI_Callback	16	static
../Core/Src/main.c:794:6:HAL_TIM_PeriodElapsedCallback	32	static
../Core/Src/main.c:811:6:setmatrix	8	static
../Core/Src/main.c:853:6:prediction	272	static
../Core/Src/main.c:887:6:update	192	static
../Core/Src/main.c:945:6:kalmanfilter	8	static
../Core/Src/main.c:955:6:TrajectoryGenerator	32	static
../Core/Src/main.c:1041:6:TrajectoryEvaluation	24	static
../Core/Src/main.c:1089:7:PositionController	16	static
../Core/Src/main.c:1098:7:VelocityController	24	static
../Core/Src/main.c:1110:7:Cascade	32	static
../Core/Src/main.c:1132:6:genvolt	8	static
../Core/Src/main.c:1211:6:Error_Handler	4	static,ignoring_inline_asm
