../Core/Src/main.c:286:5:main	24	static
../Core/Src/main.c:541:6:SystemClock_Config	88	static
../Core/Src/main.c:588:13:MX_I2C1_Init	8	static
../Core/Src/main.c:622:13:MX_TIM1_Init	96	static
../Core/Src/main.c:697:13:MX_TIM3_Init	56	static
../Core/Src/main.c:746:13:MX_TIM4_Init	32	static
../Core/Src/main.c:791:13:MX_TIM11_Init	8	static
../Core/Src/main.c:822:13:MX_USART2_UART_Init	8	static
../Core/Src/main.c:853:13:MX_DMA_Init	16	static
../Core/Src/main.c:874:13:MX_GPIO_Init	48	static
../Core/Src/main.c:939:6:RunMotor	16	static
../Core/Src/main.c:947:6:ReadEncoder	8	static
../Core/Src/main.c:953:6:BackwardDifference	4	static
../Core/Src/main.c:958:6:SetHome	8	static
../Core/Src/main.c:969:6:HAL_GPIO_EXTI_Callback	16	static
../Core/Src/main.c:1000:17:micros	12	static
../Core/Src/main.c:1005:6:HAL_TIM_PeriodElapsedCallback	40	static
../Core/Src/main.c:1042:6:setmatrix	8	static
../Core/Src/main.c:1084:6:prediction	272	static
../Core/Src/main.c:1118:6:update	192	static
../Core/Src/main.c:1176:6:kalmanfilter	8	static
../Core/Src/main.c:1186:6:TrajectoryGenerator	32	static
../Core/Src/main.c:1340:6:TrajectoryEvaluation	32	static
../Core/Src/main.c:1389:7:PositionController	16	static
../Core/Src/main.c:1398:7:VelocityController	24	static
../Core/Src/main.c:1419:7:Cascade	32	static
../Core/Src/main.c:1443:7:negative	16	static
../Core/Src/main.c:1451:7:positive	16	static
../Core/Src/main.c:1459:7:limit	24	static
../Core/Src/main.c:1465:6:UART	120	static
../Core/Src/main.c:1743:6:OpenEndEffector	16	static
../Core/Src/main.c:1795:6:CheckEndEffector	16	static
../Core/Src/main.c:1810:6:Error_Handler	4	static,ignoring_inline_asm
