../Core/Src/main.c:313:5:main	24	static
../Core/Src/main.c:573:6:SystemClock_Config	88	static
../Core/Src/main.c:620:13:MX_I2C1_Init	8	static
../Core/Src/main.c:654:13:MX_TIM1_Init	96	static
../Core/Src/main.c:729:13:MX_TIM3_Init	56	static
../Core/Src/main.c:778:13:MX_TIM4_Init	32	static
../Core/Src/main.c:823:13:MX_TIM11_Init	8	static
../Core/Src/main.c:854:13:MX_USART2_UART_Init	8	static
../Core/Src/main.c:885:13:MX_DMA_Init	16	static
../Core/Src/main.c:906:13:MX_GPIO_Init	48	static
../Core/Src/main.c:974:6:RunMotor	16	static
../Core/Src/main.c:982:6:ReadEncoder	8	static
../Core/Src/main.c:1008:6:BackwardDifference	4	static
../Core/Src/main.c:1013:6:SetHome	8	static
../Core/Src/main.c:1037:6:HAL_GPIO_EXTI_Callback	16	static
../Core/Src/main.c:1079:17:micros	12	static
../Core/Src/main.c:1084:6:HAL_TIM_PeriodElapsedCallback	40	static
../Core/Src/main.c:1116:6:setmatrix	8	static
../Core/Src/main.c:1158:6:prediction	272	static
../Core/Src/main.c:1192:6:update	192	static
../Core/Src/main.c:1250:6:kalmanfilter	8	static
../Core/Src/main.c:1260:6:TrajectoryGenerator	40	static
../Core/Src/main.c:1445:6:TrajectoryEvaluation	32	static
../Core/Src/main.c:1505:7:PositionController	16	static
../Core/Src/main.c:1514:7:VelocityController	24	static
../Core/Src/main.c:1535:7:Cascade	24	static
../Core/Src/main.c:1567:7:negative	16	static
../Core/Src/main.c:1575:7:positive	16	static
../Core/Src/main.c:1583:7:limit	24	static
../Core/Src/main.c:1589:6:UART	168	static
../Core/Src/main.c:1867:6:OpenEndEffector	16	static
../Core/Src/main.c:1919:6:CheckEndEffector	16	static
../Core/Src/main.c:1929:7:TransferFunction	32	static
../Core/Src/main.c:1945:6:Error_Handler	4	static,ignoring_inline_asm
